<html>
<body>
<pre>
<h1>µVision Build Log</h1>
<h2>Tool Versions:</h2>
IDE-Version: ¦ÌVision V5.38.0.0
Copyright (C) 2022 ARM Ltd and ARM Germany GmbH. All rights reserved.
License Information: 23354 2293721550@qq.com, 34, LIC=SDA0P-MGNPU-01QP1-C3RVV-29WMK-7AGBG
 
Tool Versions:
Toolchain:       MDK-ARM Plus  Version: 5.38.0.0
Toolchain Path:  D:\program\keil_5\ARM\ARMCLANG\Bin
C Compiler:      ArmClang.exe V6.19
Assembler:       Armasm.exe V6.19
Linker/Locator:  ArmLink.exe V6.19
Library Manager: ArmAr.exe V6.19
Hex Converter:   FromElf.exe V6.19
CPU DLL:         SARMCM3.DLL V5.38.0.0
Dialog DLL:      DCM.DLL V1.17.5.0
Target DLL:      CMSIS_AGDI.dll V1.33.15.0
Dialog DLL:      TCM.DLL V1.56.4.0
 
<h2>Project:</h2>
D:\DATA\STM32\CubeMX\WuYi_xiaosai\MDK-ARM\DaChuang.uvprojx
Project File Date:  04/30/2024

<h2>Output:</h2>
*** Using Compiler 'V6.19', folder: 'D:\program\keil_5\ARM\ARMCLANG\Bin'
Build target 'DaChuang'
compiling usart.c...
compiling stm32h7xx_it.c...
compiling main.c...
assembling startup_stm32h750xx.s...
compiling car_run.c...
linking...
Program Size: Code=55360 RO-data=1312 RW-data=16 ZI-data=3352  
FromELF: creating hex file...
"DaChuang\DaChuang.axf" - 0 Error(s), 0 Warning(s).

<h2>Software Packages used:</h2>

Package Vendor: ARM
                http://www.keil.com/pack/ARM.CMSIS.5.9.0.pack
                ARM.CMSIS.5.9.0
                CMSIS (Common Microcontroller Software Interface Standard)
   * Component: CORE Version: 5.6.0

Package Vendor: Keil
                https://www.keil.com/pack/Keil.STM32H7xx_DFP.3.1.1.pack
                Keil.STM32H7xx_DFP.3.1.1
                STMicroelectronics STM32H7 Series Device Support and Examples

<h2>Collection of Component include folders:</h2>
  ./RTE/_DaChuang
  D:/program/keil_5/pack/ARM/CMSIS/5.9.0/CMSIS/Core/Include
  D:/program/keil_5/pack/Keil/STM32H7xx_DFP/3.1.1/Drivers/CMSIS/Device/ST/STM32H7xx/Include

<h2>Collection of Component Files used:</h2>

   * Component: ARM::CMSIS:CORE:5.6.0
      Include file:  CMSIS/Core/Include/tz_context.h
Build Time Elapsed:  00:00:01
</pre>
</body>
</html>
