Component: Arm Compiler for Embedded 6.19 Tool: armlink [5e73cb00]

==============================================================================

Section Cross References

    startup_stm32h750xx.o(STACK) refers (Special) to heapauxi.o(.text) for __use_two_region_memory
    startup_stm32h750xx.o(HEAP) refers (Special) to heapauxi.o(.text) for __use_two_region_memory
    startup_stm32h750xx.o(RESET) refers (Special) to heapauxi.o(.text) for __use_two_region_memory
    startup_stm32h750xx.o(RESET) refers to startup_stm32h750xx.o(STACK) for __initial_sp
    startup_stm32h750xx.o(RESET) refers to startup_stm32h750xx.o(.text) for Reset_Handler
    startup_stm32h750xx.o(RESET) refers to stm32h7xx_it.o(.text.NMI_Handler) for NMI_Handler
    startup_stm32h750xx.o(RESET) refers to stm32h7xx_it.o(.text.HardFault_Handler) for HardFault_Handler
    startup_stm32h750xx.o(RESET) refers to stm32h7xx_it.o(.text.MemManage_Handler) for MemManage_Handler
    startup_stm32h750xx.o(RESET) refers to stm32h7xx_it.o(.text.BusFault_Handler) for BusFault_Handler
    startup_stm32h750xx.o(RESET) refers to stm32h7xx_it.o(.text.UsageFault_Handler) for UsageFault_Handler
    startup_stm32h750xx.o(RESET) refers to stm32h7xx_it.o(.text.SVC_Handler) for SVC_Handler
    startup_stm32h750xx.o(RESET) refers to stm32h7xx_it.o(.text.DebugMon_Handler) for DebugMon_Handler
    startup_stm32h750xx.o(RESET) refers to stm32h7xx_it.o(.text.PendSV_Handler) for PendSV_Handler
    startup_stm32h750xx.o(RESET) refers to stm32h7xx_it.o(.text.SysTick_Handler) for SysTick_Handler
    startup_stm32h750xx.o(RESET) refers to stm32h7xx_it.o(.text.TIM5_IRQHandler) for TIM5_IRQHandler
    startup_stm32h750xx.o(.text) refers (Special) to heapauxi.o(.text) for __use_two_region_memory
    startup_stm32h750xx.o(.text) refers to system_stm32h7xx.o(.text.SystemInit) for SystemInit
    startup_stm32h750xx.o(.text) refers to __main.o(!!!main) for __main
    startup_stm32h750xx.o(.text) refers to startup_stm32h750xx.o(HEAP) for Heap_Mem
    startup_stm32h750xx.o(.text) refers to startup_stm32h750xx.o(STACK) for Stack_Mem
    main.o(.text.I2C_scan) refers to main.o(.rodata.str1.1) for .L.str
    main.o(.text.I2C_scan) refers to printto.o(.text.printTo) for printTo
    main.o(.text.I2C_scan) refers to i2c.o(.bss.hi2c1) for hi2c1
    main.o(.text.I2C_scan) refers to stm32h7xx_hal_i2c.o(.text.HAL_I2C_Mem_Read) for HAL_I2C_Mem_Read
    main.o(.ARM.exidx.text.I2C_scan) refers to main.o(.text.I2C_scan) for [Anonymous Symbol]
    main.o(.text.HAL_TIM_PeriodElapsedCallback) refers to motor_control.o(.text.motor_driver) for motor_driver
    main.o(.ARM.exidx.text.HAL_TIM_PeriodElapsedCallback) refers to main.o(.text.HAL_TIM_PeriodElapsedCallback) for [Anonymous Symbol]
    main.o(.text.main) refers to stm32h7xx_hal.o(.text.HAL_Init) for HAL_Init
    main.o(.text.main) refers to main.o(.text.SystemClock_Config) for SystemClock_Config
    main.o(.text.main) refers to gpio.o(.text.MX_GPIO_Init) for MX_GPIO_Init
    main.o(.text.main) refers to tim.o(.text.MX_TIM1_Init) for MX_TIM1_Init
    main.o(.text.main) refers to tim.o(.text.MX_TIM2_Init) for MX_TIM2_Init
    main.o(.text.main) refers to tim.o(.text.MX_TIM3_Init) for MX_TIM3_Init
    main.o(.text.main) refers to tim.o(.text.MX_TIM4_Init) for MX_TIM4_Init
    main.o(.text.main) refers to usart.o(.text.MX_USART1_UART_Init) for MX_USART1_UART_Init
    main.o(.text.main) refers to usart.o(.text.MX_USART2_UART_Init) for MX_USART2_UART_Init
    main.o(.text.main) refers to i2c.o(.text.MX_I2C1_Init) for MX_I2C1_Init
    main.o(.text.main) refers to usart.o(.text.MX_UART4_Init) for MX_UART4_Init
    main.o(.text.main) refers to usart.o(.text.MX_USART3_UART_Init) for MX_USART3_UART_Init
    main.o(.text.main) refers to tim.o(.text.MX_TIM5_Init) for MX_TIM5_Init
    main.o(.text.main) refers to motor.o(.text.motor_init) for motor_init
    main.o(.text.main) refers to tim.o(.bss.htim5) for htim5
    main.o(.text.main) refers to stm32h7xx_hal_tim.o(.text.HAL_TIM_Base_Start_IT) for HAL_TIM_Base_Start_IT
    main.o(.text.main) refers to buzzer.o(.text.buzzer_ring) for buzzer_ring
    main.o(.text.main) refers to turn.o(.text.start_turn) for start_turn
    main.o(.text.main) refers to gw_findline.o(.text.gw_gray_get_line_digital_is_black) for gw_gray_get_line_digital_is_black
    main.o(.text.main) refers to stm32h7xx_hal.o(.text.HAL_Delay) for HAL_Delay
    main.o(.ARM.exidx.text.main) refers to main.o(.text.main) for [Anonymous Symbol]
    main.o(.text.SystemClock_Config) refers to rt_memclr_w.o(.text) for __aeabi_memclr4
    main.o(.text.SystemClock_Config) refers to stm32h7xx_hal_pwr_ex.o(.text.HAL_PWREx_ConfigSupply) for HAL_PWREx_ConfigSupply
    main.o(.text.SystemClock_Config) refers to stm32h7xx_hal_rcc.o(.text.HAL_RCC_OscConfig) for HAL_RCC_OscConfig
    main.o(.text.SystemClock_Config) refers to main.o(.text.Error_Handler) for Error_Handler
[...]
    EXTI3_IRQHandler                         0x08000407   Thumb Code     0  startup_stm32h750xx.o(.text)
    EXTI4_IRQHandler                         0x08000407   Thumb Code     0  startup_stm32h750xx.o(.text)
    EXTI9_5_IRQHandler                       0x08000407   Thumb Code     0  startup_stm32h750xx.o(.text)
    FDCAN1_IT0_IRQHandler                    0x08000407   Thumb Code     0  startup_stm32h750xx.o(.text)
    FDCAN1_IT1_IRQHandler                    0x08000407   Thumb Code     0  startup_stm32h750xx.o(.text)
    FDCAN2_IT0_IRQHandler                    0x08000407   Thumb Code     0  startup_stm32h750xx.o(.text)
    FDCAN2_IT1_IRQHandler                    0x08000407   Thumb Code     0  startup_stm32h750xx.o(.text)
    FDCAN_CAL_IRQHandler                     0x08000407   Thumb Code     0  startup_stm32h750xx.o(.text)
    FLASH_IRQHandler                         0x08000407   Thumb Code     0  startup_stm32h750xx.o(.text)
    FMC_IRQHandler                           0x08000407   Thumb Code     0  startup_stm32h750xx.o(.text)
    FPU_IRQHandler                           0x08000407   Thumb Code     0  startup_stm32h750xx.o(.text)
    HASH_RNG_IRQHandler                      0x08000407   Thumb Code     0  startup_stm32h750xx.o(.text)
    HRTIM1_FLT_IRQHandler                    0x08000407   Thumb Code     0  startup_stm32h750xx.o(.text)
    HRTIM1_Master_IRQHandler                 0x08000407   Thumb Code     0  startup_stm32h750xx.o(.text)
    HRTIM1_TIMA_IRQHandler                   0x08000407   Thumb Code     0  startup_stm32h750xx.o(.text)
    HRTIM1_TIMB_IRQHandler                   0x08000407   Thumb Code     0  startup_stm32h750xx.o(.text)
    HRTIM1_TIMC_IRQHandler                   0x08000407   Thumb Code     0  startup_stm32h750xx.o(.text)
    HRTIM1_TIMD_IRQHandler                   0x08000407   Thumb Code     0  startup_stm32h750xx.o(.text)
    HRTIM1_TIME_IRQHandler                   0x08000407   Thumb Code     0  startup_stm32h750xx.o(.text)
    HSEM1_IRQHandler                         0x08000407   Thumb Code     0  startup_stm32h750xx.o(.text)
    I2C1_ER_IRQHandler                       0x08000407   Thumb Code     0  startup_stm32h750xx.o(.text)
    I2C1_EV_IRQHandler                       0x08000407   Thumb Code     0  startup_stm32h750xx.o(.text)
    I2C2_ER_IRQHandler                       0x08000407   Thumb Code     0  startup_stm32h750xx.o(.text)
    I2C2_EV_IRQHandler                       0x08000407   Thumb Code     0  startup_stm32h750xx.o(.text)
    I2C3_ER_IRQHandler                       0x08000407   Thumb Code     0  startup_stm32h750xx.o(.text)
    I2C3_EV_IRQHandler                       0x08000407   Thumb Code     0  startup_stm32h750xx.o(.text)
    I2C4_ER_IRQHandler                       0x08000407   Thumb Code     0  startup_stm32h750xx.o(.text)
    I2C4_EV_IRQHandler                       0x08000407   Thumb Code     0  startup_stm32h750xx.o(.text)
    JPEG_IRQHandler                          0x08000407   Thumb Code     0  startup_stm32h750xx.o(.text)
    LPTIM1_IRQHandler                        0x08000407   Thumb Code     0  startup_stm32h750xx.o(.text)
    LPTIM2_IRQHandler                        0x08000407   Thumb Code     0  startup_stm32h750xx.o(.text)
    LPTIM3_IRQHandler                        0x08000407   Thumb Code     0  startup_stm32h750xx.o(.text)
    LPTIM4_IRQHandler                        0x08000407   Thumb Code     0  startup_stm32h750xx.o(.text)
    LPTIM5_IRQHandler                        0x08000407   Thumb Code     0  startup_stm32h750xx.o(.text)
    LPUART1_IRQHandler                       0x08000407   Thumb Code     0  startup_stm32h750xx.o(.text)
    LTDC_ER_IRQHandler                       0x08000407   Thumb Code     0  startup_stm32h750xx.o(.text)
    LTDC_IRQHandler                          0x08000407   Thumb Code     0  startup_stm32h750xx.o(.text)
    MDIOS_IRQHandler                         0x08000407   Thumb Code     0  startup_stm32h750xx.o(.text)
    MDIOS_WKUP_IRQHandler                    0x08000407   Thumb Code     0  startup_stm32h750xx.o(.text)
    MDMA_IRQHandler                          0x08000407   Thumb Code     0  startup_stm32h750xx.o(.text)
    OTG_FS_EP1_IN_IRQHandler                 0x08000407   Thumb Code     0  startup_stm32h750xx.o(.text)
    OTG_FS_EP1_OUT_IRQHandler                0x08000407   Thumb Code     0  startup_stm32h750xx.o(.text)
    OTG_FS_IRQHandler                        0x08000407   Thumb Code     0  startup_stm32h750xx.o(.text)
    OTG_FS_WKUP_IRQHandler                   0x08000407   Thumb Code     0  startup_stm32h750xx.o(.text)
    OTG_HS_EP1_IN_IRQHandler                 0x08000407   Thumb Code     0  startup_stm32h750xx.o(.text)
    OTG_HS_EP1_OUT_IRQHandler                0x08000407   Thumb Code     0  startup_stm32h750xx.o(.text)
    OTG_HS_IRQHandler                        0x08000407   Thumb Code     0  startup_stm32h750xx.o(.text)
    OTG_HS_WKUP_IRQHandler                   0x08000407   Thumb Code     0  startup_stm32h750xx.o(.text)
    PVD_AVD_IRQHandler                       0x08000407   Thumb Code     0  startup_stm32h750xx.o(.text)
    QUADSPI_IRQHandler                       0x08000407   Thumb Code     0  startup_stm32h750xx.o(.text)
    RCC_IRQHandler                           0x08000407   Thumb Code     0  startup_stm32h750xx.o(.text)
    RTC_Alarm_IRQHandler                     0x08000407   Thumb Code     0  startup_stm32h750xx.o(.text)
    RTC_WKUP_IRQHandler                      0x08000407   Thumb Code     0  startup_stm32h750xx.o(.text)
    SAI1_IRQHandler                          0x08000407   Thumb Code     0  startup_stm32h750xx.o(.text)
    SAI2_IRQHandler                          0x08000407   Thumb Code     0  startup_stm32h750xx.o(.text)
    SAI3_IRQHandler                          0x08000407   Thumb Code     0  startup_stm32h750xx.o(.text)
    SAI4_IRQHandler                          0x08000407   Thumb Code     0  startup_stm32h750xx.o(.text)
    SDMMC1_IRQHandler                        0x08000407   Thumb Code     0  startup_stm32h750xx.o(.text)
    SDMMC2_IRQHandler                        0x08000407   Thumb Code     0  startup_stm32h750xx.o(.text)
    SPDIF_RX_IRQHandler                      0x08000407   Thumb Code     0  startup_stm32h750xx.o(.text)
    SPI1_IRQHandler                          0x08000407   Thumb Code     0  startup_stm32h750xx.o(.text)
    SPI2_IRQHandler                          0x08000407   Thumb Code     0  startup_stm32h750xx.o(.text)
    SPI3_IRQHandler                          0x08000407   Thumb Code     0  startup_stm32h750xx.o(.text)
    SPI4_IRQHandler                          0x08000407   Thumb Code     0  startup_stm32h750xx.o(.text)
    SPI5_IRQHandler                          0x08000407   Thumb Code     0  startup_stm32h750xx.o(.text)
    SPI6_IRQHandler                          0x08000407   Thumb Code     0  startup_stm32h750xx.o(.text)
    SWPMI1_IRQHandler                        0x08000407   Thumb Code     0  startup_stm32h750xx.o(.text)
    TAMP_STAMP_IRQHandler                    0x08000407   Thumb Code     0  startup_stm32h750xx.o(.text)
    TIM15_IRQHandler                         0x08000407   Thumb Code     0  startup_stm32h750xx.o(.text)
    TIM16_IRQHandler                         0x08000407   Thumb Code     0  startup_stm32h750xx.o(.text)
    TIM17_IRQHandler                         0x08000407   Thumb Code     0  startup_stm32h750xx.o(.text)
    TIM1_BRK_IRQHandler                      0x08000407   Thumb Code     0  startup_stm32h750xx.o(.text)
    TIM1_CC_IRQHandler                       0x08000407   Thumb Code     0  startup_stm32h750xx.o(.text)
    TIM1_TRG_COM_IRQHandler                  0x08000407   Thumb Code     0  startup_stm32h750xx.o(.text)
    TIM1_UP_IRQHandler                       0x08000407   Thumb Code     0  startup_stm32h750xx.o(.text)
    TIM2_IRQHandler                          0x08000407   Thumb Code     0  startup_stm32h750xx.o(.text)
    TIM3_IRQHandler                          0x08000407   Thumb Code     0  startup_stm32h750xx.o(.text)
    TIM4_IRQHandler                          0x08000407   Thumb Code     0  startup_stm32h750xx.o(.text)
    TIM6_DAC_IRQHandler                      0x08000407   Thumb Code     0  startup_stm32h750xx.o(.text)
    TIM7_IRQHandler                          0x08000407   Thumb Code     0  startup_stm32h750xx.o(.text)
    TIM8_BRK_TIM12_IRQHandler                0x08000407   Thumb Code     0  startup_stm32h750xx.o(.text)
    TIM8_CC_IRQHandler                       0x08000407   Thumb Code     0  startup_stm32h750xx.o(.text)
    TIM8_TRG_COM_TIM14_IRQHandler            0x08000407   Thumb Code     0  startup_stm32h750xx.o(.text)
    TIM8_UP_TIM13_IRQHandler                 0x08000407   Thumb Code     0  startup_stm32h750xx.o(.text)
    UART4_IRQHandler                         0x08000407   Thumb Code     0  startup_stm32h750xx.o(.text)
    UART5_IRQHandler                         0x08000407   Thumb Code     0  startup_stm32h750xx.o(.text)
    UART7_IRQHandler                         0x08000407   Thumb Code     0  startup_stm32h750xx.o(.text)
    UART8_IRQHandler                         0x08000407   Thumb Code     0  startup_stm32h750xx.o(.text)
    USART1_IRQHandler                        0x08000407   Thumb Code     0  startup_stm32h750xx.o(.text)
    USART2_IRQHandler                        0x08000407   Thumb Code     0  startup_stm32h750xx.o(.text)
    USART3_IRQHandler                        0x08000407   Thumb Code     0  startup_stm32h750xx.o(.text)
    USART6_IRQHandler                        0x08000407   Thumb Code     0  startup_stm32h750xx.o(.text)
    WAKEUP_PIN_IRQHandler                    0x08000407   Thumb Code     0  startup_stm32h750xx.o(.text)
    WWDG_IRQHandler                          0x08000407   Thumb Code     0  startup_stm32h750xx.o(.text)
    __user_initial_stackheap                 0x08000409   Thumb Code     0  startup_stm32h750xx.o(.text)
    malloc                                   0x0800042d   Thumb Code    94  h1_alloc.o(.text)
    free                                     0x0800048b   Thumb Code    78  h1_free.o(.text)
    __aeabi_uldivmod                         0x080004d9   Thumb Code     0  lludivv7m.o(.text)
    _ll_udiv                                 0x080004d9   Thumb Code   240  lludivv7m.o(.text)
    vsnprintf                                0x080005c9   Thumb Code    56  vsnprintf.o(.text)
    __aeabi_memclr                           0x08000605   Thumb Code     0  rt_memclr.o(.text)
    __rt_memclr                              0x08000605   Thumb Code     0  rt_memclr.o(.text)
    _memset                                  0x08000609   Thumb Code    64  rt_memclr.o(.text)
    __aeabi_memclr4                          0x08000649   Thumb Code     0  rt_memclr_w.o(.text)
    __aeabi_memclr8                          0x08000649   Thumb Code     0  rt_memclr_w.o(.text)
    __rt_memclr_w                            0x08000649   Thumb Code     0  rt_memclr_w.o(.text)
    _memset_w                                0x0800064d   Thumb Code    74  rt_memclr_w.o(.text)
    __use_two_region_memory                  0x08000697   Thumb Code     2  heapauxi.o(.text)
    __rt_heap_escrow                         0x08000699   Thumb Code     2  heapauxi.o(.text)
    __rt_heap_expand                         0x0800069b   Thumb Code     2  heapauxi.o(.text)
    __rt_heap_descriptor                     0x0800069d   Thumb Code     8  rt_heap_descriptor_intlibspace.o(.text)
    __use_no_heap                            0x080006a5   Thumb Code     2  hguard.o(.text)
    __heap$guard                             0x080006a7   Thumb Code     2  hguard.o(.text)
    _terminate_user_alloc                    0x080006a9   Thumb Code     2  init_alloc.o(.text)
    _init_user_alloc                         0x080006ab   Thumb Code     2  init_alloc.o(.text)
    __Heap_Full                              0x080006ad   Thumb Code    34  init_alloc.o(.text)
    __Heap_Broken                            0x080006cf   Thumb Code     6  init_alloc.o(.text)
    _init_alloc                              0x080006d5   Thumb Code    94  init_alloc.o(.text)
    __Heap_Initialize                        0x08000733   Thumb Code    10  h1_init.o(.text)
    __Heap_DescSize                          0x0800073d   Thumb Code     4  h1_init.o(.text)
    _printf_pre_padding                      0x08000741   Thumb Code    44  _printf_pad.o(.text)
    _printf_post_padding                     0x0800076d   Thumb Code    34  _printf_pad.o(.text)
    _printf_truncate_signed                  0x0800078f   Thumb Code    18  _printf_truncate.o(.text)
    _printf_truncate_unsigned                0x080007a1   Thumb Code    18  _printf_truncate.o(.text)
    _printf_str                              0x080007b3   Thumb Code    82  _printf_str.o(.text)
    _printf_int_dec                          0x08000805   Thumb Code   104  _printf_dec.o(.text)
    _printf_charcount                        0x0800087d   Thumb Code    40  _printf_charcount.o(.text)
    _printf_char_common                      0x080008af   Thumb Code    32  _printf_char_common.o(.text)
    _snputc                                  0x080008d5   Thumb Code    16  _snputc.o(.text)
    _printf_wctomb                           0x080008e5   Thumb Code   182  _printf_wctomb.o(.text)
    _printf_longlong_dec                     0x080009a1   Thumb Code   108  _printf_longlong_dec.o(.text)
    _printf_longlong_oct                     0x08000a1d   Thumb Code    68  _printf_oct_int_ll.o(.text)
    _printf_int_oct                          0x08000a61   Thumb Code    24  _printf_oct_int_ll.o(.text)
    _printf_ll_oct                           0x08000a79   Thumb Code    12  _printf_oct_int_ll.o(.text)
    _printf_longlong_hex                     0x08000a8d   Thumb Code    86  _printf_hex_int_ll_ptr.o(.text)
    _printf_int_hex                          0x08000ae3   Thumb Code    28  _printf_hex_int_ll_ptr.o(.text)
    _printf_ll_hex                           0x08000aff   Thumb Code    12  _printf_hex_int_ll_ptr.o(.text)
    _printf_hex_ptr                          0x08000b0b   Thumb Code    18  _printf_hex_int_ll_ptr.o(.text)
    __printf                                 0x08000b21   Thumb Code   388  __printf_flags_ss_wp.o(.text)
    __user_libspace                          0x08000ca9   Thumb Code     8  libspace.o(.text)
    __user_perproc_libspace                  0x08000ca9   Thumb Code     0  libspace.o(.text)
    __user_perthread_libspace                0x08000ca9   Thumb Code     0  libspace.o(.text)
    __Heap_ProvideMemory                     0x08000cb1   Thumb Code    52  h1_extend.o(.text)
    _maybe_terminate_alloc                   0x08000cb1   Thumb Code     0  maybetermalloc1.o(.text)
    _ll_udiv10                               0x08000ce5   Thumb Code   138  lludiv10.o(.text)
    _printf_int_common                       0x08000d6f   Thumb Code   178  _printf_intcommon.o(.text)
    _printf_fp_dec_real                      0x08000fd1   Thumb Code   620  _printf_fp_dec.o(.text)
    _printf_fp_hex_real                      0x0800123d   Thumb Code   756  _printf_fp_hex.o(.text)
    _printf_cs_common                        0x08001539   Thumb Code    20  _printf_char.o(.text)
    _printf_char                             0x0800154d   Thumb Code    16  _printf_char.o(.text)
    _printf_string                           0x0800155d   Thumb Code     8  _printf_char.o(.text)
    _printf_lcs_common                       0x08001565   Thumb Code    20  _printf_wchar.o(.text)
    _printf_wchar                            0x08001579   Thumb Code    16  _printf_wchar.o(.text)
    _printf_wstring                          0x08001589   Thumb Code     8  _printf_wchar.o(.text)
    _c16rtomb                                0x08001591   Thumb Code    72  _c16rtomb.o(.text)
    _wcrtomb                                 0x08001591   Thumb Code     0  _c16rtomb.o(.text)
    __rt_SIGRTMEM                            0x080015d9   Thumb Code    14  defsig_rtmem_outer.o(.text)
    __I$use$semihosting                      0x080015e7   Thumb Code     0  use_no_semi.o(.text)
    __use_no_semihosting_swi                 0x080015e7   Thumb Code     2  use_no_semi.o(.text)
    __semihosting_library_function           0x080015e9   Thumb Code     0  indicate_semi.o(.text)
    __user_setup_stackheap                   0x080015e9   Thumb Code    74  sys_stackheap_outer.o(.text)
    __rt_ctype_table                         0x08001635   Thumb Code    16  rt_ctype_table.o(.text)
    __rt_locale                              0x08001645   Thumb Code     8  rt_locale_intlibspace.o(.text)
    _printf_fp_infnan                        0x0800164d   Thumb Code   112  _printf_fp_infnan.o(.text)
    _btod_etento                             0x080016cd   Thumb Code   224  bigflt0.o(.text)
    exit                                     0x080017b1   Thumb Code    18  exit.o(.text)
    __sig_exit                               0x080017c3   Thumb Code    10  defsig_exit.o(.text)
    __rt_SIGRTMEM_inner                      0x080017cd   Thumb Code    22  defsig_rtmem_inner.o(.text)
    _sys_exit                                0x0800181d   Thumb Code     8  sys_exit.o(.text)
    __default_signal_display                 0x08001829   Thumb Code    50  defsig_general.o(.text)
    strcmp                                   0x08001861   Thumb Code   124  strcmpv7m_pel.o(.text)
    _ttywrch                                 0x080018dd   Thumb Code    14  sys_wrch.o(.text)
    BusFault_Handler                         0x080018f1   Thumb Code     4  stm32h7xx_it.o(.text.BusFault_Handler)
    DebugMon_Handler                         0x080018f9   Thumb Code     2  stm32h7xx_it.o(.text.DebugMon_Handler)
    Error_Handler                            0x08001901   Thumb Code    14  main.o(.text.Error_Handler)
    Get_gyr_value                            0x08001911   Thumb Code   212  gy901.o(.text.Get_gyr_value)
    HAL_Delay                                0x080019e9   Thumb Code    66  stm32h7xx_hal.o(.text.HAL_Delay)
    HAL_GPIO_Init                            0x08001a31   Thumb Code   964  stm32h7xx_hal_gpio.o(.text.HAL_GPIO_Init)
    HAL_GPIO_WritePin                        0x08001df9   Thumb Code    46  stm32h7xx_hal_gpio.o(.text.HAL_GPIO_WritePin)
    HAL_GetREVID                             0x08001e29   Thumb Code    14  stm32h7xx_hal.o(.text.HAL_GetREVID)
    HAL_GetTick                              0x08001e39   Thumb Code    12  stm32h7xx_hal.o(.text.HAL_GetTick)
    HAL_I2CEx_ConfigAnalogFilter             0x08001e49   Thumb Code   152  stm32h7xx_hal_i2c_ex.o(.text.HAL_I2CEx_ConfigAnalogFilter)
    HAL_I2CEx_ConfigDigitalFilter            0x08001ee1   Thumb Code   162  stm32h7xx_hal_i2c_ex.o(.text.HAL_I2CEx_ConfigDigitalFilter)
    HAL_I2C_Init                             0x08001f89   Thumb Code   260  stm32h7xx_hal_i2c.o(.text.HAL_I2C_Init)
    HAL_I2C_Master_Receive                   0x08002091   Thumb Code   540  stm32h7xx_hal_i2c.o(.text.HAL_I2C_Master_Receive)
    HAL_I2C_Master_Transmit                  0x080022b1   Thumb Code   538  stm32h7xx_hal_i2c.o(.text.HAL_I2C_Master_Transmit)
    HAL_I2C_Mem_Read                         0x080024d1   Thumb Code   650  stm32h7xx_hal_i2c.o(.text.HAL_I2C_Mem_Read)
    HAL_I2C_MspInit                          0x08002761   Thumb Code   168  i2c.o(.text.HAL_I2C_MspInit)
    HAL_IncTick                              0x08002809   Thumb Code    26  stm32h7xx_hal.o(.text.HAL_IncTick)
    HAL_Init                                 0x08002829   Thumb Code   122  stm32h7xx_hal.o(.text.HAL_Init)
    HAL_InitTick                             0x080028a9   Thumb Code   134  stm32h7xx_hal.o(.text.HAL_InitTick)
    HAL_MspInit                              0x08002931   Thumb Code    36  stm32h7xx_hal_msp.o(.text.HAL_MspInit)
    HAL_NVIC_EnableIRQ                       0x08002959   Thumb Code    20  stm32h7xx_hal_cortex.o(.text.HAL_NVIC_EnableIRQ)
    HAL_NVIC_SetPriority                     0x08002971   Thumb Code    46  stm32h7xx_hal_cortex.o(.text.HAL_NVIC_SetPriority)
    HAL_NVIC_SetPriorityGrouping             0x080029a1   Thumb Code    16  stm32h7xx_hal_cortex.o(.text.HAL_NVIC_SetPriorityGrouping)
    HAL_PWREx_ConfigSupply                   0x080029b1   Thumb Code   162  stm32h7xx_hal_pwr_ex.o(.text.HAL_PWREx_ConfigSupply)
    HAL_RCCEx_GetD3PCLK1Freq                 0x08002a59   Thumb Code    38  stm32h7xx_hal_rcc_ex.o(.text.HAL_RCCEx_GetD3PCLK1Freq)
    HAL_RCCEx_GetPLL2ClockFreq               0x08002a81   Thumb Code   684  stm32h7xx_hal_rcc_ex.o(.text.HAL_RCCEx_GetPLL2ClockFreq)
    HAL_RCCEx_GetPLL3ClockFreq               0x08002d31   Thumb Code   684  stm32h7xx_hal_rcc_ex.o(.text.HAL_RCCEx_GetPLL3ClockFreq)
    HAL_RCCEx_PeriphCLKConfig                0x08002fe1   Thumb Code  4256  stm32h7xx_hal_rcc_ex.o(.text.HAL_RCCEx_PeriphCLKConfig)
    HAL_RCC_ClockConfig                      0x08004081   Thumb Code  1176  stm32h7xx_hal_rcc.o(.text.HAL_RCC_ClockConfig)
    HAL_RCC_GetHCLKFreq                      0x08004519   Thumb Code    86  stm32h7xx_hal_rcc.o(.text.HAL_RCC_GetHCLKFreq)
    HAL_RCC_GetPCLK1Freq                     0x08004571   Thumb Code    38  stm32h7xx_hal_rcc.o(.text.HAL_RCC_GetPCLK1Freq)
    HAL_RCC_GetPCLK2Freq                     0x08004599   Thumb Code    38  stm32h7xx_hal_rcc.o(.text.HAL_RCC_GetPCLK2Freq)
    HAL_RCC_GetSysClockFreq                  0x080045c1   Thumb Code   784  stm32h7xx_hal_rcc.o(.text.HAL_RCC_GetSysClockFreq)
    HAL_RCC_OscConfig                        0x080048d1   Thumb Code  2904  stm32h7xx_hal_rcc.o(.text.HAL_RCC_OscConfig)
    HAL_SYSTICK_Config                       0x08005429   Thumb Code    16  stm32h7xx_hal_cortex.o(.text.HAL_SYSTICK_Config)
    HAL_TIMEx_Break2Callback                 0x08005439   Thumb Code     8  stm32h7xx_hal_tim_ex.o(.text.HAL_TIMEx_Break2Callback)
    HAL_TIMEx_BreakCallback                  0x08005441   Thumb Code     8  stm32h7xx_hal_tim_ex.o(.text.HAL_TIMEx_BreakCallback)
    HAL_TIMEx_CommutCallback                 0x08005449   Thumb Code     8  stm32h7xx_hal_tim_ex.o(.text.HAL_TIMEx_CommutCallback)
    HAL_TIMEx_MasterConfigSynchronization    0x08005451   Thumb Code   344  stm32h7xx_hal_tim_ex.o(.text.HAL_TIMEx_MasterConfigSynchronization)
    HAL_TIM_Base_Init                        0x080055a9   Thumb Code   168  stm32h7xx_hal_tim.o(.text.HAL_TIM_Base_Init)
    HAL_TIM_Base_MspInit                     0x08005651   Thumb Code   130  tim.o(.text.HAL_TIM_Base_MspInit)
    HAL_TIM_Base_Start_IT                    0x080056d9   Thumb Code   260  stm32h7xx_hal_tim.o(.text.HAL_TIM_Base_Start_IT)
    HAL_TIM_ConfigClockSource                0x080057e1   Thumb Code   464  stm32h7xx_hal_tim.o(.text.HAL_TIM_ConfigClockSource)
    HAL_TIM_Encoder_Init                     0x080059b1   Thumb Code   308  stm32h7xx_hal_tim.o(.text.HAL_TIM_Encoder_Init)
    HAL_TIM_Encoder_MspInit                  0x08005ae9   Thumb Code   350  tim.o(.text.HAL_TIM_Encoder_MspInit)
    HAL_TIM_Encoder_Start                    0x08005c49   Thumb Code   334  stm32h7xx_hal_tim.o(.text.HAL_TIM_Encoder_Start)
    HAL_TIM_IC_CaptureCallback               0x08005d99   Thumb Code     8  stm32h7xx_hal_tim.o(.text.HAL_TIM_IC_CaptureCallback)
    HAL_TIM_IRQHandler                       0x08005da1   Thumb Code   692  stm32h7xx_hal_tim.o(.text.HAL_TIM_IRQHandler)
    HAL_TIM_MspPostInit                      0x08006059   Thumb Code   104  tim.o(.text.HAL_TIM_MspPostInit)
    HAL_TIM_OC_DelayElapsedCallback          0x080060c1   Thumb Code     8  stm32h7xx_hal_tim.o(.text.HAL_TIM_OC_DelayElapsedCallback)
    HAL_TIM_PWM_ConfigChannel                0x080060c9   Thumb Code   432  stm32h7xx_hal_tim.o(.text.HAL_TIM_PWM_ConfigChannel)
    HAL_TIM_PWM_Init                         0x08006279   Thumb Code   168  stm32h7xx_hal_tim.o(.text.HAL_TIM_PWM_Init)
    HAL_TIM_PWM_MspInit                      0x08006321   Thumb Code     8  stm32h7xx_hal_tim.o(.text.HAL_TIM_PWM_MspInit)
    HAL_TIM_PWM_PulseFinishedCallback        0x08006329   Thumb Code     8  stm32h7xx_hal_tim.o(.text.HAL_TIM_PWM_PulseFinishedCallback)
    HAL_TIM_PWM_Start                        0x08006331   Thumb Code   638  stm32h7xx_hal_tim.o(.text.HAL_TIM_PWM_Start)
    HAL_TIM_PeriodElapsedCallback            0x080065b1   Thumb Code    14  main.o(.text.HAL_TIM_PeriodElapsedCallback)
    HAL_TIM_TriggerCallback                  0x080065c1   Thumb Code     8  stm32h7xx_hal_tim.o(.text.HAL_TIM_TriggerCallback)
    HAL_UARTEx_DisableFifoMode               0x080065c9   Thumb Code   124  stm32h7xx_hal_uart_ex.o(.text.HAL_UARTEx_DisableFifoMode)
    HAL_UARTEx_SetRxFifoThreshold            0x08006649   Thumb Code   140  stm32h7xx_hal_uart_ex.o(.text.HAL_UARTEx_SetRxFifoThreshold)
    HAL_UARTEx_SetTxFifoThreshold            0x080066d9   Thumb Code   140  stm32h7xx_hal_uart_ex.o(.text.HAL_UARTEx_SetTxFifoThreshold)
    HAL_UART_Init                            0x08006769   Thumb Code   170  stm32h7xx_hal_uart.o(.text.HAL_UART_Init)
    HAL_UART_MspInit                         0x08006819   Thumb Code   590  usart.o(.text.HAL_UART_MspInit)
    HAL_UART_Transmit                        0x08006a69   Thumb Code   312  stm32h7xx_hal_uart.o(.text.HAL_UART_Transmit)
    HardFault_Handler                        0x08006ba1   Thumb Code     4  stm32h7xx_it.o(.text.HardFault_Handler)
    MX_GPIO_Init                             0x08007249   Thumb Code   340  gpio.o(.text.MX_GPIO_Init)
    MX_I2C1_Init                             0x080073a1   Thumb Code   118  i2c.o(.text.MX_I2C1_Init)
    MX_TIM1_Init                             0x08007419   Thumb Code   130  tim.o(.text.MX_TIM1_Init)
    MX_TIM2_Init                             0x080074a1   Thumb Code   122  tim.o(.text.MX_TIM2_Init)
    MX_TIM3_Init                             0x08007521   Thumb Code   126  tim.o(.text.MX_TIM3_Init)
    MX_TIM4_Init                             0x080075a1   Thumb Code   268  tim.o(.text.MX_TIM4_Init)
    MX_TIM5_Init                             0x080076b1   Thumb Code   138  tim.o(.text.MX_TIM5_Init)
    MX_UART4_Init                            0x08007741   Thumb Code   142  usart.o(.text.MX_UART4_Init)
    MX_USART1_UART_Init                      0x080077d1   Thumb Code   142  usart.o(.text.MX_USART1_UART_Init)
    MX_USART2_UART_Init                      0x08007861   Thumb Code   142  usart.o(.text.MX_USART2_UART_Init)
    MX_USART3_UART_Init                      0x080078f1   Thumb Code   142  usart.o(.text.MX_USART3_UART_Init)
    MemManage_Handler                        0x08007981   Thumb Code     4  stm32h7xx_it.o(.text.MemManage_Handler)
    NMI_Handler                              0x08007989   Thumb Code     4  stm32h7xx_it.o(.text.NMI_Handler)
    PendSV_Handler                           0x08007a01   Thumb Code     2  stm32h7xx_it.o(.text.PendSV_Handler)
    SVC_Handler                              0x08007da9   Thumb Code     2  stm32h7xx_it.o(.text.SVC_Handler)
    SysTick_Handler                          0x08007e09   Thumb Code     8  stm32h7xx_it.o(.text.SysTick_Handler)
    SystemClock_Config                       0x08007e11   Thumb Code   228  main.o(.text.SystemClock_Config)
    SystemInit                               0x08007ef9   Thumb Code   352  system_stm32h7xx.o(.text.SystemInit)
    TIM5_IRQHandler                          0x08008059   Thumb Code    16  stm32h7xx_it.o(.text.TIM5_IRQHandler)
    TIM_Base_SetConfig                       0x08008069   Thumb Code   410  stm32h7xx_hal_tim.o(.text.TIM_Base_SetConfig)
    TIM_CCxChannelCmd                        0x08008209   Thumb Code    54  stm32h7xx_hal_tim.o(.text.TIM_CCxChannelCmd)
    TIM_ETR_SetConfig                        0x08008241   Thumb Code    52  stm32h7xx_hal_tim.o(.text.TIM_ETR_SetConfig)
    TIM_OC2_SetConfig                        0x080083f9   Thumb Code   364  stm32h7xx_hal_tim.o(.text.TIM_OC2_SetConfig)
    UART_AdvFeatureConfig                    0x08008a91   Thumb Code   328  stm32h7xx_hal_uart.o(.text.UART_AdvFeatureConfig)
    UART_CheckIdleState                      0x08008bd9   Thumb Code   326  stm32h7xx_hal_uart.o(.text.UART_CheckIdleState)
    UART_SetConfig                           0x08008dc1   Thumb Code  2338  stm32h7xx_hal_uart.o(.text.UART_SetConfig)
    UART_WaitOnFlagUntilTimeout              0x080096e9   Thumb Code   252  stm32h7xx_hal_uart.o(.text.UART_WaitOnFlagUntilTimeout)
    UsageFault_Handler                       0x080097e9   Thumb Code     4  stm32h7xx_it.o(.text.UsageFault_Handler)
    abs                                      0x080098b9   Thumb Code    32  motor.o(.text.abs)
    abs_XZ                                   0x080098d9   Thumb Code    42  turn.o(.text.abs_XZ)
    buzzer_ring                              0x08009909   Thumb Code    82  buzzer.o(.text.buzzer_ring)
    get_D                                    0x08009961   Thumb Code   146  pid.o(.text.get_D)
    get_I                                    0x080099f9   Thumb Code   100  pid.o(.text.get_I)
    get_P                                    0x08009a61   Thumb Code    60  pid.o(.text.get_P)
    gw_gray_get_line_digital_is_black        0x08009aa1   Thumb Code   108  gw_findline.o(.text.gw_gray_get_line_digital_is_black)
    initPID                                  0x08009b11   Thumb Code   128  pid.o(.text.initPID)
    limit                                    0x08009b91   Thumb Code   136  pid_yuan.o(.text.limit)
    main                                     0x08009c19   Thumb Code   108  main.o(.text.main)
    motor_driver                             0x08009c89   Thumb Code   138  motor_control.o(.text.motor_driver)
    motor_getSpeed                           0x08009d19   Thumb Code   122  motor.o(.text.motor_getSpeed)
    motor_init                               0x08009d99   Thumb Code   328  motor.o(.text.motor_init)
    motor_setSpeed                           0x08009ee1   Thumb Code   636  motor.o(.text.motor_setSpeed)
    motor_stop                               0x0800a161   Thumb Code   134  motor.o(.text.motor_stop)
    pid_inc                                  0x0800a1e9   Thumb Code   276  pid_yuan.o(.text.pid_inc)
    pid_init                                 0x0800a301   Thumb Code   112  pid_yuan.o(.text.pid_init)
    printTo                                  0x0800a371   Thumb Code   194  printto.o(.text.printTo)
    returnPID                                0x0800a439   Thumb Code   100  pid.o(.text.returnPID)
    start_turn                               0x0800a4a1   Thumb Code   144  turn.o(.text.start_turn)
    straight                                 0x0800a531   Thumb Code   376  straight.o(.text.straight)
    turn                                     0x0800a6a9   Thumb Code   560  turn.o(.text.turn)
    turn_head_abs                            0x0800a8d9   Thumb Code    54  turn.o(.text.turn_head_abs)
    turn_head_diff                           0x0800a911   Thumb Code   276  turn.o(.text.turn_head_diff)
    turn_head_init                           0x0800aa29   Thumb Code    72  turn.o(.text.turn_head_init)
    update_Data                              0x0800aa71   Thumb Code    68  pid.o(.text.update_Data)
    _btod_d2e                                0x0800aab5   Thumb Code    62  btod.o(CL$$btod_d2e)
    _d2e_denorm_low                          0x0800aaf3   Thumb Code    70  btod.o(CL$$btod_d2e_denorm_low)
    _d2e_norm_op1                            0x0800ab39   Thumb Code    96  btod.o(CL$$btod_d2e_norm_op1)
    __btod_div_common                        0x0800ab99   Thumb Code   696  btod.o(CL$$btod_div_common)
    _e2e                                     0x0800aed1   Thumb Code   220  btod.o(CL$$btod_e2e)
    _btod_ediv                               0x0800afad   Thumb Code    42  btod.o(CL$$btod_ediv)
    _btod_emul                               0x0800afd7   Thumb Code    42  btod.o(CL$$btod_emul)
    __btod_mult_common                       0x0800b001   Thumb Code   580  btod.o(CL$$btod_mult_common)
    __ARM_fpclassify                         0x0800b245   Thumb Code    48  fpclassify.o(i.__ARM_fpclassify)
    _is_digit                                0x0800b275   Thumb Code    14  __printf_wp.o(i._is_digit)
    _get_lc_numeric                          0x0800b285   Thumb Code    44  lc_numeric_c.o(locale$$code)
    _get_lc_ctype                            0x0800b2b1   Thumb Code    44  lc_ctype_c.o(locale$$code)
    _fp_init                                 0x0800b2dd   Thumb Code    26  fpinit.o(x$fpl$fpinit)
    __fplib_config_fpu_vfp                   0x0800b2f5   Thumb Code     0  fpinit.o(x$fpl$fpinit)
    __fplib_config_pureend_doubles           0x0800b2f5   Thumb Code     0  fpinit.o(x$fpl$fpinit)
    _printf_fp_dec                           0x0800b2f7   Thumb Code     4  printf1.o(x$fpl$printf1)
    _printf_fp_hex                           0x0800b2fb   Thumb Code     4  printf2.o(x$fpl$printf2)
    __I$use$fp                               0x0800b2fe   Number         0  usenofp.o(x$fpl$usenofp)
    D1CorePrescTable                         0x0800b3fc   Data          16  system_stm32h7xx.o(.rodata.D1CorePrescTable)
    UARTPrescTable                           0x0800b41c   Data          24  stm32h7xx_hal_uart.o(.rodata.UARTPrescTable)
    Region$$Table$$Base                      0x0800b44c   Number         0  anon$$obj.o(Region$$Table)
    Region$$Table$$Limit                     0x0800b46c   Number         0  anon$$obj.o(Region$$Table)
    __ctype                                  0x0800b495   Data           0  lc_ctype_c.o(locale$$data)
    SystemCoreClock                          0x24000000   Data           4  system_stm32h7xx.o(.data.SystemCoreClock)
    SystemD2Clock                            0x24000004   Data           4  system_stm32h7xx.o(.data.SystemD2Clock)
    uwTickFreq                               0x24000008   Data           1  stm32h7xx_hal.o(.data.uwTickFreq)
    uwTickPrio                               0x2400000c   Data           4  stm32h7xx_hal.o(.data.uwTickPrio)
    __libspace_start                         0x24000010   Data          96  libspace.o(.bss)
    M1_P_buf                                 0x24000070   Data           4  motor.o(.bss.M1_P_buf)
    __temporary_stack_top$libspace           0x24000070   Data           0  libspace.o(.bss)
    M2_P_buf                                 0x24000074   Data           4  motor.o(.bss.M2_P_buf)
    M_1                                      0x24000078   Data           4  motor.o(.bss.M_1)
    M_2                                      0x2400007c   Data           4  motor.o(.bss.M_2)
    M_3                                      0x24000080   Data           4  motor.o(.bss.M_3)
    angle                                    0x24000084   Data           4  turn.o(.bss.angle)
    gun_cur                                  0x24000088   Data           1  motor_control.o(.bss.gun_cur)
    gun_tar                                  0x24000089   Data           1  motor_control.o(.bss.gun_tar)
    hi2c1                                    0x2400008c   Data          84  i2c.o(.bss.hi2c1)
    htim1                                    0x240000e0   Data          76  tim.o(.bss.htim1)
    htim2                                    0x2400012c   Data          76  tim.o(.bss.htim2)
    htim3                                    0x24000178   Data          76  tim.o(.bss.htim3)
    htim4                                    0x240001c4   Data          76  tim.o(.bss.htim4)
    htim5                                    0x24000210   Data          76  tim.o(.bss.htim5)
    huart1                                   0x2400025c   Data         148  usart.o(.bss.huart1)
    huart2                                   0x240002f0   Data         148  usart.o(.bss.huart2)
    huart3                                   0x24000384   Data         148  usart.o(.bss.huart3)
    huart4                                   0x24000418   Data         148  usart.o(.bss.huart4)
    left_cur                                 0x240004ac   Data           1  motor_control.o(.bss.left_cur)
    left_tar                                 0x240004ad   Data           1  motor_control.o(.bss.left_tar)
    moving_flag                              0x240004b4   Data           1  motor_control.o(.bss.moving_flag)
    origin                                   0x240004b8   Data           4  turn.o(.bss.origin)
    right_cur                                0x240004bc   Data           1  motor_control.o(.bss.right_cur)
    right_tar                                0x240004bd   Data           1  motor_control.o(.bss.right_tar)
    speed_XZ_pid                             0x240004c0   Data           4  straight.o(.bss.speed_XZ_pid)
    straight_L                               0x240004cc   Data           2  straight.o(.bss.straight_L)
    straight_flag                            0x240004ce   Data           1  motor_control.o(.bss.straight_flag)
    turn_XZ_pid                              0x240004d4   Data           4  turn.o(.bss.turn_XZ_pid)
    turn_cnt                                 0x240004d8   Data           1  turn.o(.bss.turn_cnt)
    turn_flag                                0x240004d9   Data           1  motor_control.o(.bss.turn_flag)
    turn_init_flag                           0x24000594   Data           1  turn.o(.bss.turn_init_flag)
    uwTick                                   0x24000598   Data           4  stm32h7xx_hal.o(.bss.uwTick)



==============================================================================

Memory Map of the image

  Image Entry point : 0x08000299

  Load Region LR_IROM1 (Base: 0x08000000, Size: 0x0000b5a8, Max: 0x00020000, ABSOLUTE)

    Execution Region ER_IROM1 (Exec base: 0x08000000, Load base: 0x08000000, Size: 0x0000b598, Max: 0x00020000, ABSOLUTE)

    Exec Addr    Load Addr    Size         Type   Attr      Idx    E Section Name        Object

    0x08000000   0x08000000   0x00000298   Data   RO            3    RESET               startup_stm32h750xx.o
    0x08000298   0x08000298   0x00000008   Code   RO         1812  * !!!main             c_w.l(__main.o)
    0x080002a0   0x080002a0   0x00000034   Code   RO         2203    !!!scatter          c_w.l(__scatter.o)
    0x080002d4   0x080002d4   0x0000001a   Code   RO         2205    !!handler_copy      c_w.l(__scatter_copy.o)
    0x080002ee   0x080002ee   0x00000002   PAD
    0x080002f0   0x080002f0   0x0000001c   Code   RO         2207    !!handler_zi        c_w.l(__scatter_zi.o)
    0x0800030c   0x0800030c   0x00000000   Code   RO         1925    .ARM.Collect$$_printf_percent$$00000000  c_w.l(_printf_percent.o)
    0x0800030c   0x0800030c   0x00000006   Code   RO         1914    .ARM.Collect$$_printf_percent$$00000001  c_w.l(_printf_n.o)
    0x08000312   0x08000312   0x00000006   Code   RO         1916    .ARM.Collect$$_printf_percent$$00000002  c_w.l(_printf_p.o)
    0x08000318   0x08000318   0x00000006   Code   RO         1921    .ARM.Collect$$_printf_percent$$00000003  c_w.l(_printf_f.o)
    0x0800031e   0x0800031e   0x00000006   Code   RO         1922    .ARM.Collect$$_printf_percent$$00000004  c_w.l(_printf_e.o)
    0x08000324   0x08000324   0x00000006   Code   RO         1923    .ARM.Collect$$_printf_percent$$00000005  c_w.l(_printf_g.o)
    0x0800032a   0x0800032a   0x00000006   Code   RO         1924    .ARM.Collect$$_printf_percent$$00000006  c_w.l(_printf_a.o)
    0x08000330   0x08000330   0x0000000a   Code   RO         1929    .ARM.Collect$$_printf_percent$$00000007  c_w.l(_printf_ll.o)
    0x0800033a   0x0800033a   0x00000006   Code   RO         1918    .ARM.Collect$$_printf_percent$$00000008  c_w.l(_printf_i.o)
    0x08000340   0x08000340   0x00000006   Code   RO         1919    .ARM.Collect$$_printf_percent$$00000009  c_w.l(_printf_d.o)
    0x08000346   0x08000346   0x00000006   Code   RO         1920    .ARM.Collect$$_printf_percent$$0000000A  c_w.l(_printf_u.o)
    0x0800034c   0x0800034c   0x00000006   Code   RO         1917    .ARM.Collect$$_printf_percent$$0000000B  c_w.l(_printf_o.o)
    0x08000352   0x08000352   0x00000006   Code   RO         1915    .ARM.Collect$$_printf_percent$$0000000C  c_w.l(_printf_x.o)
    0x08000358   0x08000358   0x00000006   Code   RO         1926    .ARM.Collect$$_printf_percent$$0000000D  c_w.l(_printf_lli.o)
    0x0800035e   0x0800035e   0x00000006   Code   RO         1927    .ARM.Collect$$_printf_percent$$0000000E  c_w.l(_printf_lld.o)
    0x08000364   0x08000364   0x00000006   Code   RO         1928    .ARM.Collect$$_printf_percent$$0000000F  c_w.l(_printf_llu.o)
    0x0800036a   0x0800036a   0x00000006   Code   RO         1933    .ARM.Collect$$_printf_percent$$00000010  c_w.l(_printf_llo.o)
    0x08000370   0x08000370   0x00000006   Code   RO         1934    .ARM.Collect$$_printf_percent$$00000011  c_w.l(_printf_llx.o)
    0x08000376   0x08000376   0x0000000a   Code   RO         1930    .ARM.Collect$$_printf_percent$$00000012  c_w.l(_printf_l.o)
    0x08000380   0x08000380   0x00000006   Code   RO         1912    .ARM.Collect$$_printf_percent$$00000013  c_w.l(_printf_c.o)
    0x08000386   0x08000386   0x00000006   Code   RO         1913    .ARM.Collect$$_printf_percent$$00000014  c_w.l(_printf_s.o)
    0x0800038c   0x0800038c   0x00000006   Code   RO         1931    .ARM.Collect$$_printf_percent$$00000015  c_w.l(_printf_lc.o)
    0x08000392   0x08000392   0x00000006   Code   RO         1932    .ARM.Collect$$_printf_percent$$00000016  c_w.l(_printf_ls.o)
    0x08000398   0x08000398   0x00000004   Code   RO         2043    .ARM.Collect$$_printf_percent$$00000017  c_w.l(_printf_percent_end.o)
    0x0800039c   0x0800039c   0x00000002   Code   RO         2124    .ARM.Collect$$libinit$$00000000  c_w.l(libinit.o)
    0x0800039e   0x0800039e   0x00000004   Code   RO         1939    .ARM.Collect$$libinit$$00000001  c_w.l(libinit2.o)
    0x080003a2   0x080003a2   0x00000000   Code   RO         1942    .ARM.Collect$$libinit$$00000004  c_w.l(libinit2.o)
    0x080003a2   0x080003a2   0x00000000   Code   RO         1944    .ARM.Collect$$libinit$$00000006  c_w.l(libinit2.o)
    0x080003a2   0x080003a2   0x00000008   Code   RO         1945    .ARM.Collect$$libinit$$00000007  c_w.l(libinit2.o)
    0x080003aa   0x080003aa   0x00000000   Code   RO         1947    .ARM.Collect$$libinit$$0000000C  c_w.l(libinit2.o)
    0x080003aa   0x080003aa   0x00000000   Code   RO         1949    .ARM.Collect$$libinit$$0000000E  c_w.l(libinit2.o)
    0x080003aa   0x080003aa   0x00000000   Code   RO         1951    .ARM.Collect$$libinit$$00000010  c_w.l(libinit2.o)
    0x080003aa   0x080003aa   0x00000006   Code   RO         1952    .ARM.Collect$$libinit$$00000011  c_w.l(libinit2.o)
    0x080003b0   0x080003b0   0x00000000   Code   RO         1954    .ARM.Collect$$libinit$$00000013  c_w.l(libinit2.o)
    0x080003b0   0x080003b0   0x0000000c   Code   RO         1955    .ARM.Collect$$libinit$$00000014  c_w.l(libinit2.o)
    0x080003bc   0x080003bc   0x00000000   Code   RO         1956    .ARM.Collect$$libinit$$00000015  c_w.l(libinit2.o)
    0x080003bc   0x080003bc   0x00000000   Code   RO         1958    .ARM.Collect$$libinit$$00000017  c_w.l(libinit2.o)
    0x080003bc   0x080003bc   0x0000000a   Code   RO         1959    .ARM.Collect$$libinit$$00000018  c_w.l(libinit2.o)
    0x080003c6   0x080003c6   0x00000000   Code   RO         1960    .ARM.Collect$$libinit$$00000019  c_w.l(libinit2.o)
    0x080003c6   0x080003c6   0x00000000   Code   RO         1962    .ARM.Collect$$libinit$$0000001B  c_w.l(libinit2.o)
    0x080003c6   0x080003c6   0x00000000   Code   RO         1964    .ARM.Collect$$libinit$$0000001D  c_w.l(libinit2.o)
    0x080003c6   0x080003c6   0x00000000   Code   RO         1966    .ARM.Collect$$libinit$$0000001F  c_w.l(libinit2.o)
    0x080003c6   0x080003c6   0x00000000   Code   RO         1968    .ARM.Collect$$libinit$$00000021  c_w.l(libinit2.o)
    0x080003c6   0x080003c6   0x00000000   Code   RO         1970    .ARM.Collect$$libinit$$00000023  c_w.l(libinit2.o)
    0x080003c6   0x080003c6   0x00000000   Code   RO         1972    .ARM.Collect$$libinit$$00000025  c_w.l(libinit2.o)
    0x080003c6   0x080003c6   0x00000000   Code   RO         1974    .ARM.Collect$$libinit$$00000027  c_w.l(libinit2.o)
    0x080003c6   0x080003c6   0x00000000   Code   RO         1978    .ARM.Collect$$libinit$$0000002E  c_w.l(libinit2.o)
    0x080003c6   0x080003c6   0x00000000   Code   RO         1980    .ARM.Collect$$libinit$$00000030  c_w.l(libinit2.o)
    0x080003c6   0x080003c6   0x00000000   Code   RO         1982    .ARM.Collect$$libinit$$00000032  c_w.l(libinit2.o)
    0x080003c6   0x080003c6   0x00000000   Code   RO         1984    .ARM.Collect$$libinit$$00000034  c_w.l(libinit2.o)
    0x080003c6   0x080003c6   0x00000002   Code   RO         1985    .ARM.Collect$$libinit$$00000035  c_w.l(libinit2.o)
    0x080003c8   0x080003c8   0x00000002   Code   RO         2200    .ARM.Collect$$libshutdown$$00000000  c_w.l(libshutdown.o)
    0x080003ca   0x080003ca   0x00000000   Code   RO         2154    .ARM.Collect$$libshutdown$$00000002  c_w.l(libshutdown2.o)
    0x080003ca   0x080003ca   0x00000000   Code   RO         2156    .ARM.Collect$$libshutdown$$00000004  c_w.l(libshutdown2.o)
    0x080003ca   0x080003ca   0x00000000   Code   RO         2159    .ARM.Collect$$libshutdown$$00000007  c_w.l(libshutdown2.o)
    0x080003ca   0x080003ca   0x00000000   Code   RO         2162    .ARM.Collect$$libshutdown$$0000000A  c_w.l(libshutdown2.o)
    0x080003ca   0x080003ca   0x00000000   Code   RO         2164    .ARM.Collect$$libshutdown$$0000000C  c_w.l(libshutdown2.o)
    0x080003ca   0x080003ca   0x00000000   Code   RO         2167    .ARM.Collect$$libshutdown$$0000000F  c_w.l(libshutdown2.o)
    0x080003ca   0x080003ca   0x00000002   Code   RO         2168    .ARM.Collect$$libshutdown$$00000010  c_w.l(libshutdown2.o)
    0x080003cc   0x080003cc   0x00000000   Code   RO         1816    .ARM.Collect$$rtentry$$00000000  c_w.l(__rtentry.o)
    0x080003cc   0x080003cc   0x00000000   Code   RO         2002    .ARM.Collect$$rtentry$$00000002  c_w.l(__rtentry2.o)
    0x080003cc   0x080003cc   0x00000006   Code   RO         2014    .ARM.Collect$$rtentry$$00000004  c_w.l(__rtentry4.o)
    0x080003d2   0x080003d2   0x00000000   Code   RO         2004    .ARM.Collect$$rtentry$$00000009  c_w.l(__rtentry2.o)
    0x080003d2   0x080003d2   0x00000004   Code   RO         2005    .ARM.Collect$$rtentry$$0000000A  c_w.l(__rtentry2.o)
    0x080003d6   0x080003d6   0x00000000   Code   RO         2007    .ARM.Collect$$rtentry$$0000000C  c_w.l(__rtentry2.o)
    0x080003d6   0x080003d6   0x00000008   Code   RO         2008    .ARM.Collect$$rtentry$$0000000D  c_w.l(__rtentry2.o)
    0x080003de   0x080003de   0x00000002   Code   RO         2134    .ARM.Collect$$rtexit$$00000000  c_w.l(rtexit.o)
    0x080003e0   0x080003e0   0x00000000   Code   RO         2174    .ARM.Collect$$rtexit$$00000002  c_w.l(rtexit2.o)
    0x080003e0   0x080003e0   0x00000004   Code   RO         2175    .ARM.Collect$$rtexit$$00000003  c_w.l(rtexit2.o)
    0x080003e4   0x080003e4   0x00000006   Code   RO         2176    .ARM.Collect$$rtexit$$00000004  c_w.l(rtexit2.o)
    0x080003ea   0x080003ea   0x00000002   PAD
    0x080003ec   0x080003ec   0x00000040   Code   RO            4    .text               startup_stm32h750xx.o
    0x0800042c   0x0800042c   0x0000005e   Code   RO         1744    .text               c_w.l(h1_alloc.o)
    0x0800048a   0x0800048a   0x0000004e   Code   RO         1746    .text               c_w.l(h1_free.o)
    0x080004d8   0x080004d8   0x000000f0   Code   RO         1802    .text               c_w.l(lludivv7m.o)
    0x080005c8   0x080005c8   0x0000003c   Code   RO         1804    .text               c_w.l(vsnprintf.o)
    0x08000604   0x08000604   0x00000044   Code   RO         1806    .text               c_w.l(rt_memclr.o)
    0x08000648   0x08000648   0x0000004e   Code   RO         1808    .text               c_w.l(rt_memclr_w.o)
    0x08000696   0x08000696   0x00000006   Code   RO         1810    .text               c_w.l(heapauxi.o)
    0x0800069c   0x0800069c   0x00000008   Code   RO         1824    .text               c_w.l(rt_heap_descriptor_intlibspace.o)
    0x080006a4   0x080006a4   0x00000004   Code   RO         1826    .text               c_w.l(hguard.o)
    0x080006a8   0x080006a8   0x0000008a   Code   RO         1828    .text               c_w.l(init_alloc.o)
    0x08000732   0x08000732   0x0000000e   Code   RO         1832    .text               c_w.l(h1_init.o)
    0x08000740   0x08000740   0x0000004e   Code   RO         1846    .text               c_w.l(_printf_pad.o)
    0x0800078e   0x0800078e   0x00000024   Code   RO         1848    .text               c_w.l(_printf_truncate.o)
    0x080007b2   0x080007b2   0x00000052   Code   RO         1850    .text               c_w.l(_printf_str.o)
    0x08000804   0x08000804   0x00000078   Code   RO         1852    .text               c_w.l(_printf_dec.o)
    0x0800087c   0x0800087c   0x00000028   Code   RO         1854    .text               c_w.l(_printf_charcount.o)
    0x080008a4   0x080008a4   0x00000030   Code   RO         1856    .text               c_w.l(_printf_char_common.o)
    0x080008d4   0x080008d4   0x00000010   Code   RO         1858    .text               c_w.l(_snputc.o)
    0x080008e4   0x080008e4   0x000000bc   Code   RO         1860    .text               c_w.l(_printf_wctomb.o)
    0x080009a0   0x080009a0   0x0000007c   Code   RO         1863    .text               c_w.l(_printf_longlong_dec.o)
    0x08000a1c   0x08000a1c   0x00000070   Code   RO         1869    .text               c_w.l(_printf_oct_int_ll.o)
    0x08000a8c   0x08000a8c   0x00000094   Code   RO         1889    .text               c_w.l(_printf_hex_int_ll_ptr.o)
    0x08000b20   0x08000b20   0x00000188   Code   RO         1909    .text               c_w.l(__printf_flags_ss_wp.o)
    0x08000ca8   0x08000ca8   0x00000008   Code   RO         1998    .text               c_w.l(libspace.o)
    0x08000cb0   0x08000cb0   0x00000000   Code   RO         2020    .text               c_w.l(maybetermalloc1.o)
    0x08000cb0   0x08000cb0   0x00000034   Code   RO         2022    .text               c_w.l(h1_extend.o)
    0x08000ce4   0x08000ce4   0x0000008a   Code   RO         2026    .text               c_w.l(lludiv10.o)
    0x08000d6e   0x08000d6e   0x000000b2   Code   RO         2028    .text               c_w.l(_printf_intcommon.o)
    0x08000e20   0x08000e20   0x0000041c   Code   RO         2030    .text               c_w.l(_printf_fp_dec.o)
    0x0800123c   0x0800123c   0x000002fc   Code   RO         2034    .text               c_w.l(_printf_fp_hex.o)
    0x08001538   0x08001538   0x0000002c   Code   RO         2039    .text               c_w.l(_printf_char.o)
    0x08001564   0x08001564   0x0000002c   Code   RO         2041    .text               c_w.l(_printf_wchar.o)
    0x08001590   0x08001590   0x00000048   Code   RO         2044    .text               c_w.l(_c16rtomb.o)
    0x080015d8   0x080015d8   0x0000000e   Code   RO         2046    .text               c_w.l(defsig_rtmem_outer.o)
    0x080015e6   0x080015e6   0x00000002   Code   RO         2057    .text               c_w.l(use_no_semi.o)
    0x080015e8   0x080015e8   0x00000000   Code   RO         2059    .text               c_w.l(indicate_semi.o)
    0x080015e8   0x080015e8   0x0000004a   Code   RO         2060    .text               c_w.l(sys_stackheap_outer.o)
    0x08001632   0x08001632   0x00000002   PAD
    0x08001634   0x08001634   0x00000010   Code   RO         2062    .text               c_w.l(rt_ctype_table.o)
    0x08001644   0x08001644   0x00000008   Code   RO         2069    .text               c_w.l(rt_locale_intlibspace.o)
    0x0800164c   0x0800164c   0x00000080   Code   RO         2073    .text               c_w.l(_printf_fp_infnan.o)
    0x080016cc   0x080016cc   0x000000e4   Code   RO         2075    .text               c_w.l(bigflt0.o)
    0x080017b0   0x080017b0   0x00000012   Code   RO         2105    .text               c_w.l(exit.o)
    0x080017c2   0x080017c2   0x0000000a   Code   RO         2107    .text               c_w.l(defsig_exit.o)
    0x080017cc   0x080017cc   0x00000050   Code   RO         2113    .text               c_w.l(defsig_rtmem_inner.o)
    0x0800181c   0x0800181c   0x0000000c   Code   RO         2130    .text               c_w.l(sys_exit.o)
    0x08001828   0x08001828   0x00000032   Code   RO         2147    .text               c_w.l(defsig_general.o)
    0x0800185a   0x0800185a   0x00000006   PAD
    0x08001860   0x08001860   0x0000007c   Code   RO         2151    .text               c_w.l(strcmpv7m_pel.o)
    0x080018dc   0x080018dc   0x0000000e   Code   RO         2169    .text               c_w.l(sys_wrch.o)
    0x080018ea   0x080018ea   0x00000006   PAD
    0x080018f0   0x080018f0   0x00000004   Code   RO          113    .text.BusFault_Handler  stm32h7xx_it.o
    0x080018f4   0x080018f4   0x00000004   PAD
    0x080018f8   0x080018f8   0x00000002   Code   RO          119    .text.DebugMon_Handler  stm32h7xx_it.o
    0x080018fa   0x080018fa   0x00000006   PAD
    0x08001900   0x08001900   0x0000000e   Code   RO           19    .text.Error_Handler  main.o
    0x0800190e   0x0800190e   0x00000002   PAD
    0x08001910   0x08001910   0x000000d4   Code   RO         1628    .text.Get_gyr_value  gy901.o
    0x080019e4   0x080019e4   0x00000004   PAD
    0x080019e8   0x080019e8   0x00000042   Code   RO          912    .text.HAL_Delay     stm32h7xx_hal.o
    0x08001a2a   0x08001a2a   0x00000006   PAD
    0x08001a30   0x08001a30   0x000003c4   Code   RO          596    .text.HAL_GPIO_Init  stm32h7xx_hal_gpio.o
    0x08001df4   0x08001df4   0x00000004   PAD
    0x08001df8   0x08001df8   0x0000002e   Code   RO          602    .text.HAL_GPIO_WritePin  stm32h7xx_hal_gpio.o
    0x08001e26   0x08001e26   0x00000002   PAD
    0x08001e28   0x08001e28   0x0000000e   Code   RO          920    .text.HAL_GetREVID  stm32h7xx_hal.o
    0x08001e36   0x08001e36   0x00000002   PAD
    0x08001e38   0x08001e38   0x0000000c   Code   RO          904    .text.HAL_GetTick   stm32h7xx_hal.o
    0x08001e44   0x08001e44   0x00000004   PAD
    0x08001e48   0x08001e48   0x00000098   Code   RO          384    .text.HAL_I2CEx_ConfigAnalogFilter  stm32h7xx_hal_i2c_ex.o
    0x08001ee0   0x08001ee0   0x000000a2   Code   RO          386    .text.HAL_I2CEx_ConfigDigitalFilter  stm32h7xx_hal_i2c_ex.o
    0x08001f82   0x08001f82   0x00000006   PAD
    0x08001f88   0x08001f88   0x00000104   Code   RO          215    .text.HAL_I2C_Init  stm32h7xx_hal_i2c.o
    0x0800208c   0x0800208c   0x00000004   PAD
    0x08002090   0x08002090   0x0000021c   Code   RO          233    .text.HAL_I2C_Master_Receive  stm32h7xx_hal_i2c.o
    0x080022ac   0x080022ac   0x00000004   PAD
    0x080022b0   0x080022b0   0x0000021a   Code   RO          223    .text.HAL_I2C_Master_Transmit  stm32h7xx_hal_i2c.o
    0x080024ca   0x080024ca   0x00000006   PAD
    0x080024d0   0x080024d0   0x0000028a   Code   RO          283    .text.HAL_I2C_Mem_Read  stm32h7xx_hal_i2c.o
    0x0800275a   0x0800275a   0x00000006   PAD
    0x08002760   0x08002760   0x000000a8   Code   RO           40    .text.HAL_I2C_MspInit  i2c.o
    0x08002808   0x08002808   0x0000001a   Code   RO          902    .text.HAL_IncTick   stm32h7xx_hal.o
    0x08002822   0x08002822   0x00000006   PAD
    0x08002828   0x08002828   0x0000007a   Code   RO          892    .text.HAL_Init      stm32h7xx_hal.o
    0x080028a2   0x080028a2   0x00000006   PAD
    0x080028a8   0x080028a8   0x00000086   Code   RO          894    .text.HAL_InitTick  stm32h7xx_hal.o
    0x0800292e   0x0800292e   0x00000002   PAD
    0x08002930   0x08002930   0x00000024   Code   RO          134    .text.HAL_MspInit   stm32h7xx_hal_msp.o
    0x08002954   0x08002954   0x00000004   PAD
    0x08002958   0x08002958   0x00000014   Code   RO          154    .text.HAL_NVIC_EnableIRQ  stm32h7xx_hal_cortex.o
    0x0800296c   0x0800296c   0x00000004   PAD
    0x08002970   0x08002970   0x0000002e   Code   RO          146    .text.HAL_NVIC_SetPriority  stm32h7xx_hal_cortex.o
    0x0800299e   0x0800299e   0x00000002   PAD
    0x080029a0   0x080029a0   0x00000010   Code   RO          142    .text.HAL_NVIC_SetPriorityGrouping  stm32h7xx_hal_cortex.o
    0x080029b0   0x080029b0   0x000000a2   Code   RO          805    .text.HAL_PWREx_ConfigSupply  stm32h7xx_hal_pwr_ex.o
    0x08002a52   0x08002a52   0x00000006   PAD
    0x08002a58   0x08002a58   0x00000026   Code   RO          454    .text.HAL_RCCEx_GetD3PCLK1Freq  stm32h7xx_hal_rcc_ex.o
    0x08002a7e   0x08002a7e   0x00000002   PAD
    0x08002a80   0x08002a80   0x000002ac   Code   RO          450    .text.HAL_RCCEx_GetPLL2ClockFreq  stm32h7xx_hal_rcc_ex.o
    0x08002d2c   0x08002d2c   0x00000004   PAD
    0x08002d30   0x08002d30   0x000002ac   Code   RO          452    .text.HAL_RCCEx_GetPLL3ClockFreq  stm32h7xx_hal_rcc_ex.o
    0x08002fdc   0x08002fdc   0x00000004   PAD
    0x08002fe0   0x08002fe0   0x000010a0   Code   RO          438    .text.HAL_RCCEx_PeriphCLKConfig  stm32h7xx_hal_rcc_ex.o
    0x08004080   0x08004080   0x00000498   Code   RO          407    .text.HAL_RCC_ClockConfig  stm32h7xx_hal_rcc.o
    0x08004518   0x08004518   0x00000056   Code   RO          417    .text.HAL_RCC_GetHCLKFreq  stm32h7xx_hal_rcc.o
    0x0800456e   0x0800456e   0x00000002   PAD
    0x08004570   0x08004570   0x00000026   Code   RO          419    .text.HAL_RCC_GetPCLK1Freq  stm32h7xx_hal_rcc.o
    0x08004596   0x08004596   0x00000002   PAD
    0x08004598   0x08004598   0x00000026   Code   RO          421    .text.HAL_RCC_GetPCLK2Freq  stm32h7xx_hal_rcc.o
    0x080045be   0x080045be   0x00000002   PAD
    0x080045c0   0x080045c0   0x00000310   Code   RO          409    .text.HAL_RCC_GetSysClockFreq  stm32h7xx_hal_rcc.o
    0x080048d0   0x080048d0   0x00000b58   Code   RO          405    .text.HAL_RCC_OscConfig  stm32h7xx_hal_rcc.o
    0x08005428   0x08005428   0x00000010   Code   RO          166    .text.HAL_SYSTICK_Config  stm32h7xx_hal_cortex.o
    0x08005438   0x08005438   0x00000008   Code   RO         1358    .text.HAL_TIMEx_Break2Callback  stm32h7xx_hal_tim_ex.o
    0x08005440   0x08005440   0x00000008   Code   RO         1356    .text.HAL_TIMEx_BreakCallback  stm32h7xx_hal_tim_ex.o
    0x08005448   0x08005448   0x00000008   Code   RO         1352    .text.HAL_TIMEx_CommutCallback  stm32h7xx_hal_tim_ex.o
    0x08005450   0x08005450   0x00000158   Code   RO         1340    .text.HAL_TIMEx_MasterConfigSynchronization  stm32h7xx_hal_tim_ex.o
    0x080055a8   0x080055a8   0x000000a8   Code   RO         1023    .text.HAL_TIM_Base_Init  stm32h7xx_hal_tim.o
    0x08005650   0x08005650   0x00000082   Code   RO           66    .text.HAL_TIM_Base_MspInit  tim.o
    0x080056d2   0x080056d2   0x00000006   PAD
    0x080056d8   0x080056d8   0x00000104   Code   RO         1037    .text.HAL_TIM_Base_Start_IT  stm32h7xx_hal_tim.o
    0x080057dc   0x080057dc   0x00000004   PAD
    0x080057e0   0x080057e0   0x000001d0   Code   RO         1219    .text.HAL_TIM_ConfigClockSource  stm32h7xx_hal_tim.o
    0x080059b0   0x080059b0   0x00000134   Code   RO         1137    .text.HAL_TIM_Encoder_Init  stm32h7xx_hal_tim.o
    0x08005ae4   0x08005ae4   0x00000004   PAD
    0x08005ae8   0x08005ae8   0x0000015e   Code   RO           64    .text.HAL_TIM_Encoder_MspInit  tim.o
    0x08005c46   0x08005c46   0x00000002   PAD
    0x08005c48   0x08005c48   0x0000014e   Code   RO         1145    .text.HAL_TIM_Encoder_Start  stm32h7xx_hal_tim.o
    0x08005d96   0x08005d96   0x00000002   PAD
    0x08005d98   0x08005d98   0x00000008   Code   RO         1159    .text.HAL_TIM_IC_CaptureCallback  stm32h7xx_hal_tim.o
    0x08005da0   0x08005da0   0x000002b4   Code   RO         1157    .text.HAL_TIM_IRQHandler  stm32h7xx_hal_tim.o
    0x08006054   0x08006054   0x00000004   PAD
    0x08006058   0x08006058   0x00000068   Code   RO           60    .text.HAL_TIM_MspPostInit  tim.o
    0x080060c0   0x080060c0   0x00000008   Code   RO         1161    .text.HAL_TIM_OC_DelayElapsedCallback  stm32h7xx_hal_tim.o
    0x080060c8   0x080060c8   0x000001b0   Code   RO         1193    .text.HAL_TIM_PWM_ConfigChannel  stm32h7xx_hal_tim.o
    0x08006278   0x08006278   0x000000a8   Code   RO         1077    .text.HAL_TIM_PWM_Init  stm32h7xx_hal_tim.o
    0x08006320   0x08006320   0x00000008   Code   RO         1079    .text.HAL_TIM_PWM_MspInit  stm32h7xx_hal_tim.o
    0x08006328   0x08006328   0x00000008   Code   RO         1163    .text.HAL_TIM_PWM_PulseFinishedCallback  stm32h7xx_hal_tim.o
    0x08006330   0x08006330   0x0000027e   Code   RO         1085    .text.HAL_TIM_PWM_Start  stm32h7xx_hal_tim.o
    0x080065ae   0x080065ae   0x00000002   PAD
    0x080065b0   0x080065b0   0x0000000e   Code   RO           13    .text.HAL_TIM_PeriodElapsedCallback  main.o
    0x080065be   0x080065be   0x00000002   PAD
    0x080065c0   0x080065c0   0x00000008   Code   RO         1167    .text.HAL_TIM_TriggerCallback  stm32h7xx_hal_tim.o
    0x080065c8   0x080065c8   0x0000007c   Code   RO         1541    .text.HAL_UARTEx_DisableFifoMode  stm32h7xx_hal_uart_ex.o
    0x08006644   0x08006644   0x00000004   PAD
    0x08006648   0x08006648   0x0000008c   Code   RO         1545    .text.HAL_UARTEx_SetRxFifoThreshold  stm32h7xx_hal_uart_ex.o
    0x080066d4   0x080066d4   0x00000004   PAD
    0x080066d8   0x080066d8   0x0000008c   Code   RO         1543    .text.HAL_UARTEx_SetTxFifoThreshold  stm32h7xx_hal_uart_ex.o
    0x08006764   0x08006764   0x00000004   PAD
    0x08006768   0x08006768   0x000000aa   Code   RO         1371    .text.HAL_UART_Init  stm32h7xx_hal_uart.o
    0x08006812   0x08006812   0x00000006   PAD
    0x08006818   0x08006818   0x0000024e   Code   RO           92    .text.HAL_UART_MspInit  usart.o
    0x08006a66   0x08006a66   0x00000002   PAD
    0x08006a68   0x08006a68   0x00000138   Code   RO         1391    .text.HAL_UART_Transmit  stm32h7xx_hal_uart.o
    0x08006ba0   0x08006ba0   0x00000004   Code   RO          109    .text.HardFault_Handler  stm32h7xx_it.o
    0x08006ba4   0x08006ba4   0x00000004   PAD
    0x08006ba8   0x08006ba8   0x00000040   Code   RO          239    .text.I2C_Flush_TXDR  stm32h7xx_hal_i2c.o
    0x08006be8   0x08006be8   0x000001fe   Code   RO          375    .text.I2C_IsErrorOccurred  stm32h7xx_hal_i2c.o
    0x08006de6   0x08006de6   0x00000002   PAD
    0x08006de8   0x08006de8   0x000000be   Code   RO          285    .text.I2C_RequestMemoryRead  stm32h7xx_hal_i2c.o
    0x08006ea6   0x08006ea6   0x00000002   PAD
    0x08006ea8   0x08006ea8   0x00000054   Code   RO          227    .text.I2C_TransferConfig  stm32h7xx_hal_i2c.o
    0x08006efc   0x08006efc   0x00000004   PAD
    0x08006f00   0x08006f00   0x000000ae   Code   RO          225    .text.I2C_WaitOnFlagUntilTimeout  stm32h7xx_hal_i2c.o
    0x08006fae   0x08006fae   0x00000002   PAD
    0x08006fb0   0x08006fb0   0x0000013c   Code   RO          235    .text.I2C_WaitOnRXNEFlagUntilTimeout  stm32h7xx_hal_i2c.o
    0x080070ec   0x080070ec   0x00000004   PAD
    0x080070f0   0x080070f0   0x000000a2   Code   RO          231    .text.I2C_WaitOnSTOPFlagUntilTimeout  stm32h7xx_hal_i2c.o
    0x08007192   0x08007192   0x00000006   PAD
    0x08007198   0x08007198   0x000000ac   Code   RO          229    .text.I2C_WaitOnTXISFlagUntilTimeout  stm32h7xx_hal_i2c.o
    0x08007244   0x08007244   0x00000004   PAD
    0x08007248   0x08007248   0x00000154   Code   RO           30    .text.MX_GPIO_Init  gpio.o
    0x0800739c   0x0800739c   0x00000004   PAD
    0x080073a0   0x080073a0   0x00000076   Code   RO           38    .text.MX_I2C1_Init  i2c.o
    0x08007416   0x08007416   0x00000002   PAD
    0x08007418   0x08007418   0x00000082   Code   RO           52    .text.MX_TIM1_Init  tim.o
    0x0800749a   0x0800749a   0x00000006   PAD
    0x080074a0   0x080074a0   0x0000007a   Code   RO           54    .text.MX_TIM2_Init  tim.o
    0x0800751a   0x0800751a   0x00000006   PAD
    0x08007520   0x08007520   0x0000007e   Code   RO           56    .text.MX_TIM3_Init  tim.o
    0x0800759e   0x0800759e   0x00000002   PAD
    0x080075a0   0x080075a0   0x0000010c   Code   RO           58    .text.MX_TIM4_Init  tim.o
    0x080076ac   0x080076ac   0x00000004   PAD
    0x080076b0   0x080076b0   0x0000008a   Code   RO           62    .text.MX_TIM5_Init  tim.o
    0x0800773a   0x0800773a   0x00000006   PAD
    0x08007740   0x08007740   0x0000008e   Code   RO           84    .text.MX_UART4_Init  usart.o
    0x080077ce   0x080077ce   0x00000002   PAD
    0x080077d0   0x080077d0   0x0000008e   Code   RO           86    .text.MX_USART1_UART_Init  usart.o
    0x0800785e   0x0800785e   0x00000002   PAD
    0x08007860   0x08007860   0x0000008e   Code   RO           88    .text.MX_USART2_UART_Init  usart.o
    0x080078ee   0x080078ee   0x00000002   PAD
    0x080078f0   0x080078f0   0x0000008e   Code   RO           90    .text.MX_USART3_UART_Init  usart.o
    0x0800797e   0x0800797e   0x00000002   PAD
    0x08007980   0x08007980   0x00000004   Code   RO          111    .text.MemManage_Handler  stm32h7xx_it.o
    0x08007984   0x08007984   0x00000004   PAD
    0x08007988   0x08007988   0x00000004   Code   RO          107    .text.NMI_Handler   stm32h7xx_it.o
    0x0800798c   0x0800798c   0x00000004   PAD
    0x08007990   0x08007990   0x0000006c   Code   RO          152    .text.NVIC_EncodePriority  stm32h7xx_hal_cortex.o
    0x080079fc   0x080079fc   0x00000004   PAD
    0x08007a00   0x08007a00   0x00000002   Code   RO          121    .text.PendSV_Handler  stm32h7xx_it.o
    0x08007a02   0x08007a02   0x00000006   PAD
    0x08007a08   0x08007a08   0x000001ca   Code   RO          440    .text.RCCEx_PLL2_Config  stm32h7xx_hal_rcc_ex.o
    0x08007bd2   0x08007bd2   0x00000006   PAD
    0x08007bd8   0x08007bd8   0x000001ca   Code   RO          442    .text.RCCEx_PLL3_Config  stm32h7xx_hal_rcc_ex.o
    0x08007da2   0x08007da2   0x00000006   PAD
    0x08007da8   0x08007da8   0x00000002   Code   RO          117    .text.SVC_Handler   stm32h7xx_it.o
    0x08007daa   0x08007daa   0x00000006   PAD
    0x08007db0   0x08007db0   0x00000052   Code   RO          168    .text.SysTick_Config  stm32h7xx_hal_cortex.o
    0x08007e02   0x08007e02   0x00000006   PAD
    0x08007e08   0x08007e08   0x00000008   Code   RO          123    .text.SysTick_Handler  stm32h7xx_it.o
    0x08007e10   0x08007e10   0x000000e4   Code   RO           17    .text.SystemClock_Config  main.o
    0x08007ef4   0x08007ef4   0x00000004   PAD
    0x08007ef8   0x08007ef8   0x00000160   Code   RO         1564    .text.SystemInit    system_stm32h7xx.o
    0x08008058   0x08008058   0x00000010   Code   RO          125    .text.TIM5_IRQHandler  stm32h7xx_it.o
    0x08008068   0x08008068   0x0000019a   Code   RO         1027    .text.TIM_Base_SetConfig  stm32h7xx_hal_tim.o
    0x08008202   0x08008202   0x00000006   PAD
    0x08008208   0x08008208   0x00000036   Code   RO         1061    .text.TIM_CCxChannelCmd  stm32h7xx_hal_tim.o
    0x0800823e   0x0800823e   0x00000002   PAD
    0x08008240   0x08008240   0x00000034   Code   RO         1217    .text.TIM_ETR_SetConfig  stm32h7xx_hal_tim.o
    0x08008274   0x08008274   0x00000004   PAD
    0x08008278   0x08008278   0x00000030   Code   RO         1223    .text.TIM_ITRx_SetConfig  stm32h7xx_hal_tim.o
    0x080082a8   0x080082a8   0x00000150   Code   RO         1171    .text.TIM_OC1_SetConfig  stm32h7xx_hal_tim.o
    0x080083f8   0x080083f8   0x0000016c   Code   RO         1173    .text.TIM_OC2_SetConfig  stm32h7xx_hal_tim.o
    0x08008564   0x08008564   0x00000004   PAD
    0x08008568   0x08008568   0x0000016a   Code   RO         1175    .text.TIM_OC3_SetConfig  stm32h7xx_hal_tim.o
    0x080086d2   0x080086d2   0x00000006   PAD
    0x080086d8   0x080086d8   0x000000da   Code   RO         1177    .text.TIM_OC4_SetConfig  stm32h7xx_hal_tim.o
    0x080087b2   0x080087b2   0x00000006   PAD
    0x080087b8   0x080087b8   0x000000d0   Code   RO         1179    .text.TIM_OC5_SetConfig  stm32h7xx_hal_tim.o
    0x08008888   0x08008888   0x000000d2   Code   RO         1181    .text.TIM_OC6_SetConfig  stm32h7xx_hal_tim.o
    0x0800895a   0x0800895a   0x00000006   PAD
    0x08008960   0x08008960   0x00000050   Code   RO         1221    .text.TIM_TI1_ConfigInputStage  stm32h7xx_hal_tim.o
    0x080089b0   0x080089b0   0x00000052   Code   RO         1225    .text.TIM_TI2_ConfigInputStage  stm32h7xx_hal_tim.o
    0x08008a02   0x08008a02   0x00000006   PAD
    0x08008a08   0x08008a08   0x00000086   Code   RO         1539    .text.UARTEx_SetNbDataToProcess  stm32h7xx_hal_uart_ex.o
    0x08008a8e   0x08008a8e   0x00000002   PAD
    0x08008a90   0x08008a90   0x00000148   Code   RO         1377    .text.UART_AdvFeatureConfig  stm32h7xx_hal_uart.o
    0x08008bd8   0x08008bd8   0x00000146   Code   RO         1379    .text.UART_CheckIdleState  stm32h7xx_hal_uart.o
    0x08008d1e   0x08008d1e   0x00000002   PAD
    0x08008d20   0x08008d20   0x0000009e   Code   RO         1431    .text.UART_EndRxTransfer  stm32h7xx_hal_uart.o
    0x08008dbe   0x08008dbe   0x00000002   PAD
    0x08008dc0   0x08008dc0   0x00000922   Code   RO         1375    .text.UART_SetConfig  stm32h7xx_hal_uart.o
    0x080096e2   0x080096e2   0x00000006   PAD
    0x080096e8   0x080096e8   0x000000fc   Code   RO         1393    .text.UART_WaitOnFlagUntilTimeout  stm32h7xx_hal_uart.o
    0x080097e4   0x080097e4   0x00000004   PAD
    0x080097e8   0x080097e8   0x00000004   Code   RO          115    .text.UsageFault_Handler  stm32h7xx_it.o
    0x080097ec   0x080097ec   0x00000004   PAD
    0x080097f0   0x080097f0   0x00000030   Code   RO          156    .text.__NVIC_EnableIRQ  stm32h7xx_hal_cortex.o
    0x08009820   0x08009820   0x00000010   Code   RO          148    .text.__NVIC_GetPriorityGrouping  stm32h7xx_hal_cortex.o
    0x08009830   0x08009830   0x00000042   Code   RO          150    .text.__NVIC_SetPriority  stm32h7xx_hal_cortex.o
    0x08009872   0x08009872   0x00000006   PAD
    0x08009878   0x08009878   0x0000003c   Code   RO          144    .text.__NVIC_SetPriorityGrouping  stm32h7xx_hal_cortex.o
    0x080098b4   0x080098b4   0x00000004   PAD
    0x080098b8   0x080098b8   0x00000020   Code   RO         1582    .text.abs           motor.o
    0x080098d8   0x080098d8   0x0000002a   Code   RO         1686    .text.abs_XZ        turn.o
    0x08009902   0x08009902   0x00000006   PAD
    0x08009908   0x08009908   0x00000052   Code   RO         1715    .text.buzzer_ring   buzzer.o
    0x0800995a   0x0800995a   0x00000006   PAD
    0x08009960   0x08009960   0x00000092   Code   RO         1609    .text.get_D         pid.o
    0x080099f2   0x080099f2   0x00000006   PAD
    0x080099f8   0x080099f8   0x00000064   Code   RO         1607    .text.get_I         pid.o
    0x08009a5c   0x08009a5c   0x00000004   PAD
    0x08009a60   0x08009a60   0x0000003c   Code   RO         1605    .text.get_P         pid.o
    0x08009a9c   0x08009a9c   0x00000004   PAD
    0x08009aa0   0x08009aa0   0x0000006c   Code   RO         1723    .text.gw_gray_get_line_digital_is_black  gw_findline.o
    0x08009b0c   0x08009b0c   0x00000004   PAD
    0x08009b10   0x08009b10   0x00000080   Code   RO         1601    .text.initPID       pid.o
    0x08009b90   0x08009b90   0x00000088   Code   RO         1659    .text.limit         pid_yuan.o
    0x08009c18   0x08009c18   0x0000006c   Code   RO           15    .text.main          main.o
    0x08009c84   0x08009c84   0x00000004   PAD
    0x08009c88   0x08009c88   0x0000008a   Code   RO         1636    .text.motor_driver  motor_control.o
    0x08009d12   0x08009d12   0x00000006   PAD
    0x08009d18   0x08009d18   0x0000007a   Code   RO         1580    .text.motor_getSpeed  motor.o
    0x08009d92   0x08009d92   0x00000006   PAD
    0x08009d98   0x08009d98   0x00000148   Code   RO         1578    .text.motor_init    motor.o
    0x08009ee0   0x08009ee0   0x0000027c   Code   RO         1584    .text.motor_setSpeed  motor.o
    0x0800a15c   0x0800a15c   0x00000004   PAD
    0x0800a160   0x0800a160   0x00000086   Code   RO         1586    .text.motor_stop    motor.o
    0x0800a1e6   0x0800a1e6   0x00000002   PAD
    0x0800a1e8   0x0800a1e8   0x00000114   Code   RO         1657    .text.pid_inc       pid_yuan.o
    0x0800a2fc   0x0800a2fc   0x00000004   PAD
    0x0800a300   0x0800a300   0x00000070   Code   RO         1653    .text.pid_init      pid_yuan.o
    0x0800a370   0x0800a370   0x000000c2   Code   RO         1620    .text.printTo       printto.o
    0x0800a432   0x0800a432   0x00000006   PAD
    0x0800a438   0x0800a438   0x00000064   Code   RO         1611    .text.returnPID     pid.o
    0x0800a49c   0x0800a49c   0x00000004   PAD
    0x0800a4a0   0x0800a4a0   0x00000090   Code   RO         1694    .text.start_turn    turn.o
    0x0800a530   0x0800a530   0x00000178   Code   RO         1670    .text.straight      straight.o
    0x0800a6a8   0x0800a6a8   0x00000230   Code   RO         1692    .text.turn          turn.o
    0x0800a8d8   0x0800a8d8   0x00000036   Code   RO         1684    .text.turn_head_abs  turn.o
    0x0800a90e   0x0800a90e   0x00000002   PAD
    0x0800a910   0x0800a910   0x00000114   Code   RO         1690    .text.turn_head_diff  turn.o
    0x0800aa24   0x0800aa24   0x00000004   PAD
    0x0800aa28   0x0800aa28   0x00000048   Code   RO         1688    .text.turn_head_init  turn.o
    0x0800aa70   0x0800aa70   0x00000044   Code   RO         1603    .text.update_Data   pid.o
    0x0800aab4   0x0800aab4   0x0000003e   Code   RO         2078    CL$$btod_d2e        c_w.l(btod.o)
    0x0800aaf2   0x0800aaf2   0x00000046   Code   RO         2080    CL$$btod_d2e_denorm_low  c_w.l(btod.o)
    0x0800ab38   0x0800ab38   0x00000060   Code   RO         2079    CL$$btod_d2e_norm_op1  c_w.l(btod.o)
    0x0800ab98   0x0800ab98   0x00000338   Code   RO         2088    CL$$btod_div_common  c_w.l(btod.o)
    0x0800aed0   0x0800aed0   0x000000dc   Code   RO         2085    CL$$btod_e2e        c_w.l(btod.o)
    0x0800afac   0x0800afac   0x0000002a   Code   RO         2082    CL$$btod_ediv       c_w.l(btod.o)
    0x0800afd6   0x0800afd6   0x0000002a   Code   RO         2081    CL$$btod_emul       c_w.l(btod.o)
    0x0800b000   0x0800b000   0x00000244   Code   RO         2087    CL$$btod_mult_common  c_w.l(btod.o)
    0x0800b244   0x0800b244   0x00000030   Code   RO         2128    i.__ARM_fpclassify  m_wv.l(fpclassify.o)
    0x0800b274   0x0800b274   0x0000000e   Code   RO         1902    i._is_digit         c_w.l(__printf_wp.o)
    0x0800b282   0x0800b282   0x00000002   PAD
    0x0800b284   0x0800b284   0x0000002c   Code   RO         2103    locale$$code        c_w.l(lc_numeric_c.o)
    0x0800b2b0   0x0800b2b0   0x0000002c   Code   RO         2143    locale$$code        c_w.l(lc_ctype_c.o)
    0x0800b2dc   0x0800b2dc   0x0000001a   Code   RO         2055    x$fpl$fpinit        fz_wv.l(fpinit.o)
    0x0800b2f6   0x0800b2f6   0x00000004   Code   RO         1986    x$fpl$printf1       fz_wv.l(printf1.o)
    0x0800b2fa   0x0800b2fa   0x00000004   Code   RO         1988    x$fpl$printf2       fz_wv.l(printf2.o)
    0x0800b2fe   0x0800b2fe   0x00000000   Code   RO         2127    x$fpl$usenofp       fz_wv.l(usenofp.o)
    0x0800b2fe   0x0800b2fe   0x00000002   PAD
    0x0800b300   0x0800b300   0x00000008   Data   RO         1861    .constdata          c_w.l(_printf_wctomb.o)
    0x0800b308   0x0800b308   0x00000028   Data   RO         1890    .constdata          c_w.l(_printf_hex_int_ll_ptr.o)
    0x0800b330   0x0800b330   0x00000011   Data   RO         1910    .constdata          c_w.l(__printf_flags_ss_wp.o)
    0x0800b341   0x0800b341   0x00000026   Data   RO         2035    .constdata          c_w.l(_printf_fp_hex.o)
    0x0800b367   0x0800b367   0x00000001   PAD
    0x0800b368   0x0800b368   0x00000094   Data   RO         2076    .constdata          c_w.l(bigflt0.o)
    0x0800b3fc   0x0800b3fc   0x00000010   Data   RO         1570    .rodata.D1CorePrescTable  system_stm32h7xx.o
    0x0800b40c   0x0800b40c   0x00000008   Data   RO         1556    .rodata.UARTEx_SetNbDataToProcess.denominator  stm32h7xx_hal_uart_ex.o
    0x0800b414   0x0800b414   0x00000008   Data   RO         1555    .rodata.UARTEx_SetNbDataToProcess.numerator  stm32h7xx_hal_uart_ex.o
    0x0800b41c   0x0800b41c   0x00000018   Data   RO         1511    .rodata.UARTPrescTable  stm32h7xx_hal_uart.o
    0x0800b434   0x0800b434   0x00000015   Data   RO         1676    .rodata.str1.1      straight.o
    0x0800b449   0x0800b449   0x00000003   PAD
    0x0800b44c   0x0800b44c   0x00000020   Data   RO         2202    Region$$Table       anon$$obj.o
    0x0800b46c   0x0800b46c   0x0000001c   Data   RO         2102    locale$$data        c_w.l(lc_numeric_c.o)
    0x0800b488   0x0800b488   0x00000110   Data   RO         2142    locale$$data        c_w.l(lc_ctype_c.o)


    Execution Region RW_IRAM1 (Exec base: 0x20000000, Load base: 0x0800b598, Size: 0x00000000, Max: 0x00020000, ABSOLUTE)

    **** No section assigned to this execution region ****


    Execution Region RW_IRAM2 (Exec base: 0x24000000, Load base: 0x0800b598, Size: 0x00000ba0, Max: 0x00080000, ABSOLUTE)

    Exec Addr    Load Addr    Size         Type   Attr      Idx    E Section Name        Object

    0x24000000   0x0800b598   0x00000004   Data   RW         1568    .data.SystemCoreClock  system_stm32h7xx.o
    0x24000004   0x0800b59c   0x00000004   Data   RW         1569    .data.SystemD2Clock  system_stm32h7xx.o
    0x24000008   0x0800b5a0   0x00000001   Data   RW          989    .data.uwTickFreq    stm32h7xx_hal.o
    0x24000009   0x0800b5a1   0x00000003   PAD
    0x2400000c   0x0800b5a4   0x00000004   Data   RW          988    .data.uwTickPrio    stm32h7xx_hal.o
    0x24000010        -       0x00000060   Zero   RW         1999    .bss                c_w.l(libspace.o)
    0x24000070        -       0x00000004   Zero   RW         1591    .bss.M1_P_buf       motor.o
    0x24000074        -       0x00000004   Zero   RW         1592    .bss.M2_P_buf       motor.o
    0x24000078        -       0x00000004   Zero   RW         1588    .bss.M_1            motor.o
    0x2400007c        -       0x00000004   Zero   RW         1589    .bss.M_2            motor.o
    0x24000080        -       0x00000004   Zero   RW         1590    .bss.M_3            motor.o
    0x24000084        -       0x00000004   Zero   RW         1698    .bss.angle          turn.o
    0x24000088        -       0x00000001   Zero   RW         1643    .bss.gun_cur        motor_control.o
    0x24000089        -       0x00000001   Zero   RW         1640    .bss.gun_tar        motor_control.o
    0x2400008a   0x0800b5a8   0x00000002   PAD
    0x2400008c        -       0x00000054   Zero   RW           44    .bss.hi2c1          i2c.o
    0x240000e0        -       0x0000004c   Zero   RW           72    .bss.htim1          tim.o
    0x2400012c        -       0x0000004c   Zero   RW           73    .bss.htim2          tim.o
    0x24000178        -       0x0000004c   Zero   RW           74    .bss.htim3          tim.o
    0x240001c4        -       0x0000004c   Zero   RW           75    .bss.htim4          tim.o
    0x24000210        -       0x0000004c   Zero   RW           76    .bss.htim5          tim.o
    0x2400025c        -       0x00000094   Zero   RW           97    .bss.huart1         usart.o
    0x240002f0        -       0x00000094   Zero   RW           98    .bss.huart2         usart.o
    0x24000384        -       0x00000094   Zero   RW           99    .bss.huart3         usart.o
    0x24000418        -       0x00000094   Zero   RW           96    .bss.huart4         usart.o
    0x240004ac        -       0x00000001   Zero   RW         1641    .bss.left_cur       motor_control.o
    0x240004ad        -       0x00000001   Zero   RW         1638    .bss.left_tar       motor_control.o
    0x240004ae   0x0800b5a8   0x00000002   PAD
    0x240004b0        -       0x00000004   Zero   RW         1593    .bss.motor_setSpeed.M3_P_buf  motor.o
    0x240004b4        -       0x00000001   Zero   RW         1646    .bss.moving_flag    motor_control.o
    0x240004b5   0x0800b5a8   0x00000003   PAD
    0x240004b8        -       0x00000004   Zero   RW         1701    .bss.origin         turn.o
    0x240004bc        -       0x00000001   Zero   RW         1642    .bss.right_cur      motor_control.o
    0x240004bd        -       0x00000001   Zero   RW         1639    .bss.right_tar      motor_control.o
    0x240004be   0x0800b5a8   0x00000002   PAD
    0x240004c0        -       0x00000004   Zero   RW         1673    .bss.speed_XZ_pid   straight.o
    0x240004c4        -       0x00000004   Zero   RW         1674    .bss.straight.left_L  straight.o
    0x240004c8        -       0x00000004   Zero   RW         1675    .bss.straight.right_L  straight.o
    0x240004cc        -       0x00000002   Zero   RW         1672    .bss.straight_L     straight.o
    0x240004ce        -       0x00000001   Zero   RW         1645    .bss.straight_flag  motor_control.o
    0x240004cf   0x0800b5a8   0x00000001   PAD
    0x240004d0        -       0x00000002   Zero   RW         1703    .bss.turn.left_L    turn.o
    0x240004d2        -       0x00000002   Zero   RW         1704    .bss.turn.right_L   turn.o
    0x240004d4        -       0x00000004   Zero   RW         1700    .bss.turn_XZ_pid    turn.o
    0x240004d8        -       0x00000001   Zero   RW         1696    .bss.turn_cnt       turn.o
    0x240004d9        -       0x00000001   Zero   RW         1644    .bss.turn_flag      motor_control.o
    0x240004da   0x0800b5a8   0x00000002   PAD
    0x240004dc        -       0x000000b8   Zero   RW         1702    .bss.turn_head_data  turn.o
    0x24000594        -       0x00000001   Zero   RW         1697    .bss.turn_init_flag  turn.o
    0x24000595   0x0800b5a8   0x00000003   PAD
    0x24000598        -       0x00000004   Zero   RW          990    .bss.uwTick         stm32h7xx_hal.o
    0x2400059c   0x0800b5a8   0x00000004   PAD
    0x240005a0        -       0x00000200   Zero   RW            2    HEAP                startup_stm32h750xx.o
    0x240007a0        -       0x00000400   Zero   RW            1    STACK               startup_stm32h750xx.o


==============================================================================

Image component sizes


      Code (inc. data)   RO Data    RW Data    ZI Data      Debug   Object Name

        82          0          0          0          0        921   buzzer.o
       340          0          0          0          0       3024   gpio.o
       108          0          0          0          0       1222   gw_findline.o
       212         20          0          0          0        949   gy901.o
       286          0          0          0         84       7939   i2c.o
       364          4          0          0          0       6919   main.o
      1252          4          0          0         24       2503   motor.o
       138          0          0          0          9        933   motor_control.o
       602          0          0          0          0       2008   pid.o
       524          4          0          0          0       1752   pid_yuan.o
       194          0          0          0          0       1038   printto.o
        64         26        664          0       1536        836   startup_stm32h750xx.o
       374          0          0          5          4      13760   stm32h7xx_hal.o
       478          0          0          0          0      11320   stm32h7xx_hal_cortex.o
      1010          0          0          0          0       6975   stm32h7xx_hal_gpio.o
      3660          0          0          0          0      35941   stm32h7xx_hal_i2c.o
       314          0          0          0          0       7324   stm32h7xx_hal_i2c_ex.o
        36          0          0          0          0       2222   stm32h7xx_hal_msp.o
       162          0          0          0          0      10301   stm32h7xx_hal_pwr_ex.o
      5026         66          0          0          0      11873   stm32h7xx_hal_rcc.o
      6578         96          0          0          0      19252   stm32h7xx_hal_rcc_ex.o
      5928         22          0          0          0      37340   stm32h7xx_hal_tim.o
       368          0          0          0          0      17436   stm32h7xx_hal_tim_ex.o
      3884        258         24          0          0      29071   stm32h7xx_hal_uart.o
       538          0         16          0          0       8837   stm32h7xx_hal_uart_ex.o
        50          0          0          0          0       1097   stm32h7xx_it.o
       376          4         21          0         14       1532   straight.o
       352          0         16          8          0       5797   system_stm32h7xx.o
      1368          0          0          0        380      12504   tim.o
      1148         36          0          0        202       3017   turn.o
      1158          0          0          0        592       9188   usart.o

    ----------------------------------------------------------------------
     37380        564        776         16       2864     274831   Object Totals
         0          0         32          0          0          0   (incl. Generated)
       406         24          3          3         19          0   (incl. Padding)

    ----------------------------------------------------------------------

      Code (inc. data)   RO Data    RW Data    ZI Data      Debug   Library Member Name

         8          0          0          0          0         68   __main.o
       392          4         17          0          0         92   __printf_flags_ss_wp.o
        14          0          0          0          0         68   __printf_wp.o
         0          0          0          0          0          0   __rtentry.o
        12          0          0          0          0          0   __rtentry2.o
         6          0          0          0          0          0   __rtentry4.o
        52          8          0          0          0          0   __scatter.o
        26          0          0          0          0          0   __scatter_copy.o
        28          0          0          0          0          0   __scatter_zi.o
        72          0          0          0          0         96   _c16rtomb.o
         6          0          0          0          0          0   _printf_a.o
         6          0          0          0          0          0   _printf_c.o
        44          0          0          0          0        108   _printf_char.o
        48          6          0          0          0         96   _printf_char_common.o
        40          0          0          0          0         68   _printf_charcount.o
         6          0          0          0          0          0   _printf_d.o
       120         16          0          0          0         92   _printf_dec.o
         6          0          0          0          0          0   _printf_e.o
         6          0          0          0          0          0   _printf_f.o
      1052          0          0          0          0        148   _printf_fp_dec.o
       764          8         38          0          0        100   _printf_fp_hex.o
       128         16          0          0          0         84   _printf_fp_infnan.o
         6          0          0          0          0          0   _printf_g.o
       148          4         40          0          0        160   _printf_hex_int_ll_ptr.o
         6          0          0          0          0          0   _printf_i.o
       178          0          0          0          0         88   _printf_intcommon.o
        10          0          0          0          0          0   _printf_l.o
         6          0          0          0          0          0   _printf_lc.o
        10          0          0          0          0          0   _printf_ll.o
         6          0          0          0          0          0   _printf_lld.o
         6          0          0          0          0          0   _printf_lli.o
         6          0          0          0          0          0   _printf_llo.o
         6          0          0          0          0          0   _printf_llu.o
         6          0          0          0          0          0   _printf_llx.o
       124         16          0          0          0         92   _printf_longlong_dec.o
         6          0          0          0          0          0   _printf_ls.o
         6          0          0          0          0          0   _printf_n.o
         6          0          0          0          0          0   _printf_o.o
       112          8          0          0          0        124   _printf_oct_int_ll.o
         6          0          0          0          0          0   _printf_p.o
        78          0          0          0          0        108   _printf_pad.o
         0          0          0          0          0          0   _printf_percent.o
         4          0          0          0          0          0   _printf_percent_end.o
         6          0          0          0          0          0   _printf_s.o
        82          0          0          0          0         80   _printf_str.o
        36          0          0          0          0         84   _printf_truncate.o
         6          0          0          0          0          0   _printf_u.o
        44          0          0          0          0        108   _printf_wchar.o
       188          6          8          0          0         92   _printf_wctomb.o
         6          0          0          0          0          0   _printf_x.o
        16          0          0          0          0         68   _snputc.o
       228          4        148          0          0         96   bigflt0.o
      1936        128          0          0          0        668   btod.o
        10          0          0          0          0         68   defsig_exit.o
        50          0          0          0          0         88   defsig_general.o
        80         58          0          0          0         76   defsig_rtmem_inner.o
        14          0          0          0          0         80   defsig_rtmem_outer.o
        18          0          0          0          0         80   exit.o
        94          0          0          0          0         80   h1_alloc.o
        52          0          0          0          0         68   h1_extend.o
        78          0          0          0          0         80   h1_free.o
        14          0          0          0          0         84   h1_init.o
         6          0          0          0          0        152   heapauxi.o
         4          0          0          0          0        136   hguard.o
         0          0          0          0          0          0   indicate_semi.o
       138          0          0          0          0        168   init_alloc.o
        44         10        272          0          0         76   lc_ctype_c.o
        44         10         28          0          0         76   lc_numeric_c.o
         2          0          0          0          0          0   libinit.o
        42          0          0          0          0          0   libinit2.o
         2          0          0          0          0          0   libshutdown.o
         2          0          0          0          0          0   libshutdown2.o
         8          4          0          0         96         68   libspace.o
       138          0          0          0          0         80   lludiv10.o
       240          0          0          0          0        100   lludivv7m.o
         0          0          0          0          0          0   maybetermalloc1.o
        16          4          0          0          0         76   rt_ctype_table.o
         8          4          0          0          0         68   rt_heap_descriptor_intlibspace.o
         8          4          0          0          0         68   rt_locale_intlibspace.o
        68          0          0          0          0         68   rt_memclr.o
        78          0          0          0          0         80   rt_memclr_w.o
         2          0          0          0          0          0   rtexit.o
        10          0          0          0          0          0   rtexit2.o
       124          0          0          0          0         88   strcmpv7m_pel.o
        12          4          0          0          0         68   sys_exit.o
        74          0          0          0          0         80   sys_stackheap_outer.o
        14          0          0          0          0         76   sys_wrch.o
         2          0          0          0          0         68   use_no_semi.o
        60          4          0          0          0         80   vsnprintf.o
        26          0          0          0          0        116   fpinit.o
         4          0          0          0          0        116   printf1.o
         4          0          0          0          0        116   printf2.o
         0          0          0          0          0          0   usenofp.o
        48          0          0          0          0        124   fpclassify.o

    ----------------------------------------------------------------------
      7780        326        552          0         96       5640   Library Totals
        22          0          1          0          0          0   (incl. Padding)

    ----------------------------------------------------------------------

      Code (inc. data)   RO Data    RW Data    ZI Data      Debug   Library Name

      7676        326        551          0         96       5168   c_w.l
        34          0          0          0          0        348   fz_wv.l
        48          0          0          0          0        124   m_wv.l

    ----------------------------------------------------------------------
      7780        326        552          0         96       5640   Library Totals

    ----------------------------------------------------------------------

==============================================================================


      Code (inc. data)   RO Data    RW Data    ZI Data      Debug   

     45160        890       1328         16       2960     276831   Grand Totals
     45160        890       1328         16       2960     276831   ELF Image Totals
     45160        890       1328         16          0          0   ROM Totals

==============================================================================

    Total RO  Size (Code + RO Data)                46488 (  45.40kB)
    Total RW  Size (RW Data + ZI Data)              2976 (   2.91kB)
    Total ROM Size (Code + RO Data + RW Data)      46504 (  45.41kB)

==============================================================================

