Component: Arm Compiler for Embedded 6.19 Tool: armlink [5e73cb00]

==============================================================================

Section Cross References

    startup_stm32h750xx.o(STACK) refers (Special) to heapauxi.o(.text) for __use_two_region_memory
    startup_stm32h750xx.o(HEAP) refers (Special) to heapauxi.o(.text) for __use_two_region_memory
    startup_stm32h750xx.o(RESET) refers (Special) to heapauxi.o(.text) for __use_two_region_memory
    startup_stm32h750xx.o(RESET) refers to startup_stm32h750xx.o(STACK) for __initial_sp
    startup_stm32h750xx.o(RESET) refers to startup_stm32h750xx.o(.text) for Reset_Handler
    startup_stm32h750xx.o(RESET) refers to stm32h7xx_it.o(.text.NMI_Handler) for NMI_Handler
    startup_stm32h750xx.o(RESET) refers to stm32h7xx_it.o(.text.HardFault_Handler) for HardFault_Handler
    startup_stm32h750xx.o(RESET) refers to stm32h7xx_it.o(.text.MemManage_Handler) for MemManage_Handler
    startup_stm32h750xx.o(RESET) refers to stm32h7xx_it.o(.text.BusFault_Handler) for BusFault_Handler
    startup_stm32h750xx.o(RESET) refers to stm32h7xx_it.o(.text.UsageFault_Handler) for UsageFault_Handler
    startup_stm32h750xx.o(RESET) refers to stm32h7xx_it.o(.text.SVC_Handler) for SVC_Handler
    startup_stm32h750xx.o(RESET) refers to stm32h7xx_it.o(.text.DebugMon_Handler) for DebugMon_Handler
    startup_stm32h750xx.o(RESET) refers to stm32h7xx_it.o(.text.PendSV_Handler) for PendSV_Handler
    startup_stm32h750xx.o(RESET) refers to stm32h7xx_it.o(.text.SysTick_Handler) for SysTick_Handler
    startup_stm32h750xx.o(RESET) refers to stm32h7xx_it.o(.text.TIM5_IRQHandler) for TIM5_IRQHandler
    startup_stm32h750xx.o(.text) refers (Special) to heapauxi.o(.text) for __use_two_region_memory
    startup_stm32h750xx.o(.text) refers to system_stm32h7xx.o(.text.SystemInit) for SystemInit
    startup_stm32h750xx.o(.text) refers to __main.o(!!!main) for __main
    startup_stm32h750xx.o(.text) refers to startup_stm32h750xx.o(HEAP) for Heap_Mem
    startup_stm32h750xx.o(.text) refers to startup_stm32h750xx.o(STACK) for Stack_Mem
    main.o(.text.HAL_TIM_PeriodElapsedCallback) refers to motor_control.o(.text.motor_driver) for motor_driver
    main.o(.ARM.exidx.text.HAL_TIM_PeriodElapsedCallback) refers to main.o(.text.HAL_TIM_PeriodElapsedCallback) for [Anonymous Symbol]
    main.o(.text.main) refers to stm32h7xx_hal.o(.text.HAL_Init) for HAL_Init
    main.o(.text.main) refers to main.o(.text.SystemClock_Config) for SystemClock_Config
    main.o(.text.main) refers to gpio.o(.text.MX_GPIO_Init) for MX_GPIO_Init
    main.o(.text.main) refers to tim.o(.text.MX_TIM1_Init) for MX_TIM1_Init
    main.o(.text.main) refers to tim.o(.text.MX_TIM2_Init) for MX_TIM2_Init
    main.o(.text.main) refers to tim.o(.text.MX_TIM3_Init) for MX_TIM3_Init
    main.o(.text.main) refers to tim.o(.text.MX_TIM4_Init) for MX_TIM4_Init
    main.o(.text.main) refers to usart.o(.text.MX_USART1_UART_Init) for MX_USART1_UART_Init
    main.o(.text.main) refers to usart.o(.text.MX_USART2_UART_Init) for MX_USART2_UART_Init
    main.o(.text.main) refers to i2c.o(.text.MX_I2C1_Init) for MX_I2C1_Init
    main.o(.text.main) refers to usart.o(.text.MX_UART4_Init) for MX_UART4_Init
    main.o(.text.main) refers to usart.o(.text.MX_USART3_UART_Init) for MX_USART3_UART_Init
    main.o(.text.main) refers to tim.o(.text.MX_TIM5_Init) for MX_TIM5_Init
    main.o(.text.main) refers to motor.o(.text.motor_init) for motor_init
    main.o(.text.main) refers to tim.o(.bss.htim5) for htim5
    main.o(.text.main) refers to stm32h7xx_hal_tim.o(.text.HAL_TIM_Base_Start_IT) for HAL_TIM_Base_Start_IT
    main.o(.text.main) refers to turn.o(.text.start_turn) for start_turn
    main.o(.text.main) refers to stm32h7xx_hal.o(.text.HAL_Delay) for HAL_Delay
    main.o(.text.main) refers to straight.o(.text.start_straight) for start_straight
    main.o(.ARM.exidx.text.main) refers to main.o(.text.main) for [Anonymous Symbol]
    main.o(.text.SystemClock_Config) refers to rt_memclr_w.o(.text) for __aeabi_memclr4
    main.o(.text.SystemClock_Config) refers to stm32h7xx_hal_pwr_ex.o(.text.HAL_PWREx_ConfigSupply) for HAL_PWREx_ConfigSupply
    main.o(.text.SystemClock_Config) refers to stm32h7xx_hal_rcc.o(.text.HAL_RCC_OscConfig) for HAL_RCC_OscConfig
    main.o(.text.SystemClock_Config) refers to stm32h7xx_hal_rcc.o(.text.HAL_RCC_ClockConfig) for HAL_RCC_ClockConfig
    main.o(.ARM.exidx.text.SystemClock_Config) refers to main.o(.text.SystemClock_Config) for [Anonymous Symbol]
    main.o(.ARM.exidx.text.Error_Handler) refers to main.o(.text.Error_Handler) for [Anonymous Symbol]
    gpio.o(.text.MX_GPIO_Init) refers to stm32h7xx_hal_gpio.o(.text.HAL_GPIO_WritePin) for HAL_GPIO_WritePin
    gpio.o(.text.MX_GPIO_Init) refers to stm32h7xx_hal_gpio.o(.text.HAL_GPIO_Init) for HAL_GPIO_Init
    gpio.o(.ARM.exidx.text.MX_GPIO_Init) refers to gpio.o(.text.MX_GPIO_Init) for [Anonymous Symbol]
[...]
    _printf_percent_end                      0x08000399   Thumb Code     0  _printf_percent_end.o(.ARM.Collect$$_printf_percent$$00000017)
    __rt_lib_init                            0x0800039d   Thumb Code     0  libinit.o(.ARM.Collect$$libinit$$00000000)
    __rt_lib_init_fp_1                       0x0800039f   Thumb Code     0  libinit2.o(.ARM.Collect$$libinit$$00000001)
    __rt_lib_init_heap_2                     0x080003a3   Thumb Code     0  libinit2.o(.ARM.Collect$$libinit$$00000007)
    __rt_lib_init_preinit_1                  0x080003a3   Thumb Code     0  libinit2.o(.ARM.Collect$$libinit$$00000006)
    __rt_lib_init_relocate_pie_1             0x080003a3   Thumb Code     0  libinit2.o(.ARM.Collect$$libinit$$00000004)
    __rt_lib_init_heap_1                     0x080003ab   Thumb Code     0  libinit2.o(.ARM.Collect$$libinit$$0000000C)
    __rt_lib_init_lc_common                  0x080003ab   Thumb Code     0  libinit2.o(.ARM.Collect$$libinit$$00000011)
    __rt_lib_init_rand_1                     0x080003ab   Thumb Code     0  libinit2.o(.ARM.Collect$$libinit$$00000010)
    __rt_lib_init_user_alloc_1               0x080003ab   Thumb Code     0  libinit2.o(.ARM.Collect$$libinit$$0000000E)
    __rt_lib_init_lc_collate_1               0x080003b1   Thumb Code     0  libinit2.o(.ARM.Collect$$libinit$$00000013)
    __rt_lib_init_lc_ctype_2                 0x080003b1   Thumb Code     0  libinit2.o(.ARM.Collect$$libinit$$00000014)
    __rt_lib_init_lc_ctype_1                 0x080003bd   Thumb Code     0  libinit2.o(.ARM.Collect$$libinit$$00000015)
    __rt_lib_init_lc_monetary_1              0x080003bd   Thumb Code     0  libinit2.o(.ARM.Collect$$libinit$$00000017)
    __rt_lib_init_lc_numeric_2               0x080003bd   Thumb Code     0  libinit2.o(.ARM.Collect$$libinit$$00000018)
    __rt_lib_init_alloca_1                   0x080003c7   Thumb Code     0  libinit2.o(.ARM.Collect$$libinit$$00000030)
    __rt_lib_init_argv_1                     0x080003c7   Thumb Code     0  libinit2.o(.ARM.Collect$$libinit$$0000002E)
    __rt_lib_init_atexit_1                   0x080003c7   Thumb Code     0  libinit2.o(.ARM.Collect$$libinit$$0000001D)
    __rt_lib_init_clock_1                    0x080003c7   Thumb Code     0  libinit2.o(.ARM.Collect$$libinit$$00000023)
    __rt_lib_init_cpp_1                      0x080003c7   Thumb Code     0  libinit2.o(.ARM.Collect$$libinit$$00000034)
    __rt_lib_init_exceptions_1               0x080003c7   Thumb Code     0  libinit2.o(.ARM.Collect$$libinit$$00000032)
    __rt_lib_init_fp_trap_1                  0x080003c7   Thumb Code     0  libinit2.o(.ARM.Collect$$libinit$$00000021)
    __rt_lib_init_getenv_1                   0x080003c7   Thumb Code     0  libinit2.o(.ARM.Collect$$libinit$$00000025)
    __rt_lib_init_lc_numeric_1               0x080003c7   Thumb Code     0  libinit2.o(.ARM.Collect$$libinit$$00000019)
    __rt_lib_init_lc_time_1                  0x080003c7   Thumb Code     0  libinit2.o(.ARM.Collect$$libinit$$0000001B)
    __rt_lib_init_return                     0x080003c7   Thumb Code     0  libinit2.o(.ARM.Collect$$libinit$$00000035)
    __rt_lib_init_signal_1                   0x080003c7   Thumb Code     0  libinit2.o(.ARM.Collect$$libinit$$0000001F)
    __rt_lib_init_stdio_1                    0x080003c7   Thumb Code     0  libinit2.o(.ARM.Collect$$libinit$$00000027)
    __rt_lib_shutdown                        0x080003c9   Thumb Code     0  libshutdown.o(.ARM.Collect$$libshutdown$$00000000)
    __rt_lib_shutdown_cpp_1                  0x080003cb   Thumb Code     0  libshutdown2.o(.ARM.Collect$$libshutdown$$00000002)
    __rt_lib_shutdown_fp_trap_1              0x080003cb   Thumb Code     0  libshutdown2.o(.ARM.Collect$$libshutdown$$00000007)
    __rt_lib_shutdown_heap_1                 0x080003cb   Thumb Code     0  libshutdown2.o(.ARM.Collect$$libshutdown$$0000000F)
    __rt_lib_shutdown_return                 0x080003cb   Thumb Code     0  libshutdown2.o(.ARM.Collect$$libshutdown$$00000010)
    __rt_lib_shutdown_signal_1               0x080003cb   Thumb Code     0  libshutdown2.o(.ARM.Collect$$libshutdown$$0000000A)
    __rt_lib_shutdown_stdio_1                0x080003cb   Thumb Code     0  libshutdown2.o(.ARM.Collect$$libshutdown$$00000004)
    __rt_lib_shutdown_user_alloc_1           0x080003cb   Thumb Code     0  libshutdown2.o(.ARM.Collect$$libshutdown$$0000000C)
    __rt_entry                               0x080003cd   Thumb Code     0  __rtentry.o(.ARM.Collect$$rtentry$$00000000)
    __rt_entry_presh_1                       0x080003cd   Thumb Code     0  __rtentry2.o(.ARM.Collect$$rtentry$$00000002)
    __rt_entry_sh                            0x080003cd   Thumb Code     0  __rtentry4.o(.ARM.Collect$$rtentry$$00000004)
    __rt_entry_li                            0x080003d3   Thumb Code     0  __rtentry2.o(.ARM.Collect$$rtentry$$0000000A)
    __rt_entry_postsh_1                      0x080003d3   Thumb Code     0  __rtentry2.o(.ARM.Collect$$rtentry$$00000009)
    __rt_entry_main                          0x080003d7   Thumb Code     0  __rtentry2.o(.ARM.Collect$$rtentry$$0000000D)
    __rt_entry_postli_1                      0x080003d7   Thumb Code     0  __rtentry2.o(.ARM.Collect$$rtentry$$0000000C)
    __rt_exit                                0x080003df   Thumb Code     0  rtexit.o(.ARM.Collect$$rtexit$$00000000)
    __rt_exit_ls                             0x080003e1   Thumb Code     0  rtexit2.o(.ARM.Collect$$rtexit$$00000003)
    __rt_exit_prels_1                        0x080003e1   Thumb Code     0  rtexit2.o(.ARM.Collect$$rtexit$$00000002)
    __rt_exit_exit                           0x080003e5   Thumb Code     0  rtexit2.o(.ARM.Collect$$rtexit$$00000004)
    Reset_Handler                            0x080003ed   Thumb Code     8  startup_stm32h750xx.o(.text)
    ADC3_IRQHandler                          0x08000407   Thumb Code     0  startup_stm32h750xx.o(.text)
    ADC_IRQHandler                           0x08000407   Thumb Code     0  startup_stm32h750xx.o(.text)
    BDMA_Channel0_IRQHandler                 0x08000407   Thumb Code     0  startup_stm32h750xx.o(.text)
    BDMA_Channel1_IRQHandler                 0x08000407   Thumb Code     0  startup_stm32h750xx.o(.text)
    BDMA_Channel2_IRQHandler                 0x08000407   Thumb Code     0  startup_stm32h750xx.o(.text)
    BDMA_Channel3_IRQHandler                 0x08000407   Thumb Code     0  startup_stm32h750xx.o(.text)
    BDMA_Channel4_IRQHandler                 0x08000407   Thumb Code     0  startup_stm32h750xx.o(.text)
    BDMA_Channel5_IRQHandler                 0x08000407   Thumb Code     0  startup_stm32h750xx.o(.text)
    BDMA_Channel6_IRQHandler                 0x08000407   Thumb Code     0  startup_stm32h750xx.o(.text)
    BDMA_Channel7_IRQHandler                 0x08000407   Thumb Code     0  startup_stm32h750xx.o(.text)
    CEC_IRQHandler                           0x08000407   Thumb Code     0  startup_stm32h750xx.o(.text)
    COMP1_IRQHandler                         0x08000407   Thumb Code     0  startup_stm32h750xx.o(.text)
    CRS_IRQHandler                           0x08000407   Thumb Code     0  startup_stm32h750xx.o(.text)
    CRYP_IRQHandler                          0x08000407   Thumb Code     0  startup_stm32h750xx.o(.text)
    DCMI_IRQHandler                          0x08000407   Thumb Code     0  startup_stm32h750xx.o(.text)
    DFSDM1_FLT0_IRQHandler                   0x08000407   Thumb Code     0  startup_stm32h750xx.o(.text)
    DFSDM1_FLT1_IRQHandler                   0x08000407   Thumb Code     0  startup_stm32h750xx.o(.text)
    DFSDM1_FLT2_IRQHandler                   0x08000407   Thumb Code     0  startup_stm32h750xx.o(.text)
    DFSDM1_FLT3_IRQHandler                   0x08000407   Thumb Code     0  startup_stm32h750xx.o(.text)
    DMA1_Stream0_IRQHandler                  0x08000407   Thumb Code     0  startup_stm32h750xx.o(.text)
    DMA1_Stream1_IRQHandler                  0x08000407   Thumb Code     0  startup_stm32h750xx.o(.text)
    DMA1_Stream2_IRQHandler                  0x08000407   Thumb Code     0  startup_stm32h750xx.o(.text)
    DMA1_Stream3_IRQHandler                  0x08000407   Thumb Code     0  startup_stm32h750xx.o(.text)
    DMA1_Stream4_IRQHandler                  0x08000407   Thumb Code     0  startup_stm32h750xx.o(.text)
    DMA1_Stream5_IRQHandler                  0x08000407   Thumb Code     0  startup_stm32h750xx.o(.text)
    DMA1_Stream6_IRQHandler                  0x08000407   Thumb Code     0  startup_stm32h750xx.o(.text)
    DMA1_Stream7_IRQHandler                  0x08000407   Thumb Code     0  startup_stm32h750xx.o(.text)
    DMA2D_IRQHandler                         0x08000407   Thumb Code     0  startup_stm32h750xx.o(.text)
    DMA2_Stream0_IRQHandler                  0x08000407   Thumb Code     0  startup_stm32h750xx.o(.text)
    DMA2_Stream1_IRQHandler                  0x08000407   Thumb Code     0  startup_stm32h750xx.o(.text)
    DMA2_Stream2_IRQHandler                  0x08000407   Thumb Code     0  startup_stm32h750xx.o(.text)
    DMA2_Stream3_IRQHandler                  0x08000407   Thumb Code     0  startup_stm32h750xx.o(.text)
    DMA2_Stream4_IRQHandler                  0x08000407   Thumb Code     0  startup_stm32h750xx.o(.text)
    DMA2_Stream5_IRQHandler                  0x08000407   Thumb Code     0  startup_stm32h750xx.o(.text)
    DMA2_Stream6_IRQHandler                  0x08000407   Thumb Code     0  startup_stm32h750xx.o(.text)
    DMA2_Stream7_IRQHandler                  0x08000407   Thumb Code     0  startup_stm32h750xx.o(.text)
    DMAMUX1_OVR_IRQHandler                   0x08000407   Thumb Code     0  startup_stm32h750xx.o(.text)
    DMAMUX2_OVR_IRQHandler                   0x08000407   Thumb Code     0  startup_stm32h750xx.o(.text)
    ECC_IRQHandler                           0x08000407   Thumb Code     0  startup_stm32h750xx.o(.text)
    ETH_IRQHandler                           0x08000407   Thumb Code     0  startup_stm32h750xx.o(.text)
    ETH_WKUP_IRQHandler                      0x08000407   Thumb Code     0  startup_stm32h750xx.o(.text)
    EXTI0_IRQHandler                         0x08000407   Thumb Code     0  startup_stm32h750xx.o(.text)
    EXTI15_10_IRQHandler                     0x08000407   Thumb Code     0  startup_stm32h750xx.o(.text)
    EXTI1_IRQHandler                         0x08000407   Thumb Code     0  startup_stm32h750xx.o(.text)
    EXTI2_IRQHandler                         0x08000407   Thumb Code     0  startup_stm32h750xx.o(.text)
    EXTI3_IRQHandler                         0x08000407   Thumb Code     0  startup_stm32h750xx.o(.text)
    EXTI4_IRQHandler                         0x08000407   Thumb Code     0  startup_stm32h750xx.o(.text)
    EXTI9_5_IRQHandler                       0x08000407   Thumb Code     0  startup_stm32h750xx.o(.text)
    FDCAN1_IT0_IRQHandler                    0x08000407   Thumb Code     0  startup_stm32h750xx.o(.text)
    FDCAN1_IT1_IRQHandler                    0x08000407   Thumb Code     0  startup_stm32h750xx.o(.text)
    FDCAN2_IT0_IRQHandler                    0x08000407   Thumb Code     0  startup_stm32h750xx.o(.text)
    FDCAN2_IT1_IRQHandler                    0x08000407   Thumb Code     0  startup_stm32h750xx.o(.text)
    FDCAN_CAL_IRQHandler                     0x08000407   Thumb Code     0  startup_stm32h750xx.o(.text)
    FLASH_IRQHandler                         0x08000407   Thumb Code     0  startup_stm32h750xx.o(.text)
    FMC_IRQHandler                           0x08000407   Thumb Code     0  startup_stm32h750xx.o(.text)
    FPU_IRQHandler                           0x08000407   Thumb Code     0  startup_stm32h750xx.o(.text)
    HASH_RNG_IRQHandler                      0x08000407   Thumb Code     0  startup_stm32h750xx.o(.text)
    HRTIM1_FLT_IRQHandler                    0x08000407   Thumb Code     0  startup_stm32h750xx.o(.text)
    HRTIM1_Master_IRQHandler                 0x08000407   Thumb Code     0  startup_stm32h750xx.o(.text)
    HRTIM1_TIMA_IRQHandler                   0x08000407   Thumb Code     0  startup_stm32h750xx.o(.text)
    HRTIM1_TIMB_IRQHandler                   0x08000407   Thumb Code     0  startup_stm32h750xx.o(.text)
    HRTIM1_TIMC_IRQHandler                   0x08000407   Thumb Code     0  startup_stm32h750xx.o(.text)
    HRTIM1_TIMD_IRQHandler                   0x08000407   Thumb Code     0  startup_stm32h750xx.o(.text)
    HRTIM1_TIME_IRQHandler                   0x08000407   Thumb Code     0  startup_stm32h750xx.o(.text)
    HSEM1_IRQHandler                         0x08000407   Thumb Code     0  startup_stm32h750xx.o(.text)
    I2C1_ER_IRQHandler                       0x08000407   Thumb Code     0  startup_stm32h750xx.o(.text)
    I2C1_EV_IRQHandler                       0x08000407   Thumb Code     0  startup_stm32h750xx.o(.text)
    I2C2_ER_IRQHandler                       0x08000407   Thumb Code     0  startup_stm32h750xx.o(.text)
    I2C2_EV_IRQHandler                       0x08000407   Thumb Code     0  startup_stm32h750xx.o(.text)
    I2C3_ER_IRQHandler                       0x08000407   Thumb Code     0  startup_stm32h750xx.o(.text)
    I2C3_EV_IRQHandler                       0x08000407   Thumb Code     0  startup_stm32h750xx.o(.text)
    I2C4_ER_IRQHandler                       0x08000407   Thumb Code     0  startup_stm32h750xx.o(.text)
    I2C4_EV_IRQHandler                       0x08000407   Thumb Code     0  startup_stm32h750xx.o(.text)
    JPEG_IRQHandler                          0x08000407   Thumb Code     0  startup_stm32h750xx.o(.text)
    LPTIM1_IRQHandler                        0x08000407   Thumb Code     0  startup_stm32h750xx.o(.text)
    LPTIM2_IRQHandler                        0x08000407   Thumb Code     0  startup_stm32h750xx.o(.text)
    LPTIM3_IRQHandler                        0x08000407   Thumb Code     0  startup_stm32h750xx.o(.text)
    LPTIM4_IRQHandler                        0x08000407   Thumb Code     0  startup_stm32h750xx.o(.text)
    LPTIM5_IRQHandler                        0x08000407   Thumb Code     0  startup_stm32h750xx.o(.text)
    LPUART1_IRQHandler                       0x08000407   Thumb Code     0  startup_stm32h750xx.o(.text)
    LTDC_ER_IRQHandler                       0x08000407   Thumb Code     0  startup_stm32h750xx.o(.text)
    LTDC_IRQHandler                          0x08000407   Thumb Code     0  startup_stm32h750xx.o(.text)
    MDIOS_IRQHandler                         0x08000407   Thumb Code     0  startup_stm32h750xx.o(.text)
    MDIOS_WKUP_IRQHandler                    0x08000407   Thumb Code     0  startup_stm32h750xx.o(.text)
    MDMA_IRQHandler                          0x08000407   Thumb Code     0  startup_stm32h750xx.o(.text)
    OTG_FS_EP1_IN_IRQHandler                 0x08000407   Thumb Code     0  startup_stm32h750xx.o(.text)
    OTG_FS_EP1_OUT_IRQHandler                0x08000407   Thumb Code     0  startup_stm32h750xx.o(.text)
    OTG_FS_IRQHandler                        0x08000407   Thumb Code     0  startup_stm32h750xx.o(.text)
    OTG_FS_WKUP_IRQHandler                   0x08000407   Thumb Code     0  startup_stm32h750xx.o(.text)
    OTG_HS_EP1_IN_IRQHandler                 0x08000407   Thumb Code     0  startup_stm32h750xx.o(.text)
    OTG_HS_EP1_OUT_IRQHandler                0x08000407   Thumb Code     0  startup_stm32h750xx.o(.text)
    OTG_HS_IRQHandler                        0x08000407   Thumb Code     0  startup_stm32h750xx.o(.text)
    OTG_HS_WKUP_IRQHandler                   0x08000407   Thumb Code     0  startup_stm32h750xx.o(.text)
    PVD_AVD_IRQHandler                       0x08000407   Thumb Code     0  startup_stm32h750xx.o(.text)
    QUADSPI_IRQHandler                       0x08000407   Thumb Code     0  startup_stm32h750xx.o(.text)
    RCC_IRQHandler                           0x08000407   Thumb Code     0  startup_stm32h750xx.o(.text)
    RTC_Alarm_IRQHandler                     0x08000407   Thumb Code     0  startup_stm32h750xx.o(.text)
    RTC_WKUP_IRQHandler                      0x08000407   Thumb Code     0  startup_stm32h750xx.o(.text)
    SAI1_IRQHandler                          0x08000407   Thumb Code     0  startup_stm32h750xx.o(.text)
    SAI2_IRQHandler                          0x08000407   Thumb Code     0  startup_stm32h750xx.o(.text)
    SAI3_IRQHandler                          0x08000407   Thumb Code     0  startup_stm32h750xx.o(.text)
    SAI4_IRQHandler                          0x08000407   Thumb Code     0  startup_stm32h750xx.o(.text)
    SDMMC1_IRQHandler                        0x08000407   Thumb Code     0  startup_stm32h750xx.o(.text)
    SDMMC2_IRQHandler                        0x08000407   Thumb Code     0  startup_stm32h750xx.o(.text)
    SPDIF_RX_IRQHandler                      0x08000407   Thumb Code     0  startup_stm32h750xx.o(.text)
    SPI1_IRQHandler                          0x08000407   Thumb Code     0  startup_stm32h750xx.o(.text)
    SPI2_IRQHandler                          0x08000407   Thumb Code     0  startup_stm32h750xx.o(.text)
    SPI3_IRQHandler                          0x08000407   Thumb Code     0  startup_stm32h750xx.o(.text)
    SPI4_IRQHandler                          0x08000407   Thumb Code     0  startup_stm32h750xx.o(.text)
    SPI5_IRQHandler                          0x08000407   Thumb Code     0  startup_stm32h750xx.o(.text)
    SPI6_IRQHandler                          0x08000407   Thumb Code     0  startup_stm32h750xx.o(.text)
    SWPMI1_IRQHandler                        0x08000407   Thumb Code     0  startup_stm32h750xx.o(.text)
    TAMP_STAMP_IRQHandler                    0x08000407   Thumb Code     0  startup_stm32h750xx.o(.text)
    TIM15_IRQHandler                         0x08000407   Thumb Code     0  startup_stm32h750xx.o(.text)
    TIM16_IRQHandler                         0x08000407   Thumb Code     0  startup_stm32h750xx.o(.text)
    TIM17_IRQHandler                         0x08000407   Thumb Code     0  startup_stm32h750xx.o(.text)
    TIM1_BRK_IRQHandler                      0x08000407   Thumb Code     0  startup_stm32h750xx.o(.text)
    TIM1_CC_IRQHandler                       0x08000407   Thumb Code     0  startup_stm32h750xx.o(.text)
    TIM1_TRG_COM_IRQHandler                  0x08000407   Thumb Code     0  startup_stm32h750xx.o(.text)
    TIM1_UP_IRQHandler                       0x08000407   Thumb Code     0  startup_stm32h750xx.o(.text)
    TIM2_IRQHandler                          0x08000407   Thumb Code     0  startup_stm32h750xx.o(.text)
    TIM3_IRQHandler                          0x08000407   Thumb Code     0  startup_stm32h750xx.o(.text)
    TIM4_IRQHandler                          0x08000407   Thumb Code     0  startup_stm32h750xx.o(.text)
    TIM6_DAC_IRQHandler                      0x08000407   Thumb Code     0  startup_stm32h750xx.o(.text)
    TIM7_IRQHandler                          0x08000407   Thumb Code     0  startup_stm32h750xx.o(.text)
    TIM8_BRK_TIM12_IRQHandler                0x08000407   Thumb Code     0  startup_stm32h750xx.o(.text)
    TIM8_CC_IRQHandler                       0x08000407   Thumb Code     0  startup_stm32h750xx.o(.text)
    TIM8_TRG_COM_TIM14_IRQHandler            0x08000407   Thumb Code     0  startup_stm32h750xx.o(.text)
    TIM8_UP_TIM13_IRQHandler                 0x08000407   Thumb Code     0  startup_stm32h750xx.o(.text)
    UART4_IRQHandler                         0x08000407   Thumb Code     0  startup_stm32h750xx.o(.text)
    UART5_IRQHandler                         0x08000407   Thumb Code     0  startup_stm32h750xx.o(.text)
    UART7_IRQHandler                         0x08000407   Thumb Code     0  startup_stm32h750xx.o(.text)
    UART8_IRQHandler                         0x08000407   Thumb Code     0  startup_stm32h750xx.o(.text)
    USART1_IRQHandler                        0x08000407   Thumb Code     0  startup_stm32h750xx.o(.text)
    USART2_IRQHandler                        0x08000407   Thumb Code     0  startup_stm32h750xx.o(.text)
    USART3_IRQHandler                        0x08000407   Thumb Code     0  startup_stm32h750xx.o(.text)
    USART6_IRQHandler                        0x08000407   Thumb Code     0  startup_stm32h750xx.o(.text)
    WAKEUP_PIN_IRQHandler                    0x08000407   Thumb Code     0  startup_stm32h750xx.o(.text)
    WWDG_IRQHandler                          0x08000407   Thumb Code     0  startup_stm32h750xx.o(.text)
    __user_initial_stackheap                 0x08000409   Thumb Code     0  startup_stm32h750xx.o(.text)
    malloc                                   0x0800042d   Thumb Code    94  h1_alloc.o(.text)
    __aeabi_uldivmod                         0x0800048b   Thumb Code     0  lludivv7m.o(.text)
    _ll_udiv                                 0x0800048b   Thumb Code   240  lludivv7m.o(.text)
    vsnprintf                                0x0800057d   Thumb Code    56  vsnprintf.o(.text)
    __aeabi_memclr4                          0x080005b9   Thumb Code     0  rt_memclr_w.o(.text)
    __aeabi_memclr8                          0x080005b9   Thumb Code     0  rt_memclr_w.o(.text)
    __rt_memclr_w                            0x080005b9   Thumb Code     0  rt_memclr_w.o(.text)
    _memset_w                                0x080005bd   Thumb Code    74  rt_memclr_w.o(.text)
    __use_two_region_memory                  0x08000607   Thumb Code     2  heapauxi.o(.text)
    __rt_heap_escrow                         0x08000609   Thumb Code     2  heapauxi.o(.text)
    __rt_heap_expand                         0x0800060b   Thumb Code     2  heapauxi.o(.text)
    __rt_heap_descriptor                     0x0800060d   Thumb Code     8  rt_heap_descriptor_intlibspace.o(.text)
    __use_no_heap                            0x08000615   Thumb Code     2  hguard.o(.text)
    __heap$guard                             0x08000617   Thumb Code     2  hguard.o(.text)
    _terminate_user_alloc                    0x08000619   Thumb Code     2  init_alloc.o(.text)
    _init_user_alloc                         0x0800061b   Thumb Code     2  init_alloc.o(.text)
    __Heap_Full                              0x0800061d   Thumb Code    34  init_alloc.o(.text)
    __Heap_Broken                            0x0800063f   Thumb Code     6  init_alloc.o(.text)
    _init_alloc                              0x08000645   Thumb Code    94  init_alloc.o(.text)
    __Heap_Initialize                        0x080006a3   Thumb Code    10  h1_init.o(.text)
    __Heap_DescSize                          0x080006ad   Thumb Code     4  h1_init.o(.text)
    free                                     0x080006b1   Thumb Code    78  h1_free.o(.text)
    _printf_pre_padding                      0x080006ff   Thumb Code    44  _printf_pad.o(.text)
    _printf_post_padding                     0x0800072b   Thumb Code    34  _printf_pad.o(.text)
    _printf_truncate_signed                  0x0800074d   Thumb Code    18  _printf_truncate.o(.text)
    _printf_truncate_unsigned                0x0800075f   Thumb Code    18  _printf_truncate.o(.text)
    _printf_str                              0x08000771   Thumb Code    82  _printf_str.o(.text)
    _printf_int_dec                          0x080007c5   Thumb Code   104  _printf_dec.o(.text)
    _printf_charcount                        0x0800083d   Thumb Code    40  _printf_charcount.o(.text)
    _printf_char_common                      0x0800086f   Thumb Code    32  _printf_char_common.o(.text)
    _snputc                                  0x08000895   Thumb Code    16  _snputc.o(.text)
    _printf_wctomb                           0x080008a5   Thumb Code   182  _printf_wctomb.o(.text)
    _printf_longlong_dec                     0x08000961   Thumb Code   108  _printf_longlong_dec.o(.text)
    _printf_longlong_oct                     0x080009dd   Thumb Code    68  _printf_oct_int_ll.o(.text)
    _printf_int_oct                          0x08000a21   Thumb Code    24  _printf_oct_int_ll.o(.text)
    _printf_ll_oct                           0x08000a39   Thumb Code    12  _printf_oct_int_ll.o(.text)
    _printf_longlong_hex                     0x08000a4d   Thumb Code    86  _printf_hex_int_ll_ptr.o(.text)
    _printf_int_hex                          0x08000aa3   Thumb Code    28  _printf_hex_int_ll_ptr.o(.text)
    _printf_ll_hex                           0x08000abf   Thumb Code    12  _printf_hex_int_ll_ptr.o(.text)
    _printf_hex_ptr                          0x08000acb   Thumb Code    18  _printf_hex_int_ll_ptr.o(.text)
    __printf                                 0x08000ae1   Thumb Code   388  __printf_flags_ss_wp.o(.text)
    __user_libspace                          0x08000c69   Thumb Code     8  libspace.o(.text)
    __user_perproc_libspace                  0x08000c69   Thumb Code     0  libspace.o(.text)
    __user_perthread_libspace                0x08000c69   Thumb Code     0  libspace.o(.text)
    __Heap_ProvideMemory                     0x08000c71   Thumb Code    52  h1_extend.o(.text)
    _maybe_terminate_alloc                   0x08000c71   Thumb Code     0  maybetermalloc1.o(.text)
    _ll_udiv10                               0x08000ca5   Thumb Code   138  lludiv10.o(.text)
    _printf_int_common                       0x08000d2f   Thumb Code   178  _printf_intcommon.o(.text)
    _printf_fp_dec_real                      0x08000f91   Thumb Code   620  _printf_fp_dec.o(.text)
    _printf_fp_hex_real                      0x080011fd   Thumb Code   756  _printf_fp_hex.o(.text)
    _printf_cs_common                        0x080014f9   Thumb Code    20  _printf_char.o(.text)
    _printf_char                             0x0800150d   Thumb Code    16  _printf_char.o(.text)
    _printf_string                           0x0800151d   Thumb Code     8  _printf_char.o(.text)
    _printf_lcs_common                       0x08001525   Thumb Code    20  _printf_wchar.o(.text)
    _printf_wchar                            0x08001539   Thumb Code    16  _printf_wchar.o(.text)
    _printf_wstring                          0x08001549   Thumb Code     8  _printf_wchar.o(.text)
    _c16rtomb                                0x08001551   Thumb Code    72  _c16rtomb.o(.text)
    _wcrtomb                                 0x08001551   Thumb Code     0  _c16rtomb.o(.text)
    __rt_SIGRTMEM                            0x08001599   Thumb Code    14  defsig_rtmem_outer.o(.text)
    __I$use$semihosting                      0x080015a7   Thumb Code     0  use_no_semi.o(.text)
    __use_no_semihosting_swi                 0x080015a7   Thumb Code     2  use_no_semi.o(.text)
    __semihosting_library_function           0x080015a9   Thumb Code     0  indicate_semi.o(.text)
    __user_setup_stackheap                   0x080015a9   Thumb Code    74  sys_stackheap_outer.o(.text)
    __rt_ctype_table                         0x080015f5   Thumb Code    16  rt_ctype_table.o(.text)
    __rt_locale                              0x08001605   Thumb Code     8  rt_locale_intlibspace.o(.text)
    _printf_fp_infnan                        0x0800160d   Thumb Code   112  _printf_fp_infnan.o(.text)
    _btod_etento                             0x0800168d   Thumb Code   224  bigflt0.o(.text)
    exit                                     0x08001771   Thumb Code    18  exit.o(.text)
    __sig_exit                               0x08001783   Thumb Code    10  defsig_exit.o(.text)
    __rt_SIGRTMEM_inner                      0x0800178d   Thumb Code    22  defsig_rtmem_inner.o(.text)
    _sys_exit                                0x080017dd   Thumb Code     8  sys_exit.o(.text)
    __default_signal_display                 0x080017e9   Thumb Code    50  defsig_general.o(.text)
    strcmp                                   0x08001821   Thumb Code   124  strcmpv7m_pel.o(.text)
    _ttywrch                                 0x0800189d   Thumb Code    14  sys_wrch.o(.text)
    BusFault_Handler                         0x080018b1   Thumb Code     2  stm32h7xx_it.o(.text.BusFault_Handler)
    DebugMon_Handler                         0x080018b9   Thumb Code     2  stm32h7xx_it.o(.text.DebugMon_Handler)
    Error_Handler                            0x080018c1   Thumb Code    10  main.o(.text.Error_Handler)
    Get_gyr_value                            0x080018d1   Thumb Code   172  gy901.o(.text.Get_gyr_value)
    HAL_Delay                                0x08001981   Thumb Code    40  stm32h7xx_hal.o(.text.HAL_Delay)
    HAL_GPIO_Init                            0x080019a9   Thumb Code   426  stm32h7xx_hal_gpio.o(.text.HAL_GPIO_Init)
    HAL_GPIO_WritePin                        0x08001b59   Thumb Code    10  stm32h7xx_hal_gpio.o(.text.HAL_GPIO_WritePin)
    HAL_GetREVID                             0x08001b69   Thumb Code    14  stm32h7xx_hal.o(.text.HAL_GetREVID)
    HAL_GetTick                              0x08001b79   Thumb Code    12  stm32h7xx_hal.o(.text.HAL_GetTick)
    HAL_I2CEx_ConfigAnalogFilter             0x08001b89   Thumb Code    74  stm32h7xx_hal_i2c_ex.o(.text.HAL_I2CEx_ConfigAnalogFilter)
    HAL_I2CEx_ConfigDigitalFilter            0x08001bd9   Thumb Code    72  stm32h7xx_hal_i2c_ex.o(.text.HAL_I2CEx_ConfigDigitalFilter)
    HAL_I2C_Init                             0x08001c21   Thumb Code   162  stm32h7xx_hal_i2c.o(.text.HAL_I2C_Init)
    HAL_I2C_Mem_Read                         0x08001cc9   Thumb Code   552  stm32h7xx_hal_i2c.o(.text.HAL_I2C_Mem_Read)
    HAL_I2C_MspInit                          0x08001ef1   Thumb Code   134  i2c.o(.text.HAL_I2C_MspInit)
    HAL_IncTick                              0x08001f79   Thumb Code    26  stm32h7xx_hal.o(.text.HAL_IncTick)
    HAL_Init                                 0x08001f99   Thumb Code   100  stm32h7xx_hal.o(.text.HAL_Init)
    HAL_InitTick                             0x08002001   Thumb Code    76  stm32h7xx_hal.o(.text.HAL_InitTick)
    HAL_MspInit                              0x08002051   Thumb Code    32  stm32h7xx_hal_msp.o(.text.HAL_MspInit)
    HAL_NVIC_EnableIRQ                       0x08002071   Thumb Code    34  stm32h7xx_hal_cortex.o(.text.HAL_NVIC_EnableIRQ)
    HAL_NVIC_SetPriority                     0x08002099   Thumb Code    90  stm32h7xx_hal_cortex.o(.text.HAL_NVIC_SetPriority)
    HAL_NVIC_SetPriorityGrouping             0x080020f9   Thumb Code    32  stm32h7xx_hal_cortex.o(.text.HAL_NVIC_SetPriorityGrouping)
    HAL_PWREx_ConfigSupply                   0x08002119   Thumb Code    76  stm32h7xx_hal_pwr_ex.o(.text.HAL_PWREx_ConfigSupply)
    HAL_RCCEx_GetD3PCLK1Freq                 0x08002169   Thumb Code    38  stm32h7xx_hal_rcc_ex.o(.text.HAL_RCCEx_GetD3PCLK1Freq)
    HAL_RCCEx_GetPLL2ClockFreq               0x08002191   Thumb Code   300  stm32h7xx_hal_rcc_ex.o(.text.HAL_RCCEx_GetPLL2ClockFreq)
    HAL_RCCEx_GetPLL3ClockFreq               0x080022c1   Thumb Code   300  stm32h7xx_hal_rcc_ex.o(.text.HAL_RCCEx_GetPLL3ClockFreq)
    HAL_RCCEx_PeriphCLKConfig                0x080023f1   Thumb Code  2876  stm32h7xx_hal_rcc_ex.o(.text.HAL_RCCEx_PeriphCLKConfig)
    HAL_RCC_ClockConfig                      0x08002f31   Thumb Code   616  stm32h7xx_hal_rcc.o(.text.HAL_RCC_ClockConfig)
    HAL_RCC_GetHCLKFreq                      0x08003199   Thumb Code    76  stm32h7xx_hal_rcc.o(.text.HAL_RCC_GetHCLKFreq)
    HAL_RCC_GetPCLK1Freq                     0x080031e9   Thumb Code    96  stm32h7xx_hal_rcc.o(.text.HAL_RCC_GetPCLK1Freq)
    HAL_RCC_GetPCLK2Freq                     0x08003249   Thumb Code    96  stm32h7xx_hal_rcc.o(.text.HAL_RCC_GetPCLK2Freq)
    HAL_RCC_GetSysClockFreq                  0x080032a9   Thumb Code   280  stm32h7xx_hal_rcc.o(.text.HAL_RCC_GetSysClockFreq)
    HAL_RCC_OscConfig                        0x080033c1   Thumb Code  1376  stm32h7xx_hal_rcc.o(.text.HAL_RCC_OscConfig)
    HAL_SYSTICK_Config                       0x08003921   Thumb Code    46  stm32h7xx_hal_cortex.o(.text.HAL_SYSTICK_Config)
    HAL_TIMEx_Break2Callback                 0x08003951   Thumb Code     2  stm32h7xx_hal_tim_ex.o(.text.HAL_TIMEx_Break2Callback)
    HAL_TIMEx_BreakCallback                  0x08003959   Thumb Code     2  stm32h7xx_hal_tim_ex.o(.text.HAL_TIMEx_BreakCallback)
    HAL_TIMEx_CommutCallback                 0x08003961   Thumb Code     2  stm32h7xx_hal_tim_ex.o(.text.HAL_TIMEx_CommutCallback)
    HAL_TIMEx_MasterConfigSynchronization    0x08003969   Thumb Code   202  stm32h7xx_hal_tim_ex.o(.text.HAL_TIMEx_MasterConfigSynchronization)
    HAL_TIM_Base_Init                        0x08003a39   Thumb Code    96  stm32h7xx_hal_tim.o(.text.HAL_TIM_Base_Init)
    HAL_TIM_Base_MspInit                     0x08003a99   Thumb Code   108  tim.o(.text.HAL_TIM_Base_MspInit)
    HAL_TIM_Base_Start_IT                    0x08003b09   Thumb Code   180  stm32h7xx_hal_tim.o(.text.HAL_TIM_Base_Start_IT)
    HAL_TIM_ConfigClockSource                0x08003bc1   Thumb Code   508  stm32h7xx_hal_tim.o(.text.HAL_TIM_ConfigClockSource)
    HAL_TIM_Encoder_Init                     0x08003dc1   Thumb Code   184  stm32h7xx_hal_tim.o(.text.HAL_TIM_Encoder_Init)
    HAL_TIM_Encoder_MspInit                  0x08003e79   Thumb Code   242  tim.o(.text.HAL_TIM_Encoder_MspInit)
    HAL_TIM_Encoder_Start                    0x08003f71   Thumb Code   188  stm32h7xx_hal_tim.o(.text.HAL_TIM_Encoder_Start)
    HAL_TIM_IC_CaptureCallback               0x08004031   Thumb Code     2  stm32h7xx_hal_tim.o(.text.HAL_TIM_IC_CaptureCallback)
    HAL_TIM_IRQHandler                       0x08004039   Thumb Code   396  stm32h7xx_hal_tim.o(.text.HAL_TIM_IRQHandler)
    HAL_TIM_OC_DelayElapsedCallback          0x080041c9   Thumb Code     2  stm32h7xx_hal_tim.o(.text.HAL_TIM_OC_DelayElapsedCallback)
    HAL_TIM_PWM_ConfigChannel                0x080041d1   Thumb Code  1214  stm32h7xx_hal_tim.o(.text.HAL_TIM_PWM_ConfigChannel)
    HAL_TIM_PWM_Init                         0x08004691   Thumb Code    96  stm32h7xx_hal_tim.o(.text.HAL_TIM_PWM_Init)
    HAL_TIM_PWM_MspInit                      0x080046f1   Thumb Code     2  stm32h7xx_hal_tim.o(.text.HAL_TIM_PWM_MspInit)
    HAL_TIM_PWM_PulseFinishedCallback        0x080046f9   Thumb Code     2  stm32h7xx_hal_tim.o(.text.HAL_TIM_PWM_PulseFinishedCallback)
    HAL_TIM_PWM_Start                        0x08004701   Thumb Code   396  stm32h7xx_hal_tim.o(.text.HAL_TIM_PWM_Start)
    HAL_TIM_PeriodElapsedCallback            0x08004891   Thumb Code     4  main.o(.text.HAL_TIM_PeriodElapsedCallback)
    HAL_TIM_TriggerCallback                  0x08004899   Thumb Code     2  stm32h7xx_hal_tim.o(.text.HAL_TIM_TriggerCallback)
    HAL_UARTEx_DisableFifoMode               0x080048a1   Thumb Code    54  stm32h7xx_hal_uart_ex.o(.text.HAL_UARTEx_DisableFifoMode)
    HAL_UARTEx_SetRxFifoThreshold            0x080048d9   Thumb Code   144  stm32h7xx_hal_uart_ex.o(.text.HAL_UARTEx_SetRxFifoThreshold)
    HAL_UARTEx_SetTxFifoThreshold            0x08004969   Thumb Code   144  stm32h7xx_hal_uart_ex.o(.text.HAL_UARTEx_SetTxFifoThreshold)
    HAL_UART_Init                            0x080049f9   Thumb Code   102  stm32h7xx_hal_uart.o(.text.HAL_UART_Init)
    HAL_UART_MspInit                         0x08004a61   Thumb Code   428  usart.o(.text.HAL_UART_MspInit)
    HAL_UART_Transmit                        0x08004c11   Thumb Code   206  stm32h7xx_hal_uart.o(.text.HAL_UART_Transmit)
    HardFault_Handler                        0x08004ce1   Thumb Code     2  stm32h7xx_it.o(.text.HardFault_Handler)
    MX_GPIO_Init                             0x08005051   Thumb Code   212  gpio.o(.text.MX_GPIO_Init)
    MX_I2C1_Init                             0x08005129   Thumb Code   106  i2c.o(.text.MX_I2C1_Init)
    MX_TIM1_Init                             0x08005199   Thumb Code   106  tim.o(.text.MX_TIM1_Init)
    MX_TIM2_Init                             0x08005209   Thumb Code    96  tim.o(.text.MX_TIM2_Init)
    MX_TIM3_Init                             0x08005269   Thumb Code   100  tim.o(.text.MX_TIM3_Init)
    MX_TIM4_Init                             0x080052d1   Thumb Code   294  tim.o(.text.MX_TIM4_Init)
    MX_TIM5_Init                             0x080053f9   Thumb Code   118  tim.o(.text.MX_TIM5_Init)
    MX_UART4_Init                            0x08005471   Thumb Code   124  usart.o(.text.MX_UART4_Init)
    MX_USART1_UART_Init                      0x080054f1   Thumb Code   124  usart.o(.text.MX_USART1_UART_Init)
    MX_USART2_UART_Init                      0x08005571   Thumb Code   124  usart.o(.text.MX_USART2_UART_Init)
    MX_USART3_UART_Init                      0x080055f1   Thumb Code   124  usart.o(.text.MX_USART3_UART_Init)
    MemManage_Handler                        0x08005671   Thumb Code     2  stm32h7xx_it.o(.text.MemManage_Handler)
    NMI_Handler                              0x08005679   Thumb Code     2  stm32h7xx_it.o(.text.NMI_Handler)
    PendSV_Handler                           0x08005681   Thumb Code     2  stm32h7xx_it.o(.text.PendSV_Handler)
    SVC_Handler                              0x080058d9   Thumb Code     2  stm32h7xx_it.o(.text.SVC_Handler)
    SysTick_Handler                          0x080058e1   Thumb Code     4  stm32h7xx_it.o(.text.SysTick_Handler)
    SystemClock_Config                       0x080058e9   Thumb Code   224  main.o(.text.SystemClock_Config)
    SystemInit                               0x080059c9   Thumb Code   204  system_stm32h7xx.o(.text.SystemInit)
    TIM5_IRQHandler                          0x08005a99   Thumb Code    12  stm32h7xx_it.o(.text.TIM5_IRQHandler)
    TIM_Base_SetConfig                       0x08005aa9   Thumb Code   344  stm32h7xx_hal_tim.o(.text.TIM_Base_SetConfig)
    UART_AdvFeatureConfig                    0x08005c01   Thumb Code   224  stm32h7xx_hal_uart.o(.text.UART_AdvFeatureConfig)
    UART_CheckIdleState                      0x08005ce1   Thumb Code   374  stm32h7xx_hal_uart.o(.text.UART_CheckIdleState)
    UART_SetConfig                           0x08005e59   Thumb Code  1196  stm32h7xx_hal_uart.o(.text.UART_SetConfig)
    UART_WaitOnFlagUntilTimeout              0x08006311   Thumb Code   746  stm32h7xx_hal_uart.o(.text.UART_WaitOnFlagUntilTimeout)
    UsageFault_Handler                       0x08006601   Thumb Code     2  stm32h7xx_it.o(.text.UsageFault_Handler)
    initPID                                  0x08006609   Thumb Code    86  pid.o(.text.initPID)
    main                                     0x08006661   Thumb Code   672  main.o(.text.main)
    motor_driver                             0x08006901   Thumb Code    64  motor_control.o(.text.motor_driver)
    motor_getSpeed                           0x08006941   Thumb Code    28  motor.o(.text.motor_getSpeed)
    motor_init                               0x08006969   Thumb Code   284  motor.o(.text.motor_init)
    motor_setSpeed                           0x08006a89   Thumb Code   366  motor.o(.text.motor_setSpeed)
    pid_inc                                  0x08006bf9   Thumb Code   156  pid_yuan.o(.text.pid_inc)
    pid_init                                 0x08006c99   Thumb Code    36  pid_yuan.o(.text.pid_init)
    printTo                                  0x08006cc1   Thumb Code    80  printto.o(.text.printTo)
    returnPID                                0x08006d21   Thumb Code   396  pid.o(.text.returnPID)
    start_straight                           0x08006eb1   Thumb Code    24  straight.o(.text.start_straight)
    start_turn                               0x08006ec9   Thumb Code    32  turn.o(.text.start_turn)
    straight                                 0x08006ee9   Thumb Code   122  straight.o(.text.straight)
    turn                                     0x08006f69   Thumb Code   340  turn.o(.text.turn)
    _btod_d2e                                0x080070e5   Thumb Code    62  btod.o(CL$$btod_d2e)
    _d2e_denorm_low                          0x08007123   Thumb Code    70  btod.o(CL$$btod_d2e_denorm_low)
    _d2e_norm_op1                            0x08007169   Thumb Code    96  btod.o(CL$$btod_d2e_norm_op1)
    __btod_div_common                        0x080071c9   Thumb Code   696  btod.o(CL$$btod_div_common)
    _e2e                                     0x08007501   Thumb Code   220  btod.o(CL$$btod_e2e)
    _btod_ediv                               0x080075dd   Thumb Code    42  btod.o(CL$$btod_ediv)
    _btod_emul                               0x08007607   Thumb Code    42  btod.o(CL$$btod_emul)
    __btod_mult_common                       0x08007631   Thumb Code   580  btod.o(CL$$btod_mult_common)
    __ARM_fpclassify                         0x08007875   Thumb Code    48  fpclassify.o(i.__ARM_fpclassify)
    _is_digit                                0x080078a5   Thumb Code    14  __printf_wp.o(i._is_digit)
    _get_lc_numeric                          0x080078b5   Thumb Code    44  lc_numeric_c.o(locale$$code)
    _get_lc_ctype                            0x080078e1   Thumb Code    44  lc_ctype_c.o(locale$$code)
    _fp_init                                 0x0800790d   Thumb Code    26  fpinit.o(x$fpl$fpinit)
    __fplib_config_fpu_vfp                   0x08007925   Thumb Code     0  fpinit.o(x$fpl$fpinit)
    __fplib_config_pureend_doubles           0x08007925   Thumb Code     0  fpinit.o(x$fpl$fpinit)
    _printf_fp_dec                           0x08007927   Thumb Code     4  printf1.o(x$fpl$printf1)
    _printf_fp_hex                           0x0800792b   Thumb Code     4  printf2.o(x$fpl$printf2)
    __I$use$fp                               0x0800792e   Number         0  usenofp.o(x$fpl$usenofp)
    D1CorePrescTable                         0x08007a38   Data          16  system_stm32h7xx.o(.rodata.D1CorePrescTable)
    UARTPrescTable                           0x08007a48   Data          24  stm32h7xx_hal_uart.o(.rodata.UARTPrescTable)
    Region$$Table$$Base                      0x08007a70   Number         0  anon$$obj.o(Region$$Table)
    Region$$Table$$Limit                     0x08007a90   Number         0  anon$$obj.o(Region$$Table)
    __ctype                                  0x08007ab9   Data           0  lc_ctype_c.o(locale$$data)
    uwTickFreq                               0x24000000   Data           1  stm32h7xx_hal.o(.data..L_MergedGlobals)
    uwTickPrio                               0x24000004   Data           4  stm32h7xx_hal.o(.data..L_MergedGlobals)
    SystemCoreClock                          0x24000008   Data           4  system_stm32h7xx.o(.data..L_MergedGlobals)
    SystemD2Clock                            0x2400000c   Data           4  system_stm32h7xx.o(.data..L_MergedGlobals)
    __libspace_start                         0x24000010   Data          96  libspace.o(.bss)
    M_1                                      0x24000070   Data           4  motor.o(.bss..L_MergedGlobals)
    __temporary_stack_top$libspace           0x24000070   Data           0  libspace.o(.bss)
    M_2                                      0x24000074   Data           4  motor.o(.bss..L_MergedGlobals)
    M_3                                      0x24000078   Data           4  motor.o(.bss..L_MergedGlobals)
    left_tar                                 0x24000088   Data           1  motor_control.o(.bss..L_MergedGlobals)
    right_tar                                0x24000089   Data           1  motor_control.o(.bss..L_MergedGlobals)
    gun_tar                                  0x2400008a   Data           1  motor_control.o(.bss..L_MergedGlobals)
    left_cur                                 0x2400008b   Data           1  motor_control.o(.bss..L_MergedGlobals)
    right_cur                                0x2400008c   Data           1  motor_control.o(.bss..L_MergedGlobals)
    gun_cur                                  0x2400008d   Data           1  motor_control.o(.bss..L_MergedGlobals)
    turn_cnt                                 0x24000090   Data           1  turn.o(.bss..L_MergedGlobals)
    turn_init_flag                           0x24000091   Data           1  turn.o(.bss..L_MergedGlobals)
    angle                                    0x24000094   Data           4  turn.o(.bss..L_MergedGlobals)
    origin                                   0x24000098   Data           4  turn.o(.bss..L_MergedGlobals)
    hi2c1                                    0x2400009c   Data          84  i2c.o(.bss.hi2c1)
    htim1                                    0x240000f0   Data          76  tim.o(.bss.htim1)
    htim2                                    0x2400013c   Data          76  tim.o(.bss.htim2)
    htim3                                    0x24000188   Data          76  tim.o(.bss.htim3)
    htim4                                    0x240001d4   Data          76  tim.o(.bss.htim4)
    htim5                                    0x24000220   Data          76  tim.o(.bss.htim5)
    huart1                                   0x2400026c   Data         148  usart.o(.bss.huart1)
    huart2                                   0x24000300   Data         148  usart.o(.bss.huart2)
    huart3                                   0x24000394   Data         148  usart.o(.bss.huart3)
    huart4                                   0x24000428   Data         148  usart.o(.bss.huart4)
    straight_L                               0x240004bc   Data           2  straight.o(.bss.straight_L)
    straight_flag                            0x240004be   Data           1  motor_control.o(.bss.straight_flag)
    turn_flag                                0x240004bf   Data           1  motor_control.o(.bss.turn_flag)
    uwTick                                   0x24000578   Data           4  stm32h7xx_hal.o(.bss.uwTick)



==============================================================================

Memory Map of the image

  Image Entry point : 0x08000299

  Load Region LR_IROM1 (Base: 0x08000000, Size: 0x00007bd0, Max: 0x00020000, ABSOLUTE)

    Execution Region ER_IROM1 (Exec base: 0x08000000, Load base: 0x08000000, Size: 0x00007bbc, Max: 0x00020000, ABSOLUTE)

    Exec Addr    Load Addr    Size         Type   Attr      Idx    E Section Name        Object

    0x08000000   0x08000000   0x00000298   Data   RO            3    RESET               startup_stm32h750xx.o
    0x08000298   0x08000298   0x00000008   Code   RO         1658  * !!!main             c_w.l(__main.o)
    0x080002a0   0x080002a0   0x00000034   Code   RO         2055    !!!scatter          c_w.l(__scatter.o)
    0x080002d4   0x080002d4   0x0000001a   Code   RO         2057    !!handler_copy      c_w.l(__scatter_copy.o)
    0x080002ee   0x080002ee   0x00000002   PAD
    0x080002f0   0x080002f0   0x0000001c   Code   RO         2059    !!handler_zi        c_w.l(__scatter_zi.o)
    0x0800030c   0x0800030c   0x00000000   Code   RO         1777    .ARM.Collect$$_printf_percent$$00000000  c_w.l(_printf_percent.o)
    0x0800030c   0x0800030c   0x00000006   Code   RO         1766    .ARM.Collect$$_printf_percent$$00000001  c_w.l(_printf_n.o)
    0x08000312   0x08000312   0x00000006   Code   RO         1768    .ARM.Collect$$_printf_percent$$00000002  c_w.l(_printf_p.o)
    0x08000318   0x08000318   0x00000006   Code   RO         1773    .ARM.Collect$$_printf_percent$$00000003  c_w.l(_printf_f.o)
    0x0800031e   0x0800031e   0x00000006   Code   RO         1774    .ARM.Collect$$_printf_percent$$00000004  c_w.l(_printf_e.o)
    0x08000324   0x08000324   0x00000006   Code   RO         1775    .ARM.Collect$$_printf_percent$$00000005  c_w.l(_printf_g.o)
    0x0800032a   0x0800032a   0x00000006   Code   RO         1776    .ARM.Collect$$_printf_percent$$00000006  c_w.l(_printf_a.o)
    0x08000330   0x08000330   0x0000000a   Code   RO         1781    .ARM.Collect$$_printf_percent$$00000007  c_w.l(_printf_ll.o)
    0x0800033a   0x0800033a   0x00000006   Code   RO         1770    .ARM.Collect$$_printf_percent$$00000008  c_w.l(_printf_i.o)
    0x08000340   0x08000340   0x00000006   Code   RO         1771    .ARM.Collect$$_printf_percent$$00000009  c_w.l(_printf_d.o)
    0x08000346   0x08000346   0x00000006   Code   RO         1772    .ARM.Collect$$_printf_percent$$0000000A  c_w.l(_printf_u.o)
    0x0800034c   0x0800034c   0x00000006   Code   RO         1769    .ARM.Collect$$_printf_percent$$0000000B  c_w.l(_printf_o.o)
    0x08000352   0x08000352   0x00000006   Code   RO         1767    .ARM.Collect$$_printf_percent$$0000000C  c_w.l(_printf_x.o)
    0x08000358   0x08000358   0x00000006   Code   RO         1778    .ARM.Collect$$_printf_percent$$0000000D  c_w.l(_printf_lli.o)
    0x0800035e   0x0800035e   0x00000006   Code   RO         1779    .ARM.Collect$$_printf_percent$$0000000E  c_w.l(_printf_lld.o)
    0x08000364   0x08000364   0x00000006   Code   RO         1780    .ARM.Collect$$_printf_percent$$0000000F  c_w.l(_printf_llu.o)
    0x0800036a   0x0800036a   0x00000006   Code   RO         1785    .ARM.Collect$$_printf_percent$$00000010  c_w.l(_printf_llo.o)
    0x08000370   0x08000370   0x00000006   Code   RO         1786    .ARM.Collect$$_printf_percent$$00000011  c_w.l(_printf_llx.o)
    0x08000376   0x08000376   0x0000000a   Code   RO         1782    .ARM.Collect$$_printf_percent$$00000012  c_w.l(_printf_l.o)
    0x08000380   0x08000380   0x00000006   Code   RO         1764    .ARM.Collect$$_printf_percent$$00000013  c_w.l(_printf_c.o)
    0x08000386   0x08000386   0x00000006   Code   RO         1765    .ARM.Collect$$_printf_percent$$00000014  c_w.l(_printf_s.o)
    0x0800038c   0x0800038c   0x00000006   Code   RO         1783    .ARM.Collect$$_printf_percent$$00000015  c_w.l(_printf_lc.o)
    0x08000392   0x08000392   0x00000006   Code   RO         1784    .ARM.Collect$$_printf_percent$$00000016  c_w.l(_printf_ls.o)
    0x08000398   0x08000398   0x00000004   Code   RO         1895    .ARM.Collect$$_printf_percent$$00000017  c_w.l(_printf_percent_end.o)
    0x0800039c   0x0800039c   0x00000002   Code   RO         1976    .ARM.Collect$$libinit$$00000000  c_w.l(libinit.o)
    0x0800039e   0x0800039e   0x00000004   Code   RO         1791    .ARM.Collect$$libinit$$00000001  c_w.l(libinit2.o)
    0x080003a2   0x080003a2   0x00000000   Code   RO         1794    .ARM.Collect$$libinit$$00000004  c_w.l(libinit2.o)
    0x080003a2   0x080003a2   0x00000000   Code   RO         1796    .ARM.Collect$$libinit$$00000006  c_w.l(libinit2.o)
    0x080003a2   0x080003a2   0x00000008   Code   RO         1797    .ARM.Collect$$libinit$$00000007  c_w.l(libinit2.o)
    0x080003aa   0x080003aa   0x00000000   Code   RO         1799    .ARM.Collect$$libinit$$0000000C  c_w.l(libinit2.o)
    0x080003aa   0x080003aa   0x00000000   Code   RO         1801    .ARM.Collect$$libinit$$0000000E  c_w.l(libinit2.o)
    0x080003aa   0x080003aa   0x00000000   Code   RO         1803    .ARM.Collect$$libinit$$00000010  c_w.l(libinit2.o)
    0x080003aa   0x080003aa   0x00000006   Code   RO         1804    .ARM.Collect$$libinit$$00000011  c_w.l(libinit2.o)
    0x080003b0   0x080003b0   0x00000000   Code   RO         1806    .ARM.Collect$$libinit$$00000013  c_w.l(libinit2.o)
    0x080003b0   0x080003b0   0x0000000c   Code   RO         1807    .ARM.Collect$$libinit$$00000014  c_w.l(libinit2.o)
    0x080003bc   0x080003bc   0x00000000   Code   RO         1808    .ARM.Collect$$libinit$$00000015  c_w.l(libinit2.o)
    0x080003bc   0x080003bc   0x00000000   Code   RO         1810    .ARM.Collect$$libinit$$00000017  c_w.l(libinit2.o)
    0x080003bc   0x080003bc   0x0000000a   Code   RO         1811    .ARM.Collect$$libinit$$00000018  c_w.l(libinit2.o)
    0x080003c6   0x080003c6   0x00000000   Code   RO         1812    .ARM.Collect$$libinit$$00000019  c_w.l(libinit2.o)
    0x080003c6   0x080003c6   0x00000000   Code   RO         1814    .ARM.Collect$$libinit$$0000001B  c_w.l(libinit2.o)
    0x080003c6   0x080003c6   0x00000000   Code   RO         1816    .ARM.Collect$$libinit$$0000001D  c_w.l(libinit2.o)
    0x080003c6   0x080003c6   0x00000000   Code   RO         1818    .ARM.Collect$$libinit$$0000001F  c_w.l(libinit2.o)
    0x080003c6   0x080003c6   0x00000000   Code   RO         1820    .ARM.Collect$$libinit$$00000021  c_w.l(libinit2.o)
    0x080003c6   0x080003c6   0x00000000   Code   RO         1822    .ARM.Collect$$libinit$$00000023  c_w.l(libinit2.o)
    0x080003c6   0x080003c6   0x00000000   Code   RO         1824    .ARM.Collect$$libinit$$00000025  c_w.l(libinit2.o)
    0x080003c6   0x080003c6   0x00000000   Code   RO         1826    .ARM.Collect$$libinit$$00000027  c_w.l(libinit2.o)
    0x080003c6   0x080003c6   0x00000000   Code   RO         1830    .ARM.Collect$$libinit$$0000002E  c_w.l(libinit2.o)
    0x080003c6   0x080003c6   0x00000000   Code   RO         1832    .ARM.Collect$$libinit$$00000030  c_w.l(libinit2.o)
    0x080003c6   0x080003c6   0x00000000   Code   RO         1834    .ARM.Collect$$libinit$$00000032  c_w.l(libinit2.o)
    0x080003c6   0x080003c6   0x00000000   Code   RO         1836    .ARM.Collect$$libinit$$00000034  c_w.l(libinit2.o)
    0x080003c6   0x080003c6   0x00000002   Code   RO         1837    .ARM.Collect$$libinit$$00000035  c_w.l(libinit2.o)
    0x080003c8   0x080003c8   0x00000002   Code   RO         2052    .ARM.Collect$$libshutdown$$00000000  c_w.l(libshutdown.o)
    0x080003ca   0x080003ca   0x00000000   Code   RO         2006    .ARM.Collect$$libshutdown$$00000002  c_w.l(libshutdown2.o)
    0x080003ca   0x080003ca   0x00000000   Code   RO         2008    .ARM.Collect$$libshutdown$$00000004  c_w.l(libshutdown2.o)
    0x080003ca   0x080003ca   0x00000000   Code   RO         2011    .ARM.Collect$$libshutdown$$00000007  c_w.l(libshutdown2.o)
    0x080003ca   0x080003ca   0x00000000   Code   RO         2014    .ARM.Collect$$libshutdown$$0000000A  c_w.l(libshutdown2.o)
    0x080003ca   0x080003ca   0x00000000   Code   RO         2016    .ARM.Collect$$libshutdown$$0000000C  c_w.l(libshutdown2.o)
    0x080003ca   0x080003ca   0x00000000   Code   RO         2019    .ARM.Collect$$libshutdown$$0000000F  c_w.l(libshutdown2.o)
    0x080003ca   0x080003ca   0x00000002   Code   RO         2020    .ARM.Collect$$libshutdown$$00000010  c_w.l(libshutdown2.o)
    0x080003cc   0x080003cc   0x00000000   Code   RO         1662    .ARM.Collect$$rtentry$$00000000  c_w.l(__rtentry.o)
    0x080003cc   0x080003cc   0x00000000   Code   RO         1854    .ARM.Collect$$rtentry$$00000002  c_w.l(__rtentry2.o)
    0x080003cc   0x080003cc   0x00000006   Code   RO         1866    .ARM.Collect$$rtentry$$00000004  c_w.l(__rtentry4.o)
    0x080003d2   0x080003d2   0x00000000   Code   RO         1856    .ARM.Collect$$rtentry$$00000009  c_w.l(__rtentry2.o)
    0x080003d2   0x080003d2   0x00000004   Code   RO         1857    .ARM.Collect$$rtentry$$0000000A  c_w.l(__rtentry2.o)
    0x080003d6   0x080003d6   0x00000000   Code   RO         1859    .ARM.Collect$$rtentry$$0000000C  c_w.l(__rtentry2.o)
    0x080003d6   0x080003d6   0x00000008   Code   RO         1860    .ARM.Collect$$rtentry$$0000000D  c_w.l(__rtentry2.o)
    0x080003de   0x080003de   0x00000002   Code   RO         1986    .ARM.Collect$$rtexit$$00000000  c_w.l(rtexit.o)
    0x080003e0   0x080003e0   0x00000000   Code   RO         2026    .ARM.Collect$$rtexit$$00000002  c_w.l(rtexit2.o)
    0x080003e0   0x080003e0   0x00000004   Code   RO         2027    .ARM.Collect$$rtexit$$00000003  c_w.l(rtexit2.o)
    0x080003e4   0x080003e4   0x00000006   Code   RO         2028    .ARM.Collect$$rtexit$$00000004  c_w.l(rtexit2.o)
    0x080003ea   0x080003ea   0x00000002   PAD
    0x080003ec   0x080003ec   0x00000040   Code   RO            4    .text               startup_stm32h750xx.o
    0x0800042c   0x0800042c   0x0000005e   Code   RO         1596    .text               c_w.l(h1_alloc.o)
    0x0800048a   0x0800048a   0x000000f0   Code   RO         1650    .text               c_w.l(lludivv7m.o)
    0x0800057a   0x0800057a   0x00000002   PAD
    0x0800057c   0x0800057c   0x0000003c   Code   RO         1652    .text               c_w.l(vsnprintf.o)
    0x080005b8   0x080005b8   0x0000004e   Code   RO         1654    .text               c_w.l(rt_memclr_w.o)
    0x08000606   0x08000606   0x00000006   Code   RO         1656    .text               c_w.l(heapauxi.o)
    0x0800060c   0x0800060c   0x00000008   Code   RO         1670    .text               c_w.l(rt_heap_descriptor_intlibspace.o)
    0x08000614   0x08000614   0x00000004   Code   RO         1672    .text               c_w.l(hguard.o)
    0x08000618   0x08000618   0x0000008a   Code   RO         1674    .text               c_w.l(init_alloc.o)
    0x080006a2   0x080006a2   0x0000000e   Code   RO         1680    .text               c_w.l(h1_init.o)
    0x080006b0   0x080006b0   0x0000004e   Code   RO         1682    .text               c_w.l(h1_free.o)
    0x080006fe   0x080006fe   0x0000004e   Code   RO         1698    .text               c_w.l(_printf_pad.o)
    0x0800074c   0x0800074c   0x00000024   Code   RO         1700    .text               c_w.l(_printf_truncate.o)
    0x08000770   0x08000770   0x00000052   Code   RO         1702    .text               c_w.l(_printf_str.o)
    0x080007c2   0x080007c2   0x00000002   PAD
    0x080007c4   0x080007c4   0x00000078   Code   RO         1704    .text               c_w.l(_printf_dec.o)
    0x0800083c   0x0800083c   0x00000028   Code   RO         1706    .text               c_w.l(_printf_charcount.o)
    0x08000864   0x08000864   0x00000030   Code   RO         1708    .text               c_w.l(_printf_char_common.o)
    0x08000894   0x08000894   0x00000010   Code   RO         1710    .text               c_w.l(_snputc.o)
    0x080008a4   0x080008a4   0x000000bc   Code   RO         1712    .text               c_w.l(_printf_wctomb.o)
    0x08000960   0x08000960   0x0000007c   Code   RO         1715    .text               c_w.l(_printf_longlong_dec.o)
    0x080009dc   0x080009dc   0x00000070   Code   RO         1721    .text               c_w.l(_printf_oct_int_ll.o)
    0x08000a4c   0x08000a4c   0x00000094   Code   RO         1741    .text               c_w.l(_printf_hex_int_ll_ptr.o)
    0x08000ae0   0x08000ae0   0x00000188   Code   RO         1761    .text               c_w.l(__printf_flags_ss_wp.o)
    0x08000c68   0x08000c68   0x00000008   Code   RO         1850    .text               c_w.l(libspace.o)
    0x08000c70   0x08000c70   0x00000000   Code   RO         1872    .text               c_w.l(maybetermalloc1.o)
    0x08000c70   0x08000c70   0x00000034   Code   RO         1874    .text               c_w.l(h1_extend.o)
    0x08000ca4   0x08000ca4   0x0000008a   Code   RO         1878    .text               c_w.l(lludiv10.o)
    0x08000d2e   0x08000d2e   0x000000b2   Code   RO         1880    .text               c_w.l(_printf_intcommon.o)
    0x08000de0   0x08000de0   0x0000041c   Code   RO         1882    .text               c_w.l(_printf_fp_dec.o)
    0x080011fc   0x080011fc   0x000002fc   Code   RO         1886    .text               c_w.l(_printf_fp_hex.o)
    0x080014f8   0x080014f8   0x0000002c   Code   RO         1891    .text               c_w.l(_printf_char.o)
    0x08001524   0x08001524   0x0000002c   Code   RO         1893    .text               c_w.l(_printf_wchar.o)
    0x08001550   0x08001550   0x00000048   Code   RO         1896    .text               c_w.l(_c16rtomb.o)
    0x08001598   0x08001598   0x0000000e   Code   RO         1898    .text               c_w.l(defsig_rtmem_outer.o)
    0x080015a6   0x080015a6   0x00000002   Code   RO         1909    .text               c_w.l(use_no_semi.o)
    0x080015a8   0x080015a8   0x00000000   Code   RO         1911    .text               c_w.l(indicate_semi.o)
    0x080015a8   0x080015a8   0x0000004a   Code   RO         1912    .text               c_w.l(sys_stackheap_outer.o)
    0x080015f2   0x080015f2   0x00000002   PAD
    0x080015f4   0x080015f4   0x00000010   Code   RO         1914    .text               c_w.l(rt_ctype_table.o)
    0x08001604   0x08001604   0x00000008   Code   RO         1921    .text               c_w.l(rt_locale_intlibspace.o)
    0x0800160c   0x0800160c   0x00000080   Code   RO         1925    .text               c_w.l(_printf_fp_infnan.o)
    0x0800168c   0x0800168c   0x000000e4   Code   RO         1927    .text               c_w.l(bigflt0.o)
    0x08001770   0x08001770   0x00000012   Code   RO         1957    .text               c_w.l(exit.o)
    0x08001782   0x08001782   0x0000000a   Code   RO         1959    .text               c_w.l(defsig_exit.o)
    0x0800178c   0x0800178c   0x00000050   Code   RO         1965    .text               c_w.l(defsig_rtmem_inner.o)
    0x080017dc   0x080017dc   0x0000000c   Code   RO         1982    .text               c_w.l(sys_exit.o)
    0x080017e8   0x080017e8   0x00000032   Code   RO         1999    .text               c_w.l(defsig_general.o)
    0x0800181a   0x0800181a   0x00000006   PAD
    0x08001820   0x08001820   0x0000007c   Code   RO         2003    .text               c_w.l(strcmpv7m_pel.o)
    0x0800189c   0x0800189c   0x0000000e   Code   RO         2021    .text               c_w.l(sys_wrch.o)
    0x080018aa   0x080018aa   0x00000006   PAD
    0x080018b0   0x080018b0   0x00000002   Code   RO          115    .text.BusFault_Handler  stm32h7xx_it.o
    0x080018b2   0x080018b2   0x00000006   PAD
    0x080018b8   0x080018b8   0x00000002   Code   RO          121    .text.DebugMon_Handler  stm32h7xx_it.o
    0x080018ba   0x080018ba   0x00000006   PAD
    0x080018c0   0x080018c0   0x0000000a   Code   RO           17    .text.Error_Handler  main.o
    0x080018ca   0x080018ca   0x00000006   PAD
    0x080018d0   0x080018d0   0x000000ac   Code   RO         1522    .text.Get_gyr_value  gy901.o
    0x0800197c   0x0800197c   0x00000004   PAD
    0x08001980   0x08001980   0x00000028   Code   RO          837    .text.HAL_Delay     stm32h7xx_hal.o
    0x080019a8   0x080019a8   0x000001aa   Code   RO          525    .text.HAL_GPIO_Init  stm32h7xx_hal_gpio.o
    0x08001b52   0x08001b52   0x00000006   PAD
    0x08001b58   0x08001b58   0x0000000a   Code   RO          531    .text.HAL_GPIO_WritePin  stm32h7xx_hal_gpio.o
    0x08001b62   0x08001b62   0x00000006   PAD
    0x08001b68   0x08001b68   0x0000000e   Code   RO          845    .text.HAL_GetREVID  stm32h7xx_hal.o
    0x08001b76   0x08001b76   0x00000002   PAD
    0x08001b78   0x08001b78   0x0000000c   Code   RO          829    .text.HAL_GetTick   stm32h7xx_hal.o
    0x08001b84   0x08001b84   0x00000004   PAD
    0x08001b88   0x08001b88   0x0000004a   Code   RO          344    .text.HAL_I2CEx_ConfigAnalogFilter  stm32h7xx_hal_i2c_ex.o
    0x08001bd2   0x08001bd2   0x00000006   PAD
    0x08001bd8   0x08001bd8   0x00000048   Code   RO          346    .text.HAL_I2CEx_ConfigDigitalFilter  stm32h7xx_hal_i2c_ex.o
    0x08001c20   0x08001c20   0x000000a2   Code   RO          192    .text.HAL_I2C_Init  stm32h7xx_hal_i2c.o
    0x08001cc2   0x08001cc2   0x00000006   PAD
    0x08001cc8   0x08001cc8   0x00000228   Code   RO          252    .text.HAL_I2C_Mem_Read  stm32h7xx_hal_i2c.o
    0x08001ef0   0x08001ef0   0x00000086   Code   RO           39    .text.HAL_I2C_MspInit  i2c.o
    0x08001f76   0x08001f76   0x00000002   PAD
    0x08001f78   0x08001f78   0x0000001a   Code   RO          827    .text.HAL_IncTick   stm32h7xx_hal.o
    0x08001f92   0x08001f92   0x00000006   PAD
    0x08001f98   0x08001f98   0x00000064   Code   RO          817    .text.HAL_Init      stm32h7xx_hal.o
    0x08001ffc   0x08001ffc   0x00000004   PAD
    0x08002000   0x08002000   0x0000004c   Code   RO          819    .text.HAL_InitTick  stm32h7xx_hal.o
    0x0800204c   0x0800204c   0x00000004   PAD
    0x08002050   0x08002050   0x00000020   Code   RO          136    .text.HAL_MspInit   stm32h7xx_hal_msp.o
    0x08002070   0x08002070   0x00000022   Code   RO          148    .text.HAL_NVIC_EnableIRQ  stm32h7xx_hal_cortex.o
    0x08002092   0x08002092   0x00000006   PAD
    0x08002098   0x08002098   0x0000005a   Code   RO          146    .text.HAL_NVIC_SetPriority  stm32h7xx_hal_cortex.o
    0x080020f2   0x080020f2   0x00000006   PAD
    0x080020f8   0x080020f8   0x00000020   Code   RO          144    .text.HAL_NVIC_SetPriorityGrouping  stm32h7xx_hal_cortex.o
    0x08002118   0x08002118   0x0000004c   Code   RO          729    .text.HAL_PWREx_ConfigSupply  stm32h7xx_hal_pwr_ex.o
    0x08002164   0x08002164   0x00000004   PAD
    0x08002168   0x08002168   0x00000026   Code   RO          416    .text.HAL_RCCEx_GetD3PCLK1Freq  stm32h7xx_hal_rcc_ex.o
    0x0800218e   0x0800218e   0x00000002   PAD
    0x08002190   0x08002190   0x0000012c   Code   RO          412    .text.HAL_RCCEx_GetPLL2ClockFreq  stm32h7xx_hal_rcc_ex.o
    0x080022bc   0x080022bc   0x00000004   PAD
    0x080022c0   0x080022c0   0x0000012c   Code   RO          414    .text.HAL_RCCEx_GetPLL3ClockFreq  stm32h7xx_hal_rcc_ex.o
    0x080023ec   0x080023ec   0x00000004   PAD
    0x080023f0   0x080023f0   0x00000b3c   Code   RO          400    .text.HAL_RCCEx_PeriphCLKConfig  stm32h7xx_hal_rcc_ex.o
    0x08002f2c   0x08002f2c   0x00000004   PAD
    0x08002f30   0x08002f30   0x00000268   Code   RO          368    .text.HAL_RCC_ClockConfig  stm32h7xx_hal_rcc.o
    0x08003198   0x08003198   0x0000004c   Code   RO          378    .text.HAL_RCC_GetHCLKFreq  stm32h7xx_hal_rcc.o
    0x080031e4   0x080031e4   0x00000004   PAD
    0x080031e8   0x080031e8   0x00000060   Code   RO          380    .text.HAL_RCC_GetPCLK1Freq  stm32h7xx_hal_rcc.o
    0x08003248   0x08003248   0x00000060   Code   RO          382    .text.HAL_RCC_GetPCLK2Freq  stm32h7xx_hal_rcc.o
    0x080032a8   0x080032a8   0x00000118   Code   RO          370    .text.HAL_RCC_GetSysClockFreq  stm32h7xx_hal_rcc.o
    0x080033c0   0x080033c0   0x00000560   Code   RO          366    .text.HAL_RCC_OscConfig  stm32h7xx_hal_rcc.o
    0x08003920   0x08003920   0x0000002e   Code   RO          156    .text.HAL_SYSTICK_Config  stm32h7xx_hal_cortex.o
    0x0800394e   0x0800394e   0x00000002   PAD
    0x08003950   0x08003950   0x00000002   Code   RO         1262    .text.HAL_TIMEx_Break2Callback  stm32h7xx_hal_tim_ex.o
    0x08003952   0x08003952   0x00000006   PAD
    0x08003958   0x08003958   0x00000002   Code   RO         1260    .text.HAL_TIMEx_BreakCallback  stm32h7xx_hal_tim_ex.o
    0x0800395a   0x0800395a   0x00000006   PAD
    0x08003960   0x08003960   0x00000002   Code   RO         1256    .text.HAL_TIMEx_CommutCallback  stm32h7xx_hal_tim_ex.o
    0x08003962   0x08003962   0x00000006   PAD
    0x08003968   0x08003968   0x000000ca   Code   RO         1244    .text.HAL_TIMEx_MasterConfigSynchronization  stm32h7xx_hal_tim_ex.o
    0x08003a32   0x08003a32   0x00000006   PAD
    0x08003a38   0x08003a38   0x00000060   Code   RO          949    .text.HAL_TIM_Base_Init  stm32h7xx_hal_tim.o
    0x08003a98   0x08003a98   0x0000006c   Code   RO           66    .text.HAL_TIM_Base_MspInit  tim.o
    0x08003b04   0x08003b04   0x00000004   PAD
    0x08003b08   0x08003b08   0x000000b4   Code   RO          963    .text.HAL_TIM_Base_Start_IT  stm32h7xx_hal_tim.o
    0x08003bbc   0x08003bbc   0x00000004   PAD
    0x08003bc0   0x08003bc0   0x000001fc   Code   RO         1129    .text.HAL_TIM_ConfigClockSource  stm32h7xx_hal_tim.o
    0x08003dbc   0x08003dbc   0x00000004   PAD
    0x08003dc0   0x08003dc0   0x000000b8   Code   RO         1063    .text.HAL_TIM_Encoder_Init  stm32h7xx_hal_tim.o
    0x08003e78   0x08003e78   0x000000f2   Code   RO           64    .text.HAL_TIM_Encoder_MspInit  tim.o
    0x08003f6a   0x08003f6a   0x00000006   PAD
    0x08003f70   0x08003f70   0x000000bc   Code   RO         1071    .text.HAL_TIM_Encoder_Start  stm32h7xx_hal_tim.o
    0x0800402c   0x0800402c   0x00000004   PAD
    0x08004030   0x08004030   0x00000002   Code   RO         1085    .text.HAL_TIM_IC_CaptureCallback  stm32h7xx_hal_tim.o
    0x08004032   0x08004032   0x00000006   PAD
    0x08004038   0x08004038   0x0000018c   Code   RO         1083    .text.HAL_TIM_IRQHandler  stm32h7xx_hal_tim.o
    0x080041c4   0x080041c4   0x00000004   PAD
    0x080041c8   0x080041c8   0x00000002   Code   RO         1087    .text.HAL_TIM_OC_DelayElapsedCallback  stm32h7xx_hal_tim.o
    0x080041ca   0x080041ca   0x00000006   PAD
    0x080041d0   0x080041d0   0x000004be   Code   RO         1103    .text.HAL_TIM_PWM_ConfigChannel  stm32h7xx_hal_tim.o
    0x0800468e   0x0800468e   0x00000002   PAD
    0x08004690   0x08004690   0x00000060   Code   RO         1003    .text.HAL_TIM_PWM_Init  stm32h7xx_hal_tim.o
    0x080046f0   0x080046f0   0x00000002   Code   RO         1005    .text.HAL_TIM_PWM_MspInit  stm32h7xx_hal_tim.o
    0x080046f2   0x080046f2   0x00000006   PAD
    0x080046f8   0x080046f8   0x00000002   Code   RO         1089    .text.HAL_TIM_PWM_PulseFinishedCallback  stm32h7xx_hal_tim.o
    0x080046fa   0x080046fa   0x00000006   PAD
    0x08004700   0x08004700   0x0000018c   Code   RO         1011    .text.HAL_TIM_PWM_Start  stm32h7xx_hal_tim.o
    0x0800488c   0x0800488c   0x00000004   PAD
    0x08004890   0x08004890   0x00000004   Code   RO           11    .text.HAL_TIM_PeriodElapsedCallback  main.o
    0x08004894   0x08004894   0x00000004   PAD
    0x08004898   0x08004898   0x00000002   Code   RO         1093    .text.HAL_TIM_TriggerCallback  stm32h7xx_hal_tim.o
    0x0800489a   0x0800489a   0x00000006   PAD
    0x080048a0   0x080048a0   0x00000036   Code   RO         1439    .text.HAL_UARTEx_DisableFifoMode  stm32h7xx_hal_uart_ex.o
    0x080048d6   0x080048d6   0x00000002   PAD
    0x080048d8   0x080048d8   0x00000090   Code   RO         1443    .text.HAL_UARTEx_SetRxFifoThreshold  stm32h7xx_hal_uart_ex.o
    0x08004968   0x08004968   0x00000090   Code   RO         1441    .text.HAL_UARTEx_SetTxFifoThreshold  stm32h7xx_hal_uart_ex.o
    0x080049f8   0x080049f8   0x00000066   Code   RO         1276    .text.HAL_UART_Init  stm32h7xx_hal_uart.o
    0x08004a5e   0x08004a5e   0x00000002   PAD
    0x08004a60   0x08004a60   0x000001ac   Code   RO           93    .text.HAL_UART_MspInit  usart.o
    0x08004c0c   0x08004c0c   0x00000004   PAD
    0x08004c10   0x08004c10   0x000000ce   Code   RO         1296    .text.HAL_UART_Transmit  stm32h7xx_hal_uart.o
    0x08004cde   0x08004cde   0x00000002   PAD
    0x08004ce0   0x08004ce0   0x00000002   Code   RO          111    .text.HardFault_Handler  stm32h7xx_it.o
    0x08004ce2   0x08004ce2   0x00000006   PAD
    0x08004ce8   0x08004ce8   0x00000160   Code   RO          334    .text.I2C_IsErrorOccurred  stm32h7xx_hal_i2c.o
    0x08004e48   0x08004e48   0x000000ec   Code   RO          202    .text.I2C_WaitOnFlagUntilTimeout  stm32h7xx_hal_i2c.o
    0x08004f34   0x08004f34   0x00000004   PAD
    0x08004f38   0x08004f38   0x0000007c   Code   RO          206    .text.I2C_WaitOnSTOPFlagUntilTimeout  stm32h7xx_hal_i2c.o
    0x08004fb4   0x08004fb4   0x00000004   PAD
    0x08004fb8   0x08004fb8   0x00000094   Code   RO          204    .text.I2C_WaitOnTXISFlagUntilTimeout  stm32h7xx_hal_i2c.o
    0x0800504c   0x0800504c   0x00000004   PAD
    0x08005050   0x08005050   0x000000d4   Code   RO           28    .text.MX_GPIO_Init  gpio.o
    0x08005124   0x08005124   0x00000004   PAD
    0x08005128   0x08005128   0x0000006a   Code   RO           37    .text.MX_I2C1_Init  i2c.o
    0x08005192   0x08005192   0x00000006   PAD
    0x08005198   0x08005198   0x0000006a   Code   RO           52    .text.MX_TIM1_Init  tim.o
    0x08005202   0x08005202   0x00000006   PAD
    0x08005208   0x08005208   0x00000060   Code   RO           54    .text.MX_TIM2_Init  tim.o
    0x08005268   0x08005268   0x00000064   Code   RO           56    .text.MX_TIM3_Init  tim.o
    0x080052cc   0x080052cc   0x00000004   PAD
    0x080052d0   0x080052d0   0x00000126   Code   RO           58    .text.MX_TIM4_Init  tim.o
    0x080053f6   0x080053f6   0x00000002   PAD
    0x080053f8   0x080053f8   0x00000076   Code   RO           62    .text.MX_TIM5_Init  tim.o
    0x0800546e   0x0800546e   0x00000002   PAD
    0x08005470   0x08005470   0x0000007c   Code   RO           85    .text.MX_UART4_Init  usart.o
    0x080054ec   0x080054ec   0x00000004   PAD
    0x080054f0   0x080054f0   0x0000007c   Code   RO           87    .text.MX_USART1_UART_Init  usart.o
    0x0800556c   0x0800556c   0x00000004   PAD
    0x08005570   0x08005570   0x0000007c   Code   RO           89    .text.MX_USART2_UART_Init  usart.o
    0x080055ec   0x080055ec   0x00000004   PAD
    0x080055f0   0x080055f0   0x0000007c   Code   RO           91    .text.MX_USART3_UART_Init  usart.o
    0x0800566c   0x0800566c   0x00000004   PAD
    0x08005670   0x08005670   0x00000002   Code   RO          113    .text.MemManage_Handler  stm32h7xx_it.o
    0x08005672   0x08005672   0x00000006   PAD
    0x08005678   0x08005678   0x00000002   Code   RO          109    .text.NMI_Handler   stm32h7xx_it.o
    0x0800567a   0x0800567a   0x00000006   PAD
    0x08005680   0x08005680   0x00000002   Code   RO          123    .text.PendSV_Handler  stm32h7xx_it.o
    0x08005682   0x08005682   0x00000006   PAD
    0x08005688   0x08005688   0x00000122   Code   RO          402    .text.RCCEx_PLL2_Config  stm32h7xx_hal_rcc_ex.o
    0x080057aa   0x080057aa   0x00000006   PAD
    0x080057b0   0x080057b0   0x00000122   Code   RO          404    .text.RCCEx_PLL3_Config  stm32h7xx_hal_rcc_ex.o
    0x080058d2   0x080058d2   0x00000006   PAD
    0x080058d8   0x080058d8   0x00000002   Code   RO          119    .text.SVC_Handler   stm32h7xx_it.o
    0x080058da   0x080058da   0x00000006   PAD
    0x080058e0   0x080058e0   0x00000004   Code   RO          125    .text.SysTick_Handler  stm32h7xx_it.o
    0x080058e4   0x080058e4   0x00000004   PAD
    0x080058e8   0x080058e8   0x000000e0   Code   RO           15    .text.SystemClock_Config  main.o
    0x080059c8   0x080059c8   0x000000cc   Code   RO         1462    .text.SystemInit    system_stm32h7xx.o
    0x08005a94   0x08005a94   0x00000004   PAD
    0x08005a98   0x08005a98   0x0000000c   Code   RO          127    .text.TIM5_IRQHandler  stm32h7xx_it.o
    0x08005aa4   0x08005aa4   0x00000004   PAD
    0x08005aa8   0x08005aa8   0x00000158   Code   RO          953    .text.TIM_Base_SetConfig  stm32h7xx_hal_tim.o
    0x08005c00   0x08005c00   0x000000e0   Code   RO         1282    .text.UART_AdvFeatureConfig  stm32h7xx_hal_uart.o
    0x08005ce0   0x08005ce0   0x00000176   Code   RO         1284    .text.UART_CheckIdleState  stm32h7xx_hal_uart.o
    0x08005e56   0x08005e56   0x00000002   PAD
    0x08005e58   0x08005e58   0x000004b4   Code   RO         1280    .text.UART_SetConfig  stm32h7xx_hal_uart.o
    0x0800630c   0x0800630c   0x00000004   PAD
    0x08006310   0x08006310   0x000002ea   Code   RO         1298    .text.UART_WaitOnFlagUntilTimeout  stm32h7xx_hal_uart.o
    0x080065fa   0x080065fa   0x00000006   PAD
    0x08006600   0x08006600   0x00000002   Code   RO          117    .text.UsageFault_Handler  stm32h7xx_it.o
    0x08006602   0x08006602   0x00000006   PAD
    0x08006608   0x08006608   0x00000056   Code   RO         1493    .text.initPID       pid.o
    0x0800665e   0x0800665e   0x00000002   PAD
    0x08006660   0x08006660   0x000002a0   Code   RO           13    .text.main          main.o
    0x08006900   0x08006900   0x00000040   Code   RO         1531    .text.motor_driver  motor_control.o
    0x08006940   0x08006940   0x00000028   Code   RO         1478    .text.motor_getSpeed  motor.o
    0x08006968   0x08006968   0x0000011c   Code   RO         1476    .text.motor_init    motor.o
    0x08006a84   0x08006a84   0x00000004   PAD
    0x08006a88   0x08006a88   0x0000016e   Code   RO         1482    .text.motor_setSpeed  motor.o
    0x08006bf6   0x08006bf6   0x00000002   PAD
    0x08006bf8   0x08006bf8   0x0000009c   Code   RO         1546    .text.pid_inc       pid_yuan.o
    0x08006c94   0x08006c94   0x00000004   PAD
    0x08006c98   0x08006c98   0x00000024   Code   RO         1542    .text.pid_init      pid_yuan.o
    0x08006cbc   0x08006cbc   0x00000004   PAD
    0x08006cc0   0x08006cc0   0x00000060   Code   RO         1513    .text.printTo       printto.o
    0x08006d20   0x08006d20   0x0000018c   Code   RO         1503    .text.returnPID     pid.o
    0x08006eac   0x08006eac   0x00000004   PAD
    0x08006eb0   0x08006eb0   0x00000018   Code   RO         1558    .text.start_straight  straight.o
    0x08006ec8   0x08006ec8   0x00000020   Code   RO         1579    .text.start_turn    turn.o
    0x08006ee8   0x08006ee8   0x0000007a   Code   RO         1560    .text.straight      straight.o
    0x08006f62   0x08006f62   0x00000006   PAD
    0x08006f68   0x08006f68   0x0000017c   Code   RO         1577    .text.turn          turn.o
    0x080070e4   0x080070e4   0x0000003e   Code   RO         1930    CL$$btod_d2e        c_w.l(btod.o)
    0x08007122   0x08007122   0x00000046   Code   RO         1932    CL$$btod_d2e_denorm_low  c_w.l(btod.o)
    0x08007168   0x08007168   0x00000060   Code   RO         1931    CL$$btod_d2e_norm_op1  c_w.l(btod.o)
    0x080071c8   0x080071c8   0x00000338   Code   RO         1940    CL$$btod_div_common  c_w.l(btod.o)
    0x08007500   0x08007500   0x000000dc   Code   RO         1937    CL$$btod_e2e        c_w.l(btod.o)
    0x080075dc   0x080075dc   0x0000002a   Code   RO         1934    CL$$btod_ediv       c_w.l(btod.o)
    0x08007606   0x08007606   0x0000002a   Code   RO         1933    CL$$btod_emul       c_w.l(btod.o)
    0x08007630   0x08007630   0x00000244   Code   RO         1939    CL$$btod_mult_common  c_w.l(btod.o)
    0x08007874   0x08007874   0x00000030   Code   RO         1980    i.__ARM_fpclassify  m_wv.l(fpclassify.o)
    0x080078a4   0x080078a4   0x0000000e   Code   RO         1754    i._is_digit         c_w.l(__printf_wp.o)
    0x080078b2   0x080078b2   0x00000002   PAD
    0x080078b4   0x080078b4   0x0000002c   Code   RO         1955    locale$$code        c_w.l(lc_numeric_c.o)
    0x080078e0   0x080078e0   0x0000002c   Code   RO         1995    locale$$code        c_w.l(lc_ctype_c.o)
    0x0800790c   0x0800790c   0x0000001a   Code   RO         1907    x$fpl$fpinit        fz_wv.l(fpinit.o)
    0x08007926   0x08007926   0x00000004   Code   RO         1838    x$fpl$printf1       fz_wv.l(printf1.o)
    0x0800792a   0x0800792a   0x00000004   Code   RO         1840    x$fpl$printf2       fz_wv.l(printf2.o)
    0x0800792e   0x0800792e   0x00000000   Code   RO         1979    x$fpl$usenofp       fz_wv.l(usenofp.o)
    0x0800792e   0x0800792e   0x00000002   PAD
    0x08007930   0x08007930   0x00000008   Data   RO         1713    .constdata          c_w.l(_printf_wctomb.o)
    0x08007938   0x08007938   0x00000028   Data   RO         1742    .constdata          c_w.l(_printf_hex_int_ll_ptr.o)
    0x08007960   0x08007960   0x00000011   Data   RO         1762    .constdata          c_w.l(__printf_flags_ss_wp.o)
    0x08007971   0x08007971   0x00000026   Data   RO         1887    .constdata          c_w.l(_printf_fp_hex.o)
    0x08007997   0x08007997   0x00000001   PAD
    0x08007998   0x08007998   0x00000094   Data   RO         1928    .constdata          c_w.l(bigflt0.o)
    0x08007a2c   0x08007a2c   0x00000006   Data   RO         1411    .rodata..Lswitch.table.UART_SetConfig.5  stm32h7xx_hal_uart.o
    0x08007a32   0x08007a32   0x00000006   Data   RO         1412    .rodata..Lswitch.table.UART_SetConfig.7  stm32h7xx_hal_uart.o
    0x08007a38   0x08007a38   0x00000010   Data   RO         1466    .rodata.D1CorePrescTable  system_stm32h7xx.o
    0x08007a48   0x08007a48   0x00000018   Data   RO         1410    .rodata.UARTPrescTable  stm32h7xx_hal_uart.o
    0x08007a60   0x08007a60   0x00000010   Data   RO         1453    .rodata.cst8        stm32h7xx_hal_uart_ex.o
    0x08007a70   0x08007a70   0x00000020   Data   RO         2054    Region$$Table       anon$$obj.o
    0x08007a90   0x08007a90   0x0000001c   Data   RO         1954    locale$$data        c_w.l(lc_numeric_c.o)
    0x08007aac   0x08007aac   0x00000110   Data   RO         1994    locale$$data        c_w.l(lc_ctype_c.o)


    Execution Region RW_IRAM1 (Exec base: 0x20000000, Load base: 0x08007bbc, Size: 0x00000000, Max: 0x00020000, ABSOLUTE)

    **** No section assigned to this execution region ****


    Execution Region RW_IRAM2 (Exec base: 0x24000000, Load base: 0x08007bc0, Size: 0x00000b80, Max: 0x00080000, ABSOLUTE)

    Exec Addr    Load Addr    Size         Type   Attr      Idx    E Section Name        Object

    0x24000000   0x08007bc0   0x00000008   Data   RW          914    .data..L_MergedGlobals  stm32h7xx_hal.o
    0x24000008   0x08007bc8   0x00000008   Data   RW         1467    .data..L_MergedGlobals  system_stm32h7xx.o
    0x24000010        -       0x00000060   Zero   RW         1851    .bss                c_w.l(libspace.o)
    0x24000070        -       0x00000018   Zero   RW         1484    .bss..L_MergedGlobals  motor.o
    0x24000088        -       0x00000006   Zero   RW         1535    .bss..L_MergedGlobals  motor_control.o
    0x2400008e   0x08007bd0   0x00000002   PAD
    0x24000090        -       0x0000000c   Zero   RW         1584    .bss..L_MergedGlobals  turn.o
    0x2400009c        -       0x00000054   Zero   RW           43    .bss.hi2c1          i2c.o
    0x240000f0        -       0x0000004c   Zero   RW           72    .bss.htim1          tim.o
    0x2400013c        -       0x0000004c   Zero   RW           73    .bss.htim2          tim.o
    0x24000188        -       0x0000004c   Zero   RW           74    .bss.htim3          tim.o
    0x240001d4        -       0x0000004c   Zero   RW           75    .bss.htim4          tim.o
    0x24000220        -       0x0000004c   Zero   RW           76    .bss.htim5          tim.o
    0x2400026c        -       0x00000094   Zero   RW           98    .bss.huart1         usart.o
    0x24000300        -       0x00000094   Zero   RW           99    .bss.huart2         usart.o
    0x24000394        -       0x00000094   Zero   RW          100    .bss.huart3         usart.o
    0x24000428        -       0x00000094   Zero   RW           97    .bss.huart4         usart.o
    0x240004bc        -       0x00000002   Zero   RW         1562    .bss.straight_L     straight.o
    0x240004be        -       0x00000001   Zero   RW         1534    .bss.straight_flag  motor_control.o
    0x240004bf        -       0x00000001   Zero   RW         1533    .bss.turn_flag      motor_control.o
    0x240004c0        -       0x000000b8   Zero   RW         1582    .bss.turn_head_data  turn.o
    0x24000578        -       0x00000004   Zero   RW          913    .bss.uwTick         stm32h7xx_hal.o
    0x2400057c   0x08007bd0   0x00000004   PAD
    0x24000580        -       0x00000200   Zero   RW            2    HEAP                startup_stm32h750xx.o
    0x24000780        -       0x00000400   Zero   RW            1    STACK               startup_stm32h750xx.o


==============================================================================

Image component sizes


      Code (inc. data)   RO Data    RW Data    ZI Data      Debug   Object Name

       212          0          0          0          0       2995   gpio.o
       172         20          0          0          0       1827   gy901.o
       240          0          0          0         84       8121   i2c.o
       910          8          0          0          0       7944   main.o
       690         16          0          0         24       3899   motor.o
        64          0          0          0          8        996   motor_control.o
       482          8          0          0          0       4137   pid.o
       192          8          0          0          0       2203   pid_yuan.o
        96         16          0          0          0       1482   printto.o
        64         26        664          0       1536        832   startup_stm32h750xx.o
       268          0          0          8          4      14982   stm32h7xx_hal.o
       202          0          0          0          0      12277   stm32h7xx_hal_cortex.o
       436          0          0          0          0       6942   stm32h7xx_hal_gpio.o
      1574          0          0          0          0      58647   stm32h7xx_hal_i2c.o
       146          0          0          0          0       7623   stm32h7xx_hal_i2c_ex.o
        32          0          0          0          0       2211   stm32h7xx_hal_msp.o
        76          0          0          0          0      10572   stm32h7xx_hal_pwr_ex.o
      2540         16          0          0          0      11711   stm32h7xx_hal_rcc.o
      4094        146          0          0          0      20262   stm32h7xx_hal_rcc_ex.o
      3612         22          0          0          0      64450   stm32h7xx_hal_tim.o
       208          0          0          0          0      25436   stm32h7xx_hal_tim_ex.o
      2856        332         36          0          0      42607   stm32h7xx_hal_uart.o
       342          0         16          0          0      11586   stm32h7xx_hal_uart_ex.o
        32          0          0          0          0       4975   stm32h7xx_it.o
       146          0          0          0          2        810   straight.o
       204          0         16          8          0       5902   system_stm32h7xx.o
      1064          0          0          0        380      12975   tim.o
       412         40          0          0        196       3286   turn.o
       924          0          0          0        592       9203   usart.o

    ----------------------------------------------------------------------
     22644        686        764         16       2832     360893   Object Totals
         0          0         32          0          0          0   (incl. Generated)
       354         28          0          0          6          0   (incl. Padding)

    ----------------------------------------------------------------------

      Code (inc. data)   RO Data    RW Data    ZI Data      Debug   Library Member Name

         8          0          0          0          0         68   __main.o
       392          4         17          0          0         92   __printf_flags_ss_wp.o
        14          0          0          0          0         68   __printf_wp.o
         0          0          0          0          0          0   __rtentry.o
        12          0          0          0          0          0   __rtentry2.o
         6          0          0          0          0          0   __rtentry4.o
        52          8          0          0          0          0   __scatter.o
        26          0          0          0          0          0   __scatter_copy.o
        28          0          0          0          0          0   __scatter_zi.o
        72          0          0          0          0         96   _c16rtomb.o
         6          0          0          0          0          0   _printf_a.o
         6          0          0          0          0          0   _printf_c.o
        44          0          0          0          0        108   _printf_char.o
        48          6          0          0          0         96   _printf_char_common.o
        40          0          0          0          0         68   _printf_charcount.o
         6          0          0          0          0          0   _printf_d.o
       120         16          0          0          0         92   _printf_dec.o
         6          0          0          0          0          0   _printf_e.o
         6          0          0          0          0          0   _printf_f.o
      1052          0          0          0          0        148   _printf_fp_dec.o
       764          8         38          0          0        100   _printf_fp_hex.o
       128         16          0          0          0         84   _printf_fp_infnan.o
         6          0          0          0          0          0   _printf_g.o
       148          4         40          0          0        160   _printf_hex_int_ll_ptr.o
         6          0          0          0          0          0   _printf_i.o
       178          0          0          0          0         88   _printf_intcommon.o
        10          0          0          0          0          0   _printf_l.o
         6          0          0          0          0          0   _printf_lc.o
        10          0          0          0          0          0   _printf_ll.o
         6          0          0          0          0          0   _printf_lld.o
         6          0          0          0          0          0   _printf_lli.o
         6          0          0          0          0          0   _printf_llo.o
         6          0          0          0          0          0   _printf_llu.o
         6          0          0          0          0          0   _printf_llx.o
       124         16          0          0          0         92   _printf_longlong_dec.o
         6          0          0          0          0          0   _printf_ls.o
         6          0          0          0          0          0   _printf_n.o
         6          0          0          0          0          0   _printf_o.o
       112          8          0          0          0        124   _printf_oct_int_ll.o
         6          0          0          0          0          0   _printf_p.o
        78          0          0          0          0        108   _printf_pad.o
         0          0          0          0          0          0   _printf_percent.o
         4          0          0          0          0          0   _printf_percent_end.o
         6          0          0          0          0          0   _printf_s.o
        82          0          0          0          0         80   _printf_str.o
        36          0          0          0          0         84   _printf_truncate.o
         6          0          0          0          0          0   _printf_u.o
        44          0          0          0          0        108   _printf_wchar.o
       188          6          8          0          0         92   _printf_wctomb.o
         6          0          0          0          0          0   _printf_x.o
        16          0          0          0          0         68   _snputc.o
       228          4        148          0          0         96   bigflt0.o
      1936        128          0          0          0        668   btod.o
        10          0          0          0          0         68   defsig_exit.o
        50          0          0          0          0         88   defsig_general.o
        80         58          0          0          0         76   defsig_rtmem_inner.o
        14          0          0          0          0         80   defsig_rtmem_outer.o
        18          0          0          0          0         80   exit.o
        94          0          0          0          0         80   h1_alloc.o
        52          0          0          0          0         68   h1_extend.o
        78          0          0          0          0         80   h1_free.o
        14          0          0          0          0         84   h1_init.o
         6          0          0          0          0        152   heapauxi.o
         4          0          0          0          0        136   hguard.o
         0          0          0          0          0          0   indicate_semi.o
       138          0          0          0          0        168   init_alloc.o
        44         10        272          0          0         76   lc_ctype_c.o
        44         10         28          0          0         76   lc_numeric_c.o
         2          0          0          0          0          0   libinit.o
        42          0          0          0          0          0   libinit2.o
         2          0          0          0          0          0   libshutdown.o
         2          0          0          0          0          0   libshutdown2.o
         8          4          0          0         96         68   libspace.o
       138          0          0          0          0         80   lludiv10.o
       240          0          0          0          0        100   lludivv7m.o
         0          0          0          0          0          0   maybetermalloc1.o
        16          4          0          0          0         76   rt_ctype_table.o
         8          4          0          0          0         68   rt_heap_descriptor_intlibspace.o
         8          4          0          0          0         68   rt_locale_intlibspace.o
        78          0          0          0          0         80   rt_memclr_w.o
         2          0          0          0          0          0   rtexit.o
        10          0          0          0          0          0   rtexit2.o
       124          0          0          0          0         88   strcmpv7m_pel.o
        12          4          0          0          0         68   sys_exit.o
        74          0          0          0          0         80   sys_stackheap_outer.o
        14          0          0          0          0         76   sys_wrch.o
         2          0          0          0          0         68   use_no_semi.o
        60          4          0          0          0         80   vsnprintf.o
        26          0          0          0          0        116   fpinit.o
         4          0          0          0          0        116   printf1.o
         4          0          0          0          0        116   printf2.o
         0          0          0          0          0          0   usenofp.o
        48          0          0          0          0        124   fpclassify.o

    ----------------------------------------------------------------------
      7716        326        552          0         96       5572   Library Totals
        26          0          1          0          0          0   (incl. Padding)

    ----------------------------------------------------------------------

      Code (inc. data)   RO Data    RW Data    ZI Data      Debug   Library Name

      7608        326        551          0         96       5100   c_w.l
        34          0          0          0          0        348   fz_wv.l
        48          0          0          0          0        124   m_wv.l

    ----------------------------------------------------------------------
      7716        326        552          0         96       5572   Library Totals

    ----------------------------------------------------------------------

==============================================================================


      Code (inc. data)   RO Data    RW Data    ZI Data      Debug   

     30360       1012       1316         16       2928     362917   Grand Totals
     30360       1012       1316         16       2928     362917   ELF Image Totals
     30360       1012       1316         16          0          0   ROM Totals

==============================================================================

    Total RO  Size (Code + RO Data)                31676 (  30.93kB)
    Total RW  Size (RW Data + ZI Data)              2944 (   2.88kB)
    Total ROM Size (Code + RO Data + RW Data)      31692 (  30.95kB)

==============================================================================

